<?xml version="1.0" encoding="ISO-8859-1" ?>
<link_info>
   <banner>TI ARM Linker PC v20.2.7.LTS</banner>
   <copyright>Copyright (c) 1996-2018 Texas Instruments Incorporated</copyright>
   <link_time>0x6613f568</link_time>
   <link_errors>0x0</link_errors>
   <output_file>Assignment_6_2.out</output_file>
   <entry_point>
      <name>_c_int00_noargs</name>
      <address>0x2591</address>
   </entry_point>
   <input_file_list>
      <input_file id="fl-2">
         <path>.\</path>
         <kind>object</kind>
         <file>file.obj</file>
         <name>file.obj</name>
      </input_file>
      <input_file id="fl-3">
         <path>.\</path>
         <kind>object</kind>
         <file>gpio.obj</file>
         <name>gpio.obj</name>
      </input_file>
      <input_file id="fl-4">
         <path>.\</path>
         <kind>object</kind>
         <file>key.obj</file>
         <name>key.obj</name>
      </input_file>
      <input_file id="fl-5">
         <path>.\</path>
         <kind>object</kind>
         <file>lcd.obj</file>
         <name>lcd.obj</name>
      </input_file>
      <input_file id="fl-6">
         <path>.\</path>
         <kind>object</kind>
         <file>main.obj</file>
         <name>main.obj</name>
      </input_file>
      <input_file id="fl-7">
         <path>.\</path>
         <kind>object</kind>
         <file>rtc.obj</file>
         <name>rtc.obj</name>
      </input_file>
      <input_file id="fl-8">
         <path>.\</path>
         <kind>object</kind>
         <file>rtcs.obj</file>
         <name>rtcs.obj</name>
      </input_file>
      <input_file id="fl-9">
         <path>.\</path>
         <kind>object</kind>
         <file>string.obj</file>
         <name>string.obj</name>
      </input_file>
      <input_file id="fl-a">
         <path>.\</path>
         <kind>object</kind>
         <file>systick.obj</file>
         <name>systick.obj</name>
      </input_file>
      <input_file id="fl-b">
         <path>.\</path>
         <kind>object</kind>
         <file>tm4c123gh6pm_startup_ccs.obj</file>
         <name>tm4c123gh6pm_startup_ccs.obj</name>
      </input_file>
      <input_file id="fl-c">
         <path>.\</path>
         <kind>object</kind>
         <file>uart.obj</file>
         <name>uart.obj</name>
      </input_file>
      <input_file id="fl-d">
         <path>.\</path>
         <kind>object</kind>
         <file>ui.obj</file>
         <name>ui.obj</name>
      </input_file>
      <input_file id="fl-11">
         <kind>object</kind>
         <file>&lt;internal&gt;</file>
         <name>&lt;internal&gt;</name>
      </input_file>
      <input_file id="fl-c7">
         <path>C:\Users\Andreas Skeem\ccs\tools\compiler\ti-cgt-arm_20.2.7.LTS\lib\</path>
         <kind>archive</kind>
         <file>rtsv7M4_T_le_v4SPD16_eabi.lib</file>
         <name>fgetc.c.obj</name>
      </input_file>
      <input_file id="fl-c8">
         <path>C:\Users\Andreas Skeem\ccs\tools\compiler\ti-cgt-arm_20.2.7.LTS\lib\</path>
         <kind>archive</kind>
         <file>rtsv7M4_T_le_v4SPD16_eabi.lib</file>
         <name>_bufread.c.obj</name>
      </input_file>
      <input_file id="fl-c9">
         <path>C:\Users\Andreas Skeem\ccs\tools\compiler\ti-cgt-arm_20.2.7.LTS\lib\</path>
         <kind>archive</kind>
         <file>rtsv7M4_T_le_v4SPD16_eabi.lib</file>
         <name>_io_perm.c.obj</name>
      </input_file>
      <input_file id="fl-ca">
         <path>C:\Users\Andreas Skeem\ccs\tools\compiler\ti-cgt-arm_20.2.7.LTS\lib\</path>
         <kind>archive</kind>
         <file>rtsv7M4_T_le_v4SPD16_eabi.lib</file>
         <name>setvbuf.c.obj</name>
      </input_file>
      <input_file id="fl-cb">
         <path>C:\Users\Andreas Skeem\ccs\tools\compiler\ti-cgt-arm_20.2.7.LTS\lib\</path>
         <kind>archive</kind>
         <file>rtsv7M4_T_le_v4SPD16_eabi.lib</file>
         <name>memcpy_t2.asm.obj</name>
      </input_file>
      <input_file id="fl-cc">
         <path>C:\Users\Andreas Skeem\ccs\tools\compiler\ti-cgt-arm_20.2.7.LTS\lib\</path>
         <kind>archive</kind>
         <file>rtsv7M4_T_le_v4SPD16_eabi.lib</file>
         <name>u_divt2.asm.obj</name>
      </input_file>
      <input_file id="fl-cd">
         <path>C:\Users\Andreas Skeem\ccs\tools\compiler\ti-cgt-arm_20.2.7.LTS\lib\</path>
         <kind>archive</kind>
         <file>rtsv7M4_T_le_v4SPD16_eabi.lib</file>
         <name>copy_zero_init.c.obj</name>
      </input_file>
      <input_file id="fl-ce">
         <path>C:\Users\Andreas Skeem\ccs\tools\compiler\ti-cgt-arm_20.2.7.LTS\lib\</path>
         <kind>archive</kind>
         <file>rtsv7M4_T_le_v4SPD16_eabi.lib</file>
         <name>copy_decompress_none.c.obj</name>
      </input_file>
      <input_file id="fl-cf">
         <path>C:\Users\Andreas Skeem\ccs\tools\compiler\ti-cgt-arm_20.2.7.LTS\lib\</path>
         <kind>archive</kind>
         <file>rtsv7M4_T_le_v4SPD16_eabi.lib</file>
         <name>copy_decompress_lzss.c.obj</name>
      </input_file>
      <input_file id="fl-d0">
         <path>C:\Users\Andreas Skeem\ccs\tools\compiler\ti-cgt-arm_20.2.7.LTS\lib\</path>
         <kind>archive</kind>
         <file>rtsv7M4_T_le_v4SPD16_eabi.lib</file>
         <name>exit.c.obj</name>
      </input_file>
      <input_file id="fl-d1">
         <path>C:\Users\Andreas Skeem\ccs\tools\compiler\ti-cgt-arm_20.2.7.LTS\lib\</path>
         <kind>archive</kind>
         <file>rtsv7M4_T_le_v4SPD16_eabi.lib</file>
         <name>_lock.c.obj</name>
      </input_file>
      <input_file id="fl-d2">
         <path>C:\Users\Andreas Skeem\ccs\tools\compiler\ti-cgt-arm_20.2.7.LTS\lib\</path>
         <kind>archive</kind>
         <file>rtsv7M4_T_le_v4SPD16_eabi.lib</file>
         <name>defs.c.obj</name>
      </input_file>
      <input_file id="fl-d3">
         <path>C:\Users\Andreas Skeem\ccs\tools\compiler\ti-cgt-arm_20.2.7.LTS\lib\</path>
         <kind>archive</kind>
         <file>rtsv7M4_T_le_v4SPD16_eabi.lib</file>
         <name>memory.c.obj</name>
      </input_file>
      <input_file id="fl-d4">
         <path>C:\Users\Andreas Skeem\ccs\tools\compiler\ti-cgt-arm_20.2.7.LTS\lib\</path>
         <kind>archive</kind>
         <file>rtsv7M4_T_le_v4SPD16_eabi.lib</file>
         <name>boot_cortex_m.c.obj</name>
      </input_file>
      <input_file id="fl-d5">
         <path>C:\Users\Andreas Skeem\ccs\tools\compiler\ti-cgt-arm_20.2.7.LTS\lib\</path>
         <kind>archive</kind>
         <file>rtsv7M4_T_le_v4SPD16_eabi.lib</file>
         <name>read.c.obj</name>
      </input_file>
      <input_file id="fl-d6">
         <path>C:\Users\Andreas Skeem\ccs\tools\compiler\ti-cgt-arm_20.2.7.LTS\lib\</path>
         <kind>archive</kind>
         <file>rtsv7M4_T_le_v4SPD16_eabi.lib</file>
         <name>fflush.c.obj</name>
      </input_file>
      <input_file id="fl-d7">
         <path>C:\Users\Andreas Skeem\ccs\tools\compiler\ti-cgt-arm_20.2.7.LTS\lib\</path>
         <kind>archive</kind>
         <file>rtsv7M4_T_le_v4SPD16_eabi.lib</file>
         <name>fopen.c.obj</name>
      </input_file>
      <input_file id="fl-d8">
         <path>C:\Users\Andreas Skeem\ccs\tools\compiler\ti-cgt-arm_20.2.7.LTS\lib\</path>
         <kind>archive</kind>
         <file>rtsv7M4_T_le_v4SPD16_eabi.lib</file>
         <name>fseek.c.obj</name>
      </input_file>
      <input_file id="fl-d9">
         <path>C:\Users\Andreas Skeem\ccs\tools\compiler\ti-cgt-arm_20.2.7.LTS\lib\</path>
         <kind>archive</kind>
         <file>rtsv7M4_T_le_v4SPD16_eabi.lib</file>
         <name>div0.asm.obj</name>
      </input_file>
      <input_file id="fl-da">
         <path>C:\Users\Andreas Skeem\ccs\tools\compiler\ti-cgt-arm_20.2.7.LTS\lib\</path>
         <kind>archive</kind>
         <file>rtsv7M4_T_le_v4SPD16_eabi.lib</file>
         <name>memset_t2.asm.obj</name>
      </input_file>
      <input_file id="fl-db">
         <path>C:\Users\Andreas Skeem\ccs\tools\compiler\ti-cgt-arm_20.2.7.LTS\lib\</path>
         <kind>archive</kind>
         <file>rtsv7M4_T_le_v4SPD16_eabi.lib</file>
         <name>autoinit.c.obj</name>
      </input_file>
      <input_file id="fl-dc">
         <path>C:\Users\Andreas Skeem\ccs\tools\compiler\ti-cgt-arm_20.2.7.LTS\lib\</path>
         <kind>archive</kind>
         <file>rtsv7M4_T_le_v4SPD16_eabi.lib</file>
         <name>pre_init.c.obj</name>
      </input_file>
      <input_file id="fl-dd">
         <path>C:\Users\Andreas Skeem\ccs\tools\compiler\ti-cgt-arm_20.2.7.LTS\lib\</path>
         <kind>archive</kind>
         <file>rtsv7M4_T_le_v4SPD16_eabi.lib</file>
         <name>cpy_tbl.c.obj</name>
      </input_file>
      <input_file id="fl-de">
         <path>C:\Users\Andreas Skeem\ccs\tools\compiler\ti-cgt-arm_20.2.7.LTS\lib\</path>
         <kind>archive</kind>
         <file>rtsv7M4_T_le_v4SPD16_eabi.lib</file>
         <name>args_main.c.obj</name>
      </input_file>
      <input_file id="fl-df">
         <path>C:\Users\Andreas Skeem\ccs\tools\compiler\ti-cgt-arm_20.2.7.LTS\lib\</path>
         <kind>archive</kind>
         <file>rtsv7M4_T_le_v4SPD16_eabi.lib</file>
         <name>write.c.obj</name>
      </input_file>
      <input_file id="fl-e0">
         <path>C:\Users\Andreas Skeem\ccs\tools\compiler\ti-cgt-arm_20.2.7.LTS\lib\</path>
         <kind>archive</kind>
         <file>rtsv7M4_T_le_v4SPD16_eabi.lib</file>
         <name>host_device.c.obj</name>
      </input_file>
      <input_file id="fl-e1">
         <path>C:\Users\Andreas Skeem\ccs\tools\compiler\ti-cgt-arm_20.2.7.LTS\lib\</path>
         <kind>archive</kind>
         <file>rtsv7M4_T_le_v4SPD16_eabi.lib</file>
         <name>open.c.obj</name>
      </input_file>
      <input_file id="fl-e2">
         <path>C:\Users\Andreas Skeem\ccs\tools\compiler\ti-cgt-arm_20.2.7.LTS\lib\</path>
         <kind>archive</kind>
         <file>rtsv7M4_T_le_v4SPD16_eabi.lib</file>
         <name>lseek.c.obj</name>
      </input_file>
      <input_file id="fl-e3">
         <path>C:\Users\Andreas Skeem\ccs\tools\compiler\ti-cgt-arm_20.2.7.LTS\lib\</path>
         <kind>archive</kind>
         <file>rtsv7M4_T_le_v4SPD16_eabi.lib</file>
         <name>fclose.c.obj</name>
      </input_file>
      <input_file id="fl-e4">
         <path>C:\Users\Andreas Skeem\ccs\tools\compiler\ti-cgt-arm_20.2.7.LTS\lib\</path>
         <kind>archive</kind>
         <file>rtsv7M4_T_le_v4SPD16_eabi.lib</file>
         <name>getdevice.c.obj</name>
      </input_file>
      <input_file id="fl-e5">
         <path>C:\Users\Andreas Skeem\ccs\tools\compiler\ti-cgt-arm_20.2.7.LTS\lib\</path>
         <kind>archive</kind>
         <file>rtsv7M4_T_le_v4SPD16_eabi.lib</file>
         <name>strchr.c.obj</name>
      </input_file>
      <input_file id="fl-e6">
         <path>C:\Users\Andreas Skeem\ccs\tools\compiler\ti-cgt-arm_20.2.7.LTS\lib\</path>
         <kind>archive</kind>
         <file>rtsv7M4_T_le_v4SPD16_eabi.lib</file>
         <name>strcmp.c.obj</name>
      </input_file>
      <input_file id="fl-e7">
         <path>C:\Users\Andreas Skeem\ccs\tools\compiler\ti-cgt-arm_20.2.7.LTS\lib\</path>
         <kind>archive</kind>
         <file>rtsv7M4_T_le_v4SPD16_eabi.lib</file>
         <name>strncpy.c.obj</name>
      </input_file>
      <input_file id="fl-e8">
         <path>C:\Users\Andreas Skeem\ccs\tools\compiler\ti-cgt-arm_20.2.7.LTS\lib\</path>
         <kind>archive</kind>
         <file>rtsv7M4_T_le_v4SPD16_eabi.lib</file>
         <name>hostclose.c.obj</name>
      </input_file>
      <input_file id="fl-e9">
         <path>C:\Users\Andreas Skeem\ccs\tools\compiler\ti-cgt-arm_20.2.7.LTS\lib\</path>
         <kind>archive</kind>
         <file>rtsv7M4_T_le_v4SPD16_eabi.lib</file>
         <name>hostlseek.c.obj</name>
      </input_file>
      <input_file id="fl-ea">
         <path>C:\Users\Andreas Skeem\ccs\tools\compiler\ti-cgt-arm_20.2.7.LTS\lib\</path>
         <kind>archive</kind>
         <file>rtsv7M4_T_le_v4SPD16_eabi.lib</file>
         <name>hostopen.c.obj</name>
      </input_file>
      <input_file id="fl-eb">
         <path>C:\Users\Andreas Skeem\ccs\tools\compiler\ti-cgt-arm_20.2.7.LTS\lib\</path>
         <kind>archive</kind>
         <file>rtsv7M4_T_le_v4SPD16_eabi.lib</file>
         <name>hostread.c.obj</name>
      </input_file>
      <input_file id="fl-ec">
         <path>C:\Users\Andreas Skeem\ccs\tools\compiler\ti-cgt-arm_20.2.7.LTS\lib\</path>
         <kind>archive</kind>
         <file>rtsv7M4_T_le_v4SPD16_eabi.lib</file>
         <name>hostrename.c.obj</name>
      </input_file>
      <input_file id="fl-ed">
         <path>C:\Users\Andreas Skeem\ccs\tools\compiler\ti-cgt-arm_20.2.7.LTS\lib\</path>
         <kind>archive</kind>
         <file>rtsv7M4_T_le_v4SPD16_eabi.lib</file>
         <name>hostunlink.c.obj</name>
      </input_file>
      <input_file id="fl-ee">
         <path>C:\Users\Andreas Skeem\ccs\tools\compiler\ti-cgt-arm_20.2.7.LTS\lib\</path>
         <kind>archive</kind>
         <file>rtsv7M4_T_le_v4SPD16_eabi.lib</file>
         <name>hostwrite.c.obj</name>
      </input_file>
      <input_file id="fl-ef">
         <path>C:\Users\Andreas Skeem\ccs\tools\compiler\ti-cgt-arm_20.2.7.LTS\lib\</path>
         <kind>archive</kind>
         <file>rtsv7M4_T_le_v4SPD16_eabi.lib</file>
         <name>trgmsg.c.obj</name>
      </input_file>
      <input_file id="fl-f0">
         <path>C:\Users\Andreas Skeem\ccs\tools\compiler\ti-cgt-arm_20.2.7.LTS\lib\</path>
         <kind>archive</kind>
         <file>rtsv7M4_T_le_v4SPD16_eabi.lib</file>
         <name>remove.c.obj</name>
      </input_file>
      <input_file id="fl-f1">
         <path>C:\Users\Andreas Skeem\ccs\tools\compiler\ti-cgt-arm_20.2.7.LTS\lib\</path>
         <kind>archive</kind>
         <file>rtsv7M4_T_le_v4SPD16_eabi.lib</file>
         <name>close.c.obj</name>
      </input_file>
      <input_file id="fl-f2">
         <path>C:\Users\Andreas Skeem\ccs\tools\compiler\ti-cgt-arm_20.2.7.LTS\lib\</path>
         <kind>archive</kind>
         <file>rtsv7M4_T_le_v4SPD16_eabi.lib</file>
         <name>strcpy.c.obj</name>
      </input_file>
      <input_file id="fl-f3">
         <path>C:\Users\Andreas Skeem\ccs\tools\compiler\ti-cgt-arm_20.2.7.LTS\lib\</path>
         <kind>archive</kind>
         <file>rtsv7M4_T_le_v4SPD16_eabi.lib</file>
         <name>strlen.c.obj</name>
      </input_file>
      <input_file id="fl-f4">
         <path>C:\Users\Andreas Skeem\ccs\tools\compiler\ti-cgt-arm_20.2.7.LTS\lib\</path>
         <kind>archive</kind>
         <file>rtsv7M4_T_le_v4SPD16_eabi.lib</file>
         <name>unlink.c.obj</name>
      </input_file>
   </input_file_list>
   <object_component_list>
      <object_component id="oc-12">
         <name>.intvecs</name>
         <load_address>0x0</load_address>
         <run_address>0x0</run_address>
         <size>0x26c</size>
         <input_file_ref idref="fl-b"/>
      </object_component>
      <object_component id="oc-f6">
         <name>.text</name>
         <load_address>0x26c</load_address>
         <run_address>0x26c</run_address>
         <size>0x5f0</size>
         <input_file_ref idref="fl-8"/>
      </object_component>
      <object_component id="oc-178">
         <name>.text</name>
         <load_address>0x85c</load_address>
         <run_address>0x85c</run_address>
         <size>0x514</size>
         <input_file_ref idref="fl-9"/>
      </object_component>
      <object_component id="oc-102">
         <name>.text</name>
         <load_address>0xd70</load_address>
         <run_address>0xd70</run_address>
         <size>0x348</size>
         <input_file_ref idref="fl-5"/>
      </object_component>
      <object_component id="oc-ea">
         <name>.text</name>
         <load_address>0x10b8</load_address>
         <run_address>0x10b8</run_address>
         <size>0x230</size>
         <input_file_ref idref="fl-c"/>
      </object_component>
      <object_component id="oc-108">
         <name>.text</name>
         <load_address>0x12e8</load_address>
         <run_address>0x12e8</run_address>
         <size>0x1c8</size>
         <input_file_ref idref="fl-d"/>
      </object_component>
      <object_component id="oc-10e">
         <name>.text</name>
         <load_address>0x14b0</load_address>
         <run_address>0x14b0</run_address>
         <size>0x17c</size>
         <input_file_ref idref="fl-4"/>
      </object_component>
      <object_component id="oc-fc">
         <name>.text</name>
         <load_address>0x162c</load_address>
         <run_address>0x162c</run_address>
         <size>0x16c</size>
         <input_file_ref idref="fl-7"/>
      </object_component>
      <object_component id="oc-2a7">
         <name>.text:aligned_alloc</name>
         <load_address>0x1798</load_address>
         <run_address>0x1798</run_address>
         <size>0x100</size>
         <input_file_ref idref="fl-d3"/>
      </object_component>
      <object_component id="oc-261">
         <name>.text:free</name>
         <load_address>0x1898</load_address>
         <run_address>0x1898</run_address>
         <size>0xe4</size>
         <input_file_ref idref="fl-d3"/>
      </object_component>
      <object_component id="oc-240">
         <name>.text:setvbuf</name>
         <load_address>0x197c</load_address>
         <run_address>0x197c</run_address>
         <size>0xdc</size>
         <input_file_ref idref="fl-ca"/>
      </object_component>
      <object_component id="oc-f0">
         <name>.text</name>
         <load_address>0x1a58</load_address>
         <run_address>0x1a58</run_address>
         <size>0xc8</size>
         <input_file_ref idref="fl-2"/>
      </object_component>
      <object_component id="oc-21e">
         <name>.text:__TI_buff_read</name>
         <load_address>0x1b20</load_address>
         <run_address>0x1b20</run_address>
         <size>0x9c</size>
         <input_file_ref idref="fl-c8"/>
      </object_component>
      <object_component id="oc-ac">
         <name>.text</name>
         <load_address>0x1bbc</load_address>
         <run_address>0x1bbc</run_address>
         <size>0x9c</size>
         <input_file_ref idref="fl-6"/>
      </object_component>
      <object_component id="oc-44">
         <name>.text</name>
         <load_address>0x1c58</load_address>
         <run_address>0x1c58</run_address>
         <size>0x9c</size>
         <input_file_ref idref="fl-cb"/>
      </object_component>
      <object_component id="oc-e4">
         <name>.text</name>
         <load_address>0x1cf4</load_address>
         <run_address>0x1cf4</run_address>
         <size>0x8c</size>
         <input_file_ref idref="fl-3"/>
      </object_component>
      <object_component id="oc-1df">
         <name>.text:fgetc</name>
         <load_address>0x1d80</load_address>
         <run_address>0x1d80</run_address>
         <size>0x84</size>
         <input_file_ref idref="fl-c7"/>
      </object_component>
      <object_component id="oc-30">
         <name>.text</name>
         <load_address>0x1e04</load_address>
         <run_address>0x1e04</run_address>
         <size>0x7c</size>
         <input_file_ref idref="fl-a"/>
      </object_component>
      <object_component id="oc-a0">
         <name>.text</name>
         <load_address>0x1e80</load_address>
         <run_address>0x1e80</run_address>
         <size>0x7a</size>
         <input_file_ref idref="fl-da"/>
      </object_component>
      <object_component id="oc-1f1">
         <name>.text:_nop</name>
         <load_address>0x1efa</load_address>
         <run_address>0x1efa</run_address>
         <size>0x2</size>
         <input_file_ref idref="fl-d1"/>
      </object_component>
      <object_component id="oc-2ae">
         <name>.text:__TI_closefile</name>
         <load_address>0x1efc</load_address>
         <run_address>0x1efc</run_address>
         <size>0x74</size>
         <input_file_ref idref="fl-e3"/>
      </object_component>
      <object_component id="oc-2ee">
         <name>.text:split</name>
         <load_address>0x1f70</load_address>
         <run_address>0x1f70</run_address>
         <size>0x70</size>
         <input_file_ref idref="fl-d3"/>
      </object_component>
      <object_component id="oc-2df">
         <name>.text:HOSTrename</name>
         <load_address>0x1fe0</load_address>
         <run_address>0x1fe0</run_address>
         <size>0x6c</size>
         <input_file_ref idref="fl-ec"/>
      </object_component>
      <object_component id="oc-2d3">
         <name>.text:HOSTlseek</name>
         <load_address>0x204c</load_address>
         <run_address>0x204c</run_address>
         <size>0x68</size>
         <input_file_ref idref="fl-e9"/>
      </object_component>
      <object_component id="oc-15">
         <name>.text:decompress:lzss:__TI_decompress_lzss</name>
         <load_address>0x20b4</load_address>
         <run_address>0x20b4</run_address>
         <size>0x68</size>
         <input_file_ref idref="fl-cf"/>
      </object_component>
      <object_component id="oc-2bb">
         <name>.text:HOSTopen</name>
         <load_address>0x211c</load_address>
         <run_address>0x211c</run_address>
         <size>0x60</size>
         <input_file_ref idref="fl-ea"/>
      </object_component>
      <object_component id="oc-2f5">
         <name>.text:close</name>
         <load_address>0x217c</load_address>
         <run_address>0x217c</run_address>
         <size>0x5c</size>
         <input_file_ref idref="fl-f1"/>
      </object_component>
      <object_component id="oc-2c7">
         <name>.text:HOSTread</name>
         <load_address>0x21d8</load_address>
         <run_address>0x21d8</run_address>
         <size>0x58</size>
         <input_file_ref idref="fl-eb"/>
      </object_component>
      <object_component id="oc-2cd">
         <name>.text:HOSTwrite</name>
         <load_address>0x2230</load_address>
         <run_address>0x2230</run_address>
         <size>0x58</size>
         <input_file_ref idref="fl-ee"/>
      </object_component>
      <object_component id="oc-248">
         <name>.text:__TI_doflush</name>
         <load_address>0x2288</load_address>
         <run_address>0x2288</run_address>
         <size>0x4c</size>
         <input_file_ref idref="fl-d6"/>
      </object_component>
      <object_component id="oc-218">
         <name>.text:__TI_rd_ok</name>
         <load_address>0x22d4</load_address>
         <run_address>0x22d4</run_address>
         <size>0x4a</size>
         <input_file_ref idref="fl-c9"/>
      </object_component>
      <object_component id="oc-210">
         <name>.text</name>
         <load_address>0x231e</load_address>
         <run_address>0x231e</run_address>
         <size>0x2</size>
         <input_file_ref idref="fl-d9"/>
      </object_component>
      <object_component id="oc-11b">
         <name>.text:exit</name>
         <load_address>0x2320</load_address>
         <run_address>0x2320</run_address>
         <size>0x48</size>
         <input_file_ref idref="fl-d0"/>
      </object_component>
      <object_component id="oc-2c1">
         <name>.text:HOSTclose</name>
         <load_address>0x2368</load_address>
         <run_address>0x2368</run_address>
         <size>0x44</size>
         <input_file_ref idref="fl-e8"/>
      </object_component>
      <object_component id="oc-2d9">
         <name>.text:HOSTunlink</name>
         <load_address>0x23ac</load_address>
         <run_address>0x23ac</run_address>
         <size>0x44</size>
         <input_file_ref idref="fl-ed"/>
      </object_component>
      <object_component id="oc-121">
         <name>.text:__TI_auto_init_nobinit_nopinit:__TI_auto_init_nobinit_nopinit</name>
         <load_address>0x23f0</load_address>
         <run_address>0x23f0</run_address>
         <size>0x44</size>
         <input_file_ref idref="fl-db"/>
      </object_component>
      <object_component id="oc-333">
         <name>.text:getdevice</name>
         <load_address>0x2434</load_address>
         <run_address>0x2434</run_address>
         <size>0x44</size>
         <input_file_ref idref="fl-e4"/>
      </object_component>
      <object_component id="oc-1c6">
         <name>.text</name>
         <load_address>0x2478</load_address>
         <run_address>0x2478</run_address>
         <size>0x40</size>
         <input_file_ref idref="fl-cc"/>
      </object_component>
      <object_component id="oc-30c">
         <name>.text:__TI_writemsg</name>
         <load_address>0x24b8</load_address>
         <run_address>0x24b8</run_address>
         <size>0x38</size>
         <input_file_ref idref="fl-ef"/>
      </object_component>
      <object_component id="oc-35d">
         <name>.text:strncpy</name>
         <load_address>0x24f0</load_address>
         <run_address>0x24f0</run_address>
         <size>0x36</size>
         <input_file_ref idref="fl-e7"/>
      </object_component>
      <object_component id="oc-26d">
         <name>.text:__TI_cleanup</name>
         <load_address>0x2528</load_address>
         <run_address>0x2528</run_address>
         <size>0x34</size>
         <input_file_ref idref="fl-d7"/>
      </object_component>
      <object_component id="oc-312">
         <name>.text:__TI_readmsg</name>
         <load_address>0x255c</load_address>
         <run_address>0x255c</run_address>
         <size>0x34</size>
         <input_file_ref idref="fl-ef"/>
      </object_component>
      <object_component id="oc-62">
         <name>.text:_c_int00_noargs:_c_int00_noargs</name>
         <load_address>0x2590</load_address>
         <run_address>0x2590</run_address>
         <size>0x34</size>
         <input_file_ref idref="fl-d4"/>
      </object_component>
      <object_component id="oc-363">
         <name>.text:finddevice</name>
         <load_address>0x25c4</load_address>
         <run_address>0x25c4</run_address>
         <size>0x30</size>
         <input_file_ref idref="fl-e4"/>
      </object_component>
      <object_component id="oc-2fb">
         <name>.text:unlink</name>
         <load_address>0x25f4</load_address>
         <run_address>0x25f4</run_address>
         <size>0x2c</size>
         <input_file_ref idref="fl-f4"/>
      </object_component>
      <object_component id="oc-2a0">
         <name>.text:free_list_insert</name>
         <load_address>0x2620</load_address>
         <run_address>0x2620</run_address>
         <size>0x28</size>
         <input_file_ref idref="fl-d3"/>
      </object_component>
      <object_component id="oc-224">
         <name>.text:read</name>
         <load_address>0x2648</load_address>
         <run_address>0x2648</run_address>
         <size>0x28</size>
         <input_file_ref idref="fl-d5"/>
      </object_component>
      <object_component id="oc-27c">
         <name>.text:write</name>
         <load_address>0x2670</load_address>
         <run_address>0x2670</run_address>
         <size>0x28</size>
         <input_file_ref idref="fl-df"/>
      </object_component>
      <object_component id="oc-29a">
         <name>.text:free_list_remove</name>
         <load_address>0x2698</load_address>
         <run_address>0x2698</run_address>
         <size>0x1c</size>
         <input_file_ref idref="fl-d3"/>
      </object_component>
      <object_component id="oc-37e">
         <name>.text:strcmp</name>
         <load_address>0x26b4</load_address>
         <run_address>0x26b4</run_address>
         <size>0x18</size>
         <input_file_ref idref="fl-e6"/>
      </object_component>
      <object_component id="oc-357">
         <name>.text:strchr</name>
         <load_address>0x26cc</load_address>
         <run_address>0x26cc</run_address>
         <size>0x16</size>
         <input_file_ref idref="fl-e5"/>
      </object_component>
      <object_component id="oc-326">
         <name>.text:strcpy</name>
         <load_address>0x26e2</load_address>
         <run_address>0x26e2</run_address>
         <size>0x14</size>
         <input_file_ref idref="fl-f2"/>
      </object_component>
      <object_component id="oc-306">
         <name>.text:strlen</name>
         <load_address>0x26f6</load_address>
         <run_address>0x26f6</run_address>
         <size>0x14</size>
         <input_file_ref idref="fl-f3"/>
      </object_component>
      <object_component id="oc-1b">
         <name>.text:decompress:none:__TI_decompress_none</name>
         <load_address>0x270a</load_address>
         <run_address>0x270a</run_address>
         <size>0xe</size>
         <input_file_ref idref="fl-ce"/>
      </object_component>
      <object_component id="oc-56">
         <name>.text:decompress:ZI:__TI_zero_init</name>
         <load_address>0x2718</load_address>
         <run_address>0x2718</run_address>
         <size>0xc</size>
         <input_file_ref idref="fl-cd"/>
      </object_component>
      <object_component id="oc-18e">
         <name>.text:getchar</name>
         <load_address>0x2724</load_address>
         <run_address>0x2724</run_address>
         <size>0xc</size>
         <input_file_ref idref="fl-c7"/>
      </object_component>
      <object_component id="oc-2a">
         <name>.text</name>
         <load_address>0x2730</load_address>
         <run_address>0x2730</run_address>
         <size>0xc</size>
         <input_file_ref idref="fl-b"/>
      </object_component>
      <object_component id="oc-267">
         <name>.text:malloc</name>
         <load_address>0x273c</load_address>
         <run_address>0x273c</run_address>
         <size>0x8</size>
         <input_file_ref idref="fl-d3"/>
      </object_component>
      <object_component id="oc-a6">
         <name>.text:_system_pre_init</name>
         <load_address>0x2744</load_address>
         <run_address>0x2744</run_address>
         <size>0x4</size>
         <input_file_ref idref="fl-dc"/>
      </object_component>
      <object_component id="oc-115">
         <name>.text:abort:abort</name>
         <load_address>0x2748</load_address>
         <run_address>0x2748</run_address>
         <size>0x4</size>
         <input_file_ref idref="fl-d0"/>
      </object_component>
      <object_component id="oc-198">
         <name>.const:$P$T0$1</name>
         <load_address>0x274c</load_address>
         <run_address>0x274c</run_address>
         <size>0xc</size>
         <input_file_ref idref="fl-4"/>
      </object_component>
      <object_component id="oc-18a">
         <name>.const:.string:LCD_init_sequense</name>
         <load_address>0x2758</load_address>
         <run_address>0x2758</run_address>
         <size>0xa</size>
         <input_file_ref idref="fl-5"/>
      </object_component>
      <object_component id="oc-3bf">
         <name>.cinit..data.load</name>
         <load_address>0x2768</load_address>
         <run_address>0x2768</run_address>
         <size>0x69</size>
      </object_component>
      <object_component id="oc-3bd">
         <name>__TI_handler_table</name>
         <load_address>0x27d4</load_address>
         <run_address>0x27d4</run_address>
         <size>0xc</size>
      </object_component>
      <object_component id="oc-3c0">
         <name>.cinit..bss.load</name>
         <load_address>0x27e0</load_address>
         <run_address>0x27e0</run_address>
         <size>0x8</size>
      </object_component>
      <object_component id="oc-3be">
         <name>__TI_cinit_table</name>
         <load_address>0x27e8</load_address>
         <run_address>0x27e8</run_address>
         <size>0x10</size>
      </object_component>
      <object_component id="oc-184">
         <name>.data</name>
         <load_address>0x20000fc0</load_address>
         <run_address>0x20000fc0</run_address>
         <size>0x2</size>
         <input_file_ref idref="fl-5"/>
      </object_component>
      <object_component id="oc-16b">
         <name>.data</name>
         <load_address>0x20000fc2</load_address>
         <run_address>0x20000fc2</run_address>
         <size>0x1</size>
         <input_file_ref idref="fl-8"/>
      </object_component>
      <object_component id="oc-7b">
         <name>.data</name>
         <load_address>0x20000fbc</load_address>
         <run_address>0x20000fbc</run_address>
         <size>0x4</size>
         <input_file_ref idref="fl-a"/>
      </object_component>
      <object_component id="oc-19e">
         <name>.data:$O1$$</name>
         <load_address>0x20000fa0</load_address>
         <run_address>0x20000fa0</run_address>
         <size>0xc</size>
         <input_file_ref idref="fl-d0"/>
      </object_component>
      <object_component id="oc-1a1">
         <name>.data:$O1$$</name>
         <load_address>0x20000fac</load_address>
         <run_address>0x20000fac</run_address>
         <size>0x8</size>
         <input_file_ref idref="fl-d1"/>
      </object_component>
      <object_component id="oc-1e5">
         <name>.data:_ftable</name>
         <load_address>0x20000dd8</load_address>
         <run_address>0x20000dd8</run_address>
         <size>0xf0</size>
         <input_file_ref idref="fl-d2"/>
      </object_component>
      <object_component id="oc-24e">
         <name>.data</name>
         <load_address>0x20000f90</load_address>
         <run_address>0x20000f90</run_address>
         <size>0x10</size>
         <input_file_ref idref="fl-d2"/>
      </object_component>
      <object_component id="oc-2e9">
         <name>.data:$O1$$</name>
         <load_address>0x20000fb4</load_address>
         <run_address>0x20000fb4</run_address>
         <size>0x8</size>
         <input_file_ref idref="fl-d3"/>
      </object_component>
      <object_component id="oc-288">
         <name>.data:_device</name>
         <load_address>0x20000ec8</load_address>
         <run_address>0x20000ec8</run_address>
         <size>0x78</size>
         <input_file_ref idref="fl-e0"/>
      </object_component>
      <object_component id="oc-253">
         <name>.data:_stream</name>
         <load_address>0x20000f40</load_address>
         <run_address>0x20000f40</run_address>
         <size>0x50</size>
         <input_file_ref idref="fl-e0"/>
      </object_component>
      <object_component id="oc-194">
         <name>.bss:Buf$1</name>
         <uninitialized>true</uninitialized>
         <run_address>0x20000bc0</run_address>
         <size>0x8</size>
         <input_file_ref idref="fl-d"/>
      </object_component>
      <object_component id="oc-33f">
         <name>.bss:_CIOBUF_</name>
         <uninitialized>true</uninitialized>
         <run_address>0x20000840</run_address>
         <size>0x120</size>
         <input_file_ref idref="fl-ef"/>
      </object_component>
      <object_component id="oc-164">
         <name>.common:pof</name>
         <uninitialized>true</uninitialized>
         <run_address>0x20000b80</run_address>
         <size>0x40</size>
      </object_component>
      <object_component id="oc-187">
         <name>.common:LCD_init</name>
         <uninitialized>true</uninitialized>
         <run_address>0x20000bd0</run_address>
         <size>0x1</size>
      </object_component>
      <object_component id="oc-182">
         <name>.common:sec</name>
         <uninitialized>true</uninitialized>
         <run_address>0x20000bd4</run_address>
         <size>0x1</size>
      </object_component>
      <object_component id="oc-181">
         <name>.common:min</name>
         <uninitialized>true</uninitialized>
         <run_address>0x20000bd3</run_address>
         <size>0x1</size>
      </object_component>
      <object_component id="oc-17e">
         <name>.common:hour</name>
         <uninitialized>true</uninitialized>
         <run_address>0x20000bd2</run_address>
         <size>0x1</size>
      </object_component>
      <object_component id="oc-16c">
         <name>.common:current_task</name>
         <uninitialized>true</uninitialized>
         <run_address>0x20000bd1</run_address>
         <size>0x1</size>
      </object_component>
      <object_component id="oc-16f">
         <name>.common:pot</name>
         <uninitialized>true</uninitialized>
         <run_address>0x20000a20</run_address>
         <size>0xc0</size>
      </object_component>
      <object_component id="oc-170">
         <name>.common:pos</name>
         <uninitialized>true</uninitialized>
         <run_address>0x20000960</run_address>
         <size>0xc0</size>
      </object_component>
      <object_component id="oc-171">
         <name>.common:poq</name>
         <uninitialized>true</uninitialized>
         <run_address>0x20000000</run_address>
         <size>0x840</size>
      </object_component>
      <object_component id="oc-301">
         <name>.common:__TI_tmpnams</name>
         <uninitialized>true</uninitialized>
         <run_address>0x20000ae0</run_address>
         <size>0xa0</size>
      </object_component>
      <object_component id="oc-318">
         <name>.common:parmbuf</name>
         <uninitialized>true</uninitialized>
         <run_address>0x20000bc8</run_address>
         <size>0x8</size>
      </object_component>
      <object_component id="oc-24">
         <name>.sysmem</name>
         <uninitialized>true</uninitialized>
         <run_address>0x20000fc8</run_address>
         <size>0x10</size>
         <input_file_ref idref="fl-d3"/>
      </object_component>
      <object_component id="oc-3c3">
         <name>.sysmem</name>
         <uninitialized>true</uninitialized>
         <run_address>0x20000fc8</run_address>
         <size>0x0</size>
      </object_component>
      <object_component id="oc-27">
         <name>.stack</name>
         <uninitialized>true</uninitialized>
         <run_address>0x20000bd8</run_address>
         <size>0x4</size>
         <input_file_ref idref="fl-d4"/>
      </object_component>
      <object_component id="oc-3c2">
         <name>.stack</name>
         <uninitialized>true</uninitialized>
         <run_address>0x20000bd8</run_address>
         <size>0x0</size>
      </object_component>
      <object_component id="oc-d2">
         <name>.debug_info</name>
         <load_address>0x0</load_address>
         <run_address>0x0</run_address>
         <size>0x369</size>
         <input_file_ref idref="fl-2"/>
      </object_component>
      <object_component id="oc-f1">
         <name>.debug_info</name>
         <load_address>0x369</load_address>
         <run_address>0x369</run_address>
         <size>0x249</size>
         <input_file_ref idref="fl-2"/>
      </object_component>
      <object_component id="oc-157">
         <name>.debug_info</name>
         <load_address>0x5b2</load_address>
         <run_address>0x5b2</run_address>
         <size>0x5e</size>
         <input_file_ref idref="fl-2"/>
      </object_component>
      <object_component id="oc-81">
         <name>.debug_info</name>
         <load_address>0x610</load_address>
         <run_address>0x610</run_address>
         <size>0x26b</size>
         <input_file_ref idref="fl-2"/>
      </object_component>
      <object_component id="oc-3f">
         <name>.debug_info</name>
         <load_address>0x87b</load_address>
         <run_address>0x87b</run_address>
         <size>0x84</size>
         <input_file_ref idref="fl-2"/>
      </object_component>
      <object_component id="oc-15c">
         <name>.debug_info</name>
         <load_address>0x8ff</load_address>
         <run_address>0x8ff</run_address>
         <size>0xae</size>
         <input_file_ref idref="fl-2"/>
      </object_component>
      <object_component id="oc-cd">
         <name>.debug_info</name>
         <load_address>0x9ad</load_address>
         <run_address>0x9ad</run_address>
         <size>0x2a4</size>
         <input_file_ref idref="fl-2"/>
      </object_component>
      <object_component id="oc-86">
         <name>.debug_info</name>
         <load_address>0xc51</load_address>
         <run_address>0xc51</run_address>
         <size>0xbb</size>
         <input_file_ref idref="fl-2"/>
      </object_component>
      <object_component id="oc-173">
         <name>.debug_info</name>
         <load_address>0xd0c</load_address>
         <run_address>0xd0c</run_address>
         <size>0x39</size>
         <input_file_ref idref="fl-2"/>
      </object_component>
      <object_component id="oc-166">
         <name>.debug_info</name>
         <load_address>0xd45</load_address>
         <run_address>0xd45</run_address>
         <size>0x2c</size>
         <input_file_ref idref="fl-2"/>
      </object_component>
      <object_component id="oc-e5">
         <name>.debug_info</name>
         <load_address>0xd71</load_address>
         <run_address>0xd71</run_address>
         <size>0x119</size>
         <input_file_ref idref="fl-3"/>
      </object_component>
      <object_component id="oc-19c">
         <name>.debug_info</name>
         <load_address>0xe8a</load_address>
         <run_address>0xe8a</run_address>
         <size>0x314</size>
         <input_file_ref idref="fl-4"/>
      </object_component>
      <object_component id="oc-199">
         <name>.debug_info</name>
         <load_address>0x119e</load_address>
         <run_address>0x119e</run_address>
         <size>0xd5</size>
         <input_file_ref idref="fl-4"/>
      </object_component>
      <object_component id="oc-110">
         <name>.debug_info</name>
         <load_address>0x1273</load_address>
         <run_address>0x1273</run_address>
         <size>0x44f</size>
         <input_file_ref idref="fl-4"/>
      </object_component>
      <object_component id="oc-188">
         <name>.debug_info</name>
         <load_address>0x16c2</load_address>
         <run_address>0x16c2</run_address>
         <size>0x344</size>
         <input_file_ref idref="fl-5"/>
      </object_component>
      <object_component id="oc-18b">
         <name>.debug_info</name>
         <load_address>0x1a06</load_address>
         <run_address>0x1a06</run_address>
         <size>0xea</size>
         <input_file_ref idref="fl-5"/>
      </object_component>
      <object_component id="oc-185">
         <name>.debug_info</name>
         <load_address>0x1af0</load_address>
         <run_address>0x1af0</run_address>
         <size>0xda</size>
         <input_file_ref idref="fl-5"/>
      </object_component>
      <object_component id="oc-103">
         <name>.debug_info</name>
         <load_address>0x1bca</load_address>
         <run_address>0x1bca</run_address>
         <size>0x85a</size>
         <input_file_ref idref="fl-5"/>
      </object_component>
      <object_component id="oc-1d6">
         <name>.debug_info</name>
         <load_address>0x2424</load_address>
         <run_address>0x2424</run_address>
         <size>0x51</size>
         <input_file_ref idref="fl-5"/>
      </object_component>
      <object_component id="oc-ae">
         <name>.debug_info</name>
         <load_address>0x2475</load_address>
         <run_address>0x2475</run_address>
         <size>0x21c</size>
         <input_file_ref idref="fl-6"/>
      </object_component>
      <object_component id="oc-17f">
         <name>.debug_info</name>
         <load_address>0x2691</load_address>
         <run_address>0x2691</run_address>
         <size>0x341</size>
         <input_file_ref idref="fl-7"/>
      </object_component>
      <object_component id="oc-fd">
         <name>.debug_info</name>
         <load_address>0x29d2</load_address>
         <run_address>0x29d2</run_address>
         <size>0x514</size>
         <input_file_ref idref="fl-7"/>
      </object_component>
      <object_component id="oc-16d">
         <name>.debug_info</name>
         <load_address>0x2ee6</load_address>
         <run_address>0x2ee6</run_address>
         <size>0x36d</size>
         <input_file_ref idref="fl-8"/>
      </object_component>
      <object_component id="oc-f8">
         <name>.debug_info</name>
         <load_address>0x3253</load_address>
         <run_address>0x3253</run_address>
         <size>0x88b</size>
         <input_file_ref idref="fl-8"/>
      </object_component>
      <object_component id="oc-1c1">
         <name>.debug_info</name>
         <load_address>0x3ade</load_address>
         <run_address>0x3ade</run_address>
         <size>0x190</size>
         <input_file_ref idref="fl-8"/>
      </object_component>
      <object_component id="oc-1cc">
         <name>.debug_info</name>
         <load_address>0x3c6e</load_address>
         <run_address>0x3c6e</run_address>
         <size>0x2b3</size>
         <input_file_ref idref="fl-9"/>
      </object_component>
      <object_component id="oc-17b">
         <name>.debug_info</name>
         <load_address>0x3f21</load_address>
         <run_address>0x3f21</run_address>
         <size>0x867</size>
         <input_file_ref idref="fl-9"/>
      </object_component>
      <object_component id="oc-1cd">
         <name>.debug_info</name>
         <load_address>0x4788</load_address>
         <run_address>0x4788</run_address>
         <size>0x2c</size>
         <input_file_ref idref="fl-9"/>
      </object_component>
      <object_component id="oc-cc">
         <name>.debug_info</name>
         <load_address>0x47b4</load_address>
         <run_address>0x47b4</run_address>
         <size>0x26c</size>
         <input_file_ref idref="fl-a"/>
      </object_component>
      <object_component id="oc-7c">
         <name>.debug_info</name>
         <load_address>0x4a20</load_address>
         <run_address>0x4a20</run_address>
         <size>0xd6</size>
         <input_file_ref idref="fl-a"/>
      </object_component>
      <object_component id="oc-34">
         <name>.debug_info</name>
         <load_address>0x4af6</load_address>
         <run_address>0x4af6</run_address>
         <size>0x16b</size>
         <input_file_ref idref="fl-a"/>
      </object_component>
      <object_component id="oc-38">
         <name>.debug_info</name>
         <load_address>0x4c61</load_address>
         <run_address>0x4c61</run_address>
         <size>0x2dc</size>
         <input_file_ref idref="fl-b"/>
      </object_component>
      <object_component id="oc-13">
         <name>.debug_info</name>
         <load_address>0x4f3d</load_address>
         <run_address>0x4f3d</run_address>
         <size>0xf5</size>
         <input_file_ref idref="fl-b"/>
      </object_component>
      <object_component id="oc-2d">
         <name>.debug_info</name>
         <load_address>0x5032</load_address>
         <run_address>0x5032</run_address>
         <size>0x271</size>
         <input_file_ref idref="fl-b"/>
      </object_component>
      <object_component id="oc-163">
         <name>.debug_info</name>
         <load_address>0x52a3</load_address>
         <run_address>0x52a3</run_address>
         <size>0x2e8</size>
         <input_file_ref idref="fl-c"/>
      </object_component>
      <object_component id="oc-ee">
         <name>.debug_info</name>
         <load_address>0x558b</load_address>
         <run_address>0x558b</run_address>
         <size>0x923</size>
         <input_file_ref idref="fl-c"/>
      </object_component>
      <object_component id="oc-196">
         <name>.debug_info</name>
         <load_address>0x5eae</load_address>
         <run_address>0x5eae</run_address>
         <size>0x3aa</size>
         <input_file_ref idref="fl-d"/>
      </object_component>
      <object_component id="oc-109">
         <name>.debug_info</name>
         <load_address>0x6258</load_address>
         <run_address>0x6258</run_address>
         <size>0x3c8</size>
         <input_file_ref idref="fl-d"/>
      </object_component>
      <object_component id="oc-22b">
         <name>.debug_info</name>
         <load_address>0x6620</load_address>
         <run_address>0x6620</run_address>
         <size>0x375</size>
         <input_file_ref idref="fl-c7"/>
      </object_component>
      <object_component id="oc-1e1">
         <name>.debug_info</name>
         <load_address>0x6995</load_address>
         <run_address>0x6995</run_address>
         <size>0x1d1</size>
         <input_file_ref idref="fl-c7"/>
      </object_component>
      <object_component id="oc-190">
         <name>.debug_info</name>
         <load_address>0x6b66</load_address>
         <run_address>0x6b66</run_address>
         <size>0x13e</size>
         <input_file_ref idref="fl-c7"/>
      </object_component>
      <object_component id="oc-25a">
         <name>.debug_info</name>
         <load_address>0x6ca4</load_address>
         <run_address>0x6ca4</run_address>
         <size>0xb2</size>
         <input_file_ref idref="fl-c7"/>
      </object_component>
      <object_component id="oc-252">
         <name>.debug_info</name>
         <load_address>0x6d56</load_address>
         <run_address>0x6d56</run_address>
         <size>0x370</size>
         <input_file_ref idref="fl-c8"/>
      </object_component>
      <object_component id="oc-221">
         <name>.debug_info</name>
         <load_address>0x70c6</load_address>
         <run_address>0x70c6</run_address>
         <size>0x1e2</size>
         <input_file_ref idref="fl-c8"/>
      </object_component>
      <object_component id="oc-247">
         <name>.debug_info</name>
         <load_address>0x72a8</load_address>
         <run_address>0x72a8</run_address>
         <size>0x300</size>
         <input_file_ref idref="fl-c9"/>
      </object_component>
      <object_component id="oc-21b">
         <name>.debug_info</name>
         <load_address>0x75a8</load_address>
         <run_address>0x75a8</run_address>
         <size>0x18e</size>
         <input_file_ref idref="fl-c9"/>
      </object_component>
      <object_component id="oc-275">
         <name>.debug_info</name>
         <load_address>0x7736</load_address>
         <run_address>0x7736</run_address>
         <size>0xbf</size>
         <input_file_ref idref="fl-c9"/>
      </object_component>
      <object_component id="oc-274">
         <name>.debug_info</name>
         <load_address>0x77f5</load_address>
         <run_address>0x77f5</run_address>
         <size>0x374</size>
         <input_file_ref idref="fl-ca"/>
      </object_component>
      <object_component id="oc-241">
         <name>.debug_info</name>
         <load_address>0x7b69</load_address>
         <run_address>0x7b69</run_address>
         <size>0x20b</size>
         <input_file_ref idref="fl-ca"/>
      </object_component>
      <object_component id="oc-47">
         <name>.debug_info</name>
         <load_address>0x7d74</load_address>
         <run_address>0x7d74</run_address>
         <size>0x119</size>
         <input_file_ref idref="fl-cb"/>
      </object_component>
      <object_component id="oc-1c7">
         <name>.debug_info</name>
         <load_address>0x7e8d</load_address>
         <run_address>0x7e8d</run_address>
         <size>0x142</size>
         <input_file_ref idref="fl-cc"/>
      </object_component>
      <object_component id="oc-9f">
         <name>.debug_info</name>
         <load_address>0x7fcf</load_address>
         <run_address>0x7fcf</run_address>
         <size>0x2d4</size>
         <input_file_ref idref="fl-cd"/>
      </object_component>
      <object_component id="oc-57">
         <name>.debug_info</name>
         <load_address>0x82a3</load_address>
         <run_address>0x82a3</run_address>
         <size>0x1b5</size>
         <input_file_ref idref="fl-cd"/>
      </object_component>
      <object_component id="oc-9a">
         <name>.debug_info</name>
         <load_address>0x8458</load_address>
         <run_address>0x8458</run_address>
         <size>0x46</size>
         <input_file_ref idref="fl-cd"/>
      </object_component>
      <object_component id="oc-db">
         <name>.debug_info</name>
         <load_address>0x849e</load_address>
         <run_address>0x849e</run_address>
         <size>0x2c</size>
         <input_file_ref idref="fl-cd"/>
      </object_component>
      <object_component id="oc-4f">
         <name>.debug_info</name>
         <load_address>0x84ca</load_address>
         <run_address>0x84ca</run_address>
         <size>0x2a8</size>
         <input_file_ref idref="fl-ce"/>
      </object_component>
      <object_component id="oc-1d">
         <name>.debug_info</name>
         <load_address>0x8772</load_address>
         <run_address>0x8772</run_address>
         <size>0x1ea</size>
         <input_file_ref idref="fl-ce"/>
      </object_component>
      <object_component id="oc-4a">
         <name>.debug_info</name>
         <load_address>0x895c</load_address>
         <run_address>0x895c</run_address>
         <size>0x46</size>
         <input_file_ref idref="fl-ce"/>
      </object_component>
      <object_component id="oc-92">
         <name>.debug_info</name>
         <load_address>0x89a2</load_address>
         <run_address>0x89a2</run_address>
         <size>0x2c</size>
         <input_file_ref idref="fl-ce"/>
      </object_component>
      <object_component id="oc-90">
         <name>.debug_info</name>
         <load_address>0x89ce</load_address>
         <run_address>0x89ce</run_address>
         <size>0x29e</size>
         <input_file_ref idref="fl-cf"/>
      </object_component>
      <object_component id="oc-17">
         <name>.debug_info</name>
         <load_address>0x8c6c</load_address>
         <run_address>0x8c6c</run_address>
         <size>0x250</size>
         <input_file_ref idref="fl-cf"/>
      </object_component>
      <object_component id="oc-3a">
         <name>.debug_info</name>
         <load_address>0x8ebc</load_address>
         <run_address>0x8ebc</run_address>
         <size>0x60</size>
         <input_file_ref idref="fl-cf"/>
      </object_component>
      <object_component id="oc-d4">
         <name>.debug_info</name>
         <load_address>0x8f1c</load_address>
         <run_address>0x8f1c</run_address>
         <size>0x46</size>
         <input_file_ref idref="fl-cf"/>
      </object_component>
      <object_component id="oc-8b">
         <name>.debug_info</name>
         <load_address>0x8f62</load_address>
         <run_address>0x8f62</run_address>
         <size>0x39</size>
         <input_file_ref idref="fl-cf"/>
      </object_component>
      <object_component id="oc-1a5">
         <name>.debug_info</name>
         <load_address>0x8f9b</load_address>
         <run_address>0x8f9b</run_address>
         <size>0x3ad</size>
         <input_file_ref idref="fl-d0"/>
      </object_component>
      <object_component id="oc-19f">
         <name>.debug_info</name>
         <load_address>0x9348</load_address>
         <run_address>0x9348</run_address>
         <size>0x190</size>
         <input_file_ref idref="fl-d0"/>
      </object_component>
      <object_component id="oc-116">
         <name>.debug_info</name>
         <load_address>0x94d8</load_address>
         <run_address>0x94d8</run_address>
         <size>0x122</size>
         <input_file_ref idref="fl-d0"/>
      </object_component>
      <object_component id="oc-11c">
         <name>.debug_info</name>
         <load_address>0x95fa</load_address>
         <run_address>0x95fa</run_address>
         <size>0x184</size>
         <input_file_ref idref="fl-d0"/>
      </object_component>
      <object_component id="oc-1f9">
         <name>.debug_info</name>
         <load_address>0x977e</load_address>
         <run_address>0x977e</run_address>
         <size>0x2c9</size>
         <input_file_ref idref="fl-d1"/>
      </object_component>
      <object_component id="oc-1a2">
         <name>.debug_info</name>
         <load_address>0x9a47</load_address>
         <run_address>0x9a47</run_address>
         <size>0x11e</size>
         <input_file_ref idref="fl-d1"/>
      </object_component>
      <object_component id="oc-1f5">
         <name>.debug_info</name>
         <load_address>0x9b65</load_address>
         <run_address>0x9b65</run_address>
         <size>0x12e</size>
         <input_file_ref idref="fl-d1"/>
      </object_component>
      <object_component id="oc-22e">
         <name>.debug_info</name>
         <load_address>0x9c93</load_address>
         <run_address>0x9c93</run_address>
         <size>0x144</size>
         <input_file_ref idref="fl-d2"/>
      </object_component>
      <object_component id="oc-1e6">
         <name>.debug_info</name>
         <load_address>0x9dd7</load_address>
         <run_address>0x9dd7</run_address>
         <size>0x102</size>
         <input_file_ref idref="fl-d2"/>
      </object_component>
      <object_component id="oc-24f">
         <name>.debug_info</name>
         <load_address>0x9ed9</load_address>
         <run_address>0x9ed9</run_address>
         <size>0x18f</size>
         <input_file_ref idref="fl-d2"/>
      </object_component>
      <object_component id="oc-76">
         <name>.debug_info</name>
         <load_address>0xa068</load_address>
         <run_address>0xa068</run_address>
         <size>0x3b2</size>
         <input_file_ref idref="fl-d3"/>
      </object_component>
      <object_component id="oc-25">
         <name>.debug_info</name>
         <load_address>0xa41a</load_address>
         <run_address>0xa41a</run_address>
         <size>0x10c</size>
         <input_file_ref idref="fl-d3"/>
      </object_component>
      <object_component id="oc-2ea">
         <name>.debug_info</name>
         <load_address>0xa526</load_address>
         <run_address>0xa526</run_address>
         <size>0x13f</size>
         <input_file_ref idref="fl-d3"/>
      </object_component>
      <object_component id="oc-269">
         <name>.debug_info</name>
         <load_address>0xa665</load_address>
         <run_address>0xa665</run_address>
         <size>0x168</size>
         <input_file_ref idref="fl-d3"/>
      </object_component>
      <object_component id="oc-29d">
         <name>.debug_info</name>
         <load_address>0xa7cd</load_address>
         <run_address>0xa7cd</run_address>
         <size>0x18e</size>
         <input_file_ref idref="fl-d3"/>
      </object_component>
      <object_component id="oc-2a2">
         <name>.debug_info</name>
         <load_address>0xa95b</load_address>
         <run_address>0xa95b</run_address>
         <size>0x19f</size>
         <input_file_ref idref="fl-d3"/>
      </object_component>
      <object_component id="oc-263">
         <name>.debug_info</name>
         <load_address>0xaafa</load_address>
         <run_address>0xaafa</run_address>
         <size>0x203</size>
         <input_file_ref idref="fl-d3"/>
      </object_component>
      <object_component id="oc-2f0">
         <name>.debug_info</name>
         <load_address>0xacfd</load_address>
         <run_address>0xacfd</run_address>
         <size>0x1db</size>
         <input_file_ref idref="fl-d3"/>
      </object_component>
      <object_component id="oc-2a9">
         <name>.debug_info</name>
         <load_address>0xaed8</load_address>
         <run_address>0xaed8</run_address>
         <size>0x299</size>
         <input_file_ref idref="fl-d3"/>
      </object_component>
      <object_component id="oc-c5">
         <name>.debug_info</name>
         <load_address>0xb171</load_address>
         <run_address>0xb171</run_address>
         <size>0xb2</size>
         <input_file_ref idref="fl-d3"/>
      </object_component>
      <object_component id="oc-c0">
         <name>.debug_info</name>
         <load_address>0xb223</load_address>
         <run_address>0xb223</run_address>
         <size>0x2c</size>
         <input_file_ref idref="fl-d3"/>
      </object_component>
      <object_component id="oc-28">
         <name>.debug_info</name>
         <load_address>0xb24f</load_address>
         <run_address>0xb24f</run_address>
         <size>0x10b</size>
         <input_file_ref idref="fl-d4"/>
      </object_component>
      <object_component id="oc-63">
         <name>.debug_info</name>
         <load_address>0xb35a</load_address>
         <run_address>0xb35a</run_address>
         <size>0x1a9</size>
         <input_file_ref idref="fl-d4"/>
      </object_component>
      <object_component id="oc-257">
         <name>.debug_info</name>
         <load_address>0xb503</load_address>
         <run_address>0xb503</run_address>
         <size>0x396</size>
         <input_file_ref idref="fl-d5"/>
      </object_component>
      <object_component id="oc-227">
         <name>.debug_info</name>
         <load_address>0xb899</load_address>
         <run_address>0xb899</run_address>
         <size>0x18a</size>
         <input_file_ref idref="fl-d5"/>
      </object_component>
      <object_component id="oc-290">
         <name>.debug_info</name>
         <load_address>0xba23</load_address>
         <run_address>0xba23</run_address>
         <size>0x120</size>
         <input_file_ref idref="fl-d5"/>
      </object_component>
      <object_component id="oc-295">
         <name>.debug_info</name>
         <load_address>0xbb43</load_address>
         <run_address>0xbb43</run_address>
         <size>0x2c</size>
         <input_file_ref idref="fl-d5"/>
      </object_component>
      <object_component id="oc-283">
         <name>.debug_info</name>
         <load_address>0xbb6f</load_address>
         <run_address>0xbb6f</run_address>
         <size>0x347</size>
         <input_file_ref idref="fl-d6"/>
      </object_component>
      <object_component id="oc-24b">
         <name>.debug_info</name>
         <load_address>0xbeb6</load_address>
         <run_address>0xbeb6</run_address>
         <size>0x18a</size>
         <input_file_ref idref="fl-d6"/>
      </object_component>
      <object_component id="oc-26f">
         <name>.debug_info</name>
         <load_address>0xc040</load_address>
         <run_address>0xc040</run_address>
         <size>0x176</size>
         <input_file_ref idref="fl-d7"/>
      </object_component>
      <object_component id="oc-213">
         <name>.debug_info</name>
         <load_address>0xc1b6</load_address>
         <run_address>0xc1b6</run_address>
         <size>0x115</size>
         <input_file_ref idref="fl-d9"/>
      </object_component>
      <object_component id="oc-a2">
         <name>.debug_info</name>
         <load_address>0xc2cb</load_address>
         <run_address>0xc2cb</run_address>
         <size>0x147</size>
         <input_file_ref idref="fl-da"/>
      </object_component>
      <object_component id="oc-1a8">
         <name>.debug_info</name>
         <load_address>0xc412</load_address>
         <run_address>0xc412</run_address>
         <size>0x4b3</size>
         <input_file_ref idref="fl-db"/>
      </object_component>
      <object_component id="oc-125">
         <name>.debug_info</name>
         <load_address>0xc8c5</load_address>
         <run_address>0xc8c5</run_address>
         <size>0x1a6</size>
         <input_file_ref idref="fl-db"/>
      </object_component>
      <object_component id="oc-1ff">
         <name>.debug_info</name>
         <load_address>0xca6b</load_address>
         <run_address>0xca6b</run_address>
         <size>0x39</size>
         <input_file_ref idref="fl-db"/>
      </object_component>
      <object_component id="oc-233">
         <name>.debug_info</name>
         <load_address>0xcaa4</load_address>
         <run_address>0xcaa4</run_address>
         <size>0x39</size>
         <input_file_ref idref="fl-db"/>
      </object_component>
      <object_component id="oc-204">
         <name>.debug_info</name>
         <load_address>0xcadd</load_address>
         <run_address>0xcadd</run_address>
         <size>0x39</size>
         <input_file_ref idref="fl-db"/>
      </object_component>
      <object_component id="oc-209">
         <name>.debug_info</name>
         <load_address>0xcb16</load_address>
         <run_address>0xcb16</run_address>
         <size>0xcd</size>
         <input_file_ref idref="fl-db"/>
      </object_component>
      <object_component id="oc-a9">
         <name>.debug_info</name>
         <load_address>0xcbe3</load_address>
         <run_address>0xcbe3</run_address>
         <size>0x153</size>
         <input_file_ref idref="fl-dc"/>
      </object_component>
      <object_component id="oc-2b8">
         <name>.debug_info</name>
         <load_address>0xcd36</load_address>
         <run_address>0xcd36</run_address>
         <size>0x397</size>
         <input_file_ref idref="fl-df"/>
      </object_component>
      <object_component id="oc-27f">
         <name>.debug_info</name>
         <load_address>0xd0cd</load_address>
         <run_address>0xd0cd</run_address>
         <size>0x18f</size>
         <input_file_ref idref="fl-df"/>
      </object_component>
      <object_component id="oc-28d">
         <name>.debug_info</name>
         <load_address>0xd25c</load_address>
         <run_address>0xd25c</run_address>
         <size>0x337</size>
         <input_file_ref idref="fl-e0"/>
      </object_component>
      <object_component id="oc-289">
         <name>.debug_info</name>
         <load_address>0xd593</load_address>
         <run_address>0xd593</run_address>
         <size>0x109</size>
         <input_file_ref idref="fl-e0"/>
      </object_component>
      <object_component id="oc-254">
         <name>.debug_info</name>
         <load_address>0xd69c</load_address>
         <run_address>0xd69c</run_address>
         <size>0x109</size>
         <input_file_ref idref="fl-e0"/>
      </object_component>
      <object_component id="oc-303">
         <name>.debug_info</name>
         <load_address>0xd7a5</load_address>
         <run_address>0xd7a5</run_address>
         <size>0x3a5</size>
         <input_file_ref idref="fl-e3"/>
      </object_component>
      <object_component id="oc-2b1">
         <name>.debug_info</name>
         <load_address>0xdb4a</load_address>
         <run_address>0xdb4a</run_address>
         <size>0x1f3</size>
         <input_file_ref idref="fl-e3"/>
      </object_component>
      <object_component id="oc-36a">
         <name>.debug_info</name>
         <load_address>0xdd3d</load_address>
         <run_address>0xdd3d</run_address>
         <size>0x42c</size>
         <input_file_ref idref="fl-e4"/>
      </object_component>
      <object_component id="oc-364">
         <name>.debug_info</name>
         <load_address>0xe169</load_address>
         <run_address>0xe169</run_address>
         <size>0x192</size>
         <input_file_ref idref="fl-e4"/>
      </object_component>
      <object_component id="oc-334">
         <name>.debug_info</name>
         <load_address>0xe2fb</load_address>
         <run_address>0xe2fb</run_address>
         <size>0x1eb</size>
         <input_file_ref idref="fl-e4"/>
      </object_component>
      <object_component id="oc-36d">
         <name>.debug_info</name>
         <load_address>0xe4e6</load_address>
         <run_address>0xe4e6</run_address>
         <size>0xea</size>
         <input_file_ref idref="fl-e4"/>
      </object_component>
      <object_component id="oc-387">
         <name>.debug_info</name>
         <load_address>0xe5d0</load_address>
         <run_address>0xe5d0</run_address>
         <size>0x2c</size>
         <input_file_ref idref="fl-e4"/>
      </object_component>
      <object_component id="oc-37b">
         <name>.debug_info</name>
         <load_address>0xe5fc</load_address>
         <run_address>0xe5fc</run_address>
         <size>0x29a</size>
         <input_file_ref idref="fl-e5"/>
      </object_component>
      <object_component id="oc-35a">
         <name>.debug_info</name>
         <load_address>0xe896</load_address>
         <run_address>0xe896</run_address>
         <size>0x262</size>
         <input_file_ref idref="fl-e5"/>
      </object_component>
      <object_component id="oc-391">
         <name>.debug_info</name>
         <load_address>0xeaf8</load_address>
         <run_address>0xeaf8</run_address>
         <size>0x28a</size>
         <input_file_ref idref="fl-e6"/>
      </object_component>
      <object_component id="oc-382">
         <name>.debug_info</name>
         <load_address>0xed82</load_address>
         <run_address>0xed82</run_address>
         <size>0x273</size>
         <input_file_ref idref="fl-e6"/>
      </object_component>
      <object_component id="oc-37d">
         <name>.debug_info</name>
         <load_address>0xeff5</load_address>
         <run_address>0xeff5</run_address>
         <size>0x2af</size>
         <input_file_ref idref="fl-e7"/>
      </object_component>
      <object_component id="oc-361">
         <name>.debug_info</name>
         <load_address>0xf2a4</load_address>
         <run_address>0xf2a4</run_address>
         <size>0x277</size>
         <input_file_ref idref="fl-e7"/>
      </object_component>
      <object_component id="oc-31d">
         <name>.debug_info</name>
         <load_address>0xf51b</load_address>
         <run_address>0xf51b</run_address>
         <size>0x373</size>
         <input_file_ref idref="fl-e8"/>
      </object_component>
      <object_component id="oc-2c2">
         <name>.debug_info</name>
         <load_address>0xf88e</load_address>
         <run_address>0xf88e</run_address>
         <size>0x1bc</size>
         <input_file_ref idref="fl-e8"/>
      </object_component>
      <object_component id="oc-323">
         <name>.debug_info</name>
         <load_address>0xfa4a</load_address>
         <run_address>0xfa4a</run_address>
         <size>0x378</size>
         <input_file_ref idref="fl-e9"/>
      </object_component>
      <object_component id="oc-2d5">
         <name>.debug_info</name>
         <load_address>0xfdc2</load_address>
         <run_address>0xfdc2</run_address>
         <size>0x210</size>
         <input_file_ref idref="fl-e9"/>
      </object_component>
      <object_component id="oc-319">
         <name>.debug_info</name>
         <load_address>0xffd2</load_address>
         <run_address>0xffd2</run_address>
         <size>0x3a3</size>
         <input_file_ref idref="fl-ea"/>
      </object_component>
      <object_component id="oc-2bf">
         <name>.debug_info</name>
         <load_address>0x10375</load_address>
         <run_address>0x10375</run_address>
         <size>0x20c</size>
         <input_file_ref idref="fl-ea"/>
      </object_component>
      <object_component id="oc-31f">
         <name>.debug_info</name>
         <load_address>0x10581</load_address>
         <run_address>0x10581</run_address>
         <size>0x377</size>
         <input_file_ref idref="fl-eb"/>
      </object_component>
      <object_component id="oc-2ca">
         <name>.debug_info</name>
         <load_address>0x108f8</load_address>
         <run_address>0x108f8</run_address>
         <size>0x1fb</size>
         <input_file_ref idref="fl-eb"/>
      </object_component>
      <object_component id="oc-32d">
         <name>.debug_info</name>
         <load_address>0x10af3</load_address>
         <run_address>0x10af3</run_address>
         <size>0x3d5</size>
         <input_file_ref idref="fl-ec"/>
      </object_component>
      <object_component id="oc-2e0">
         <name>.debug_info</name>
         <load_address>0x10ec8</load_address>
         <run_address>0x10ec8</run_address>
         <size>0x236</size>
         <input_file_ref idref="fl-ec"/>
      </object_component>
      <object_component id="oc-325">
         <name>.debug_info</name>
         <load_address>0x110fe</load_address>
         <run_address>0x110fe</run_address>
         <size>0x396</size>
         <input_file_ref idref="fl-ed"/>
      </object_component>
      <object_component id="oc-2da">
         <name>.debug_info</name>
         <load_address>0x11494</load_address>
         <run_address>0x11494</run_address>
         <size>0x1c6</size>
         <input_file_ref idref="fl-ed"/>
      </object_component>
      <object_component id="oc-321">
         <name>.debug_info</name>
         <load_address>0x1165a</load_address>
         <run_address>0x1165a</run_address>
         <size>0x378</size>
         <input_file_ref idref="fl-ee"/>
      </object_component>
      <object_component id="oc-2ce">
         <name>.debug_info</name>
         <load_address>0x119d2</load_address>
         <run_address>0x119d2</run_address>
         <size>0x200</size>
         <input_file_ref idref="fl-ee"/>
      </object_component>
      <object_component id="oc-343">
         <name>.debug_info</name>
         <load_address>0x11bd2</load_address>
         <run_address>0x11bd2</run_address>
         <size>0x2bb</size>
         <input_file_ref idref="fl-ef"/>
      </object_component>
      <object_component id="oc-340">
         <name>.debug_info</name>
         <load_address>0x11e8d</load_address>
         <run_address>0x11e8d</run_address>
         <size>0x108</size>
         <input_file_ref idref="fl-ef"/>
      </object_component>
      <object_component id="oc-30f">
         <name>.debug_info</name>
         <load_address>0x11f95</load_address>
         <run_address>0x11f95</run_address>
         <size>0x1df</size>
         <input_file_ref idref="fl-ef"/>
      </object_component>
      <object_component id="oc-316">
         <name>.debug_info</name>
         <load_address>0x12174</load_address>
         <run_address>0x12174</run_address>
         <size>0x19a</size>
         <input_file_ref idref="fl-ef"/>
      </object_component>
      <object_component id="oc-332">
         <name>.debug_info</name>
         <load_address>0x1230e</load_address>
         <run_address>0x1230e</run_address>
         <size>0x3cf</size>
         <input_file_ref idref="fl-f1"/>
      </object_component>
      <object_component id="oc-2f6">
         <name>.debug_info</name>
         <load_address>0x126dd</load_address>
         <run_address>0x126dd</run_address>
         <size>0x195</size>
         <input_file_ref idref="fl-f1"/>
      </object_component>
      <object_component id="oc-352">
         <name>.debug_info</name>
         <load_address>0x12872</load_address>
         <run_address>0x12872</run_address>
         <size>0x2a4</size>
         <input_file_ref idref="fl-f2"/>
      </object_component>
      <object_component id="oc-327">
         <name>.debug_info</name>
         <load_address>0x12b16</load_address>
         <run_address>0x12b16</run_address>
         <size>0x24d</size>
         <input_file_ref idref="fl-f2"/>
      </object_component>
      <object_component id="oc-33e">
         <name>.debug_info</name>
         <load_address>0x12d63</load_address>
         <run_address>0x12d63</run_address>
         <size>0x28f</size>
         <input_file_ref idref="fl-f3"/>
      </object_component>
      <object_component id="oc-309">
         <name>.debug_info</name>
         <load_address>0x12ff2</load_address>
         <run_address>0x12ff2</run_address>
         <size>0x245</size>
         <input_file_ref idref="fl-f3"/>
      </object_component>
      <object_component id="oc-33a">
         <name>.debug_info</name>
         <load_address>0x13237</load_address>
         <run_address>0x13237</run_address>
         <size>0x3d1</size>
         <input_file_ref idref="fl-f4"/>
      </object_component>
      <object_component id="oc-2fc">
         <name>.debug_info</name>
         <load_address>0x13608</load_address>
         <run_address>0x13608</run_address>
         <size>0x1a5</size>
         <input_file_ref idref="fl-f4"/>
      </object_component>
      <object_component id="oc-3c4">
         <name>.debug_info</name>
         <load_address>0x137ad</load_address>
         <run_address>0x137ad</run_address>
         <size>0xa8</size>
      </object_component>
      <object_component id="oc-156">
         <name>.debug_line</name>
         <load_address>0x0</load_address>
         <run_address>0x0</run_address>
         <size>0x52</size>
         <input_file_ref idref="fl-2"/>
      </object_component>
      <object_component id="oc-f5">
         <name>.debug_line</name>
         <load_address>0x52</load_address>
         <run_address>0x52</run_address>
         <size>0x99</size>
         <input_file_ref idref="fl-2"/>
      </object_component>
      <object_component id="oc-15a">
         <name>.debug_line</name>
         <load_address>0xeb</load_address>
         <run_address>0xeb</run_address>
         <size>0x2d</size>
         <input_file_ref idref="fl-2"/>
      </object_component>
      <object_component id="oc-84">
         <name>.debug_line</name>
         <load_address>0x118</load_address>
         <run_address>0x118</run_address>
         <size>0x78</size>
         <input_file_ref idref="fl-2"/>
      </object_component>
      <object_component id="oc-42">
         <name>.debug_line</name>
         <load_address>0x190</load_address>
         <run_address>0x190</run_address>
         <size>0x20</size>
         <input_file_ref idref="fl-2"/>
      </object_component>
      <object_component id="oc-15f">
         <name>.debug_line</name>
         <load_address>0x1b0</load_address>
         <run_address>0x1b0</run_address>
         <size>0x31</size>
         <input_file_ref idref="fl-2"/>
      </object_component>
      <object_component id="oc-d0">
         <name>.debug_line</name>
         <load_address>0x1e1</load_address>
         <run_address>0x1e1</run_address>
         <size>0x7c</size>
         <input_file_ref idref="fl-2"/>
      </object_component>
      <object_component id="oc-89">
         <name>.debug_line</name>
         <load_address>0x25d</load_address>
         <run_address>0x25d</run_address>
         <size>0x79</size>
         <input_file_ref idref="fl-2"/>
      </object_component>
      <object_component id="oc-176">
         <name>.debug_line</name>
         <load_address>0x2d6</load_address>
         <run_address>0x2d6</run_address>
         <size>0x2d</size>
         <input_file_ref idref="fl-2"/>
      </object_component>
      <object_component id="oc-169">
         <name>.debug_line</name>
         <load_address>0x303</load_address>
         <run_address>0x303</run_address>
         <size>0x2d</size>
         <input_file_ref idref="fl-2"/>
      </object_component>
      <object_component id="oc-e9">
         <name>.debug_line</name>
         <load_address>0x330</load_address>
         <run_address>0x330</run_address>
         <size>0x4e</size>
         <input_file_ref idref="fl-3"/>
      </object_component>
      <object_component id="oc-1ee">
         <name>.debug_line</name>
         <load_address>0x37e</load_address>
         <run_address>0x37e</run_address>
         <size>0x2d</size>
         <input_file_ref idref="fl-4"/>
      </object_component>
      <object_component id="oc-1ec">
         <name>.debug_line</name>
         <load_address>0x3ab</load_address>
         <run_address>0x3ab</run_address>
         <size>0x2c</size>
         <input_file_ref idref="fl-4"/>
      </object_component>
      <object_component id="oc-10f">
         <name>.debug_line</name>
         <load_address>0x3d7</load_address>
         <run_address>0x3d7</run_address>
         <size>0x109</size>
         <input_file_ref idref="fl-4"/>
      </object_component>
      <object_component id="oc-1dc">
         <name>.debug_line</name>
         <load_address>0x4e0</load_address>
         <run_address>0x4e0</run_address>
         <size>0x39</size>
         <input_file_ref idref="fl-5"/>
      </object_component>
      <object_component id="oc-1de">
         <name>.debug_line</name>
         <load_address>0x519</load_address>
         <run_address>0x519</run_address>
         <size>0x2c</size>
         <input_file_ref idref="fl-5"/>
      </object_component>
      <object_component id="oc-1d5">
         <name>.debug_line</name>
         <load_address>0x545</load_address>
         <run_address>0x545</run_address>
         <size>0x2c</size>
         <input_file_ref idref="fl-5"/>
      </object_component>
      <object_component id="oc-106">
         <name>.debug_line</name>
         <load_address>0x571</load_address>
         <run_address>0x571</run_address>
         <size>0x26f</size>
         <input_file_ref idref="fl-5"/>
      </object_component>
      <object_component id="oc-1d9">
         <name>.debug_line</name>
         <load_address>0x7e0</load_address>
         <run_address>0x7e0</run_address>
         <size>0x2c</size>
         <input_file_ref idref="fl-5"/>
      </object_component>
[...]
         <object_component_ref idref="oc-fc"/>
      </symbol>
      <symbol id="sm-154">
         <name>get_hour</name>
         <value>0x162d</value>
         <object_component_ref idref="oc-fc"/>
      </symbol>
      <symbol id="sm-155">
         <name>set_hour</name>
         <value>0x163f</value>
         <object_component_ref idref="oc-fc"/>
      </symbol>
      <symbol id="sm-156">
         <name>rtc_task</name>
         <value>0x167b</value>
         <object_component_ref idref="oc-fc"/>
      </symbol>
      <symbol id="sm-157">
         <name>set_sec</name>
         <value>0x1667</value>
         <object_component_ref idref="oc-fc"/>
      </symbol>
      <symbol id="sm-1b0">
         <name>current_task</name>
         <value>0x20000bd1</value>
      </symbol>
      <symbol id="sm-1b1">
         <name>pot</name>
         <value>0x20000a20</value>
      </symbol>
      <symbol id="sm-1b2">
         <name>pos</name>
         <value>0x20000960</value>
      </symbol>
      <symbol id="sm-1b3">
         <name>poq</name>
         <value>0x20000000</value>
      </symbol>
      <symbol id="sm-1b4">
         <name>wait_sem</name>
         <value>0x305</value>
         <object_component_ref idref="oc-f6"/>
      </symbol>
      <symbol id="sm-1b5">
         <name>preset_sem</name>
         <value>0x3d1</value>
         <object_component_ref idref="oc-f6"/>
      </symbol>
      <symbol id="sm-1b6">
         <name>put_queue</name>
         <value>0x479</value>
         <object_component_ref idref="oc-f6"/>
      </symbol>
      <symbol id="sm-1b7">
         <name>get_queue</name>
         <value>0x505</value>
         <object_component_ref idref="oc-f6"/>
      </symbol>
      <symbol id="sm-1b8">
         <name>set_state</name>
         <value>0x2b9</value>
         <object_component_ref idref="oc-f6"/>
      </symbol>
      <symbol id="sm-1b9">
         <name>i_am_alive</name>
         <value>0x277</value>
         <object_component_ref idref="oc-f6"/>
      </symbol>
      <symbol id="sm-1ba">
         <name>open_queue</name>
         <value>0x3f9</value>
         <object_component_ref idref="oc-f6"/>
      </symbol>
      <symbol id="sm-1bb">
         <name>retrieve_id</name>
         <value>0x26d</value>
         <object_component_ref idref="oc-f6"/>
      </symbol>
      <symbol id="sm-1bc">
         <name>wait</name>
         <value>0x2d7</value>
         <object_component_ref idref="oc-f6"/>
      </symbol>
      <symbol id="sm-1bd">
         <name>schedule</name>
         <value>0x6c5</value>
         <object_component_ref idref="oc-f6"/>
      </symbol>
      <symbol id="sm-1be">
         <name>init_rtcs</name>
         <value>0x63d</value>
         <object_component_ref idref="oc-f6"/>
      </symbol>
      <symbol id="sm-1bf">
         <name>start_task</name>
         <value>0x5a1</value>
         <object_component_ref idref="oc-f6"/>
      </symbol>
      <symbol id="sm-1c0">
         <name>signal</name>
         <value>0x3ab</value>
         <object_component_ref idref="oc-f6"/>
      </symbol>
      <symbol id="sm-216">
         <name>putc1</name>
         <value>0x85d</value>
         <object_component_ref idref="oc-178"/>
      </symbol>
      <symbol id="sm-217">
         <name>gprintf</name>
         <value>0xd0f</value>
         <object_component_ref idref="oc-178"/>
      </symbol>
      <symbol id="sm-218">
         <name>putStr</name>
         <value>0x88f</value>
         <object_component_ref idref="oc-178"/>
      </symbol>
      <symbol id="sm-219">
         <name>putChars</name>
         <value>0x8af</value>
         <object_component_ref idref="oc-178"/>
      </symbol>
      <symbol id="sm-21a">
         <name>gprint</name>
         <value>0xa51</value>
         <object_component_ref idref="oc-178"/>
      </symbol>
      <symbol id="sm-21b">
         <name>gsprintf</name>
         <value>0xd39</value>
         <object_component_ref idref="oc-178"/>
      </symbol>
      <symbol id="sm-21c">
         <name>putHex</name>
         <value>0x9cd</value>
         <object_component_ref idref="oc-178"/>
      </symbol>
      <symbol id="sm-21d">
         <name>putDec</name>
         <value>0x8d9</value>
         <object_component_ref idref="oc-178"/>
      </symbol>
      <symbol id="sm-21e">
         <name>gfprintf</name>
         <value>0xce5</value>
         <object_component_ref idref="oc-178"/>
      </symbol>
      <symbol id="sm-23a">
         <name>ticks</name>
         <value>0x20000fbc</value>
         <object_component_ref idref="oc-7b"/>
      </symbol>
      <symbol id="sm-23b">
         <name>systick_handler</name>
         <value>0x1e05</value>
         <object_component_ref idref="oc-30"/>
      </symbol>
      <symbol id="sm-23c">
         <name>init_systick</name>
         <value>0x1e0f</value>
         <object_component_ref idref="oc-30"/>
      </symbol>
      <symbol id="sm-258">
         <name>ResetISR</name>
         <value>0x2731</value>
         <object_component_ref idref="oc-2a"/>
      </symbol>
      <symbol id="sm-259">
         <name>g_pfnVectors</name>
         <value>0x0</value>
         <object_component_ref idref="oc-12"/>
      </symbol>
      <symbol id="sm-28f">
         <name>uart0_init</name>
         <value>0x120d</value>
         <object_component_ref idref="oc-ea"/>
      </symbol>
      <symbol id="sm-290">
         <name>lcrh_parity</name>
         <value>0x11ad</value>
         <object_component_ref idref="oc-ea"/>
      </symbol>
      <symbol id="sm-291">
         <name>uart_rx_task</name>
         <value>0x1111</value>
         <object_component_ref idref="oc-ea"/>
      </symbol>
      <symbol id="sm-292">
         <name>uart0_getc</name>
         <value>0x10e9</value>
         <object_component_ref idref="oc-ea"/>
      </symbol>
      <symbol id="sm-293">
         <name>uart0_get_q</name>
         <value>0x10cf</value>
         <object_component_ref idref="oc-ea"/>
      </symbol>
      <symbol id="sm-294">
         <name>uart0_fifos_disable</name>
         <value>0x1201</value>
         <object_component_ref idref="oc-ea"/>
      </symbol>
      <symbol id="sm-295">
         <name>lcrh_stopbits</name>
         <value>0x1193</value>
         <object_component_ref idref="oc-ea"/>
      </symbol>
      <symbol id="sm-296">
         <name>lcrh_databits</name>
         <value>0x1169</value>
         <object_component_ref idref="oc-ea"/>
      </symbol>
      <symbol id="sm-297">
         <name>uart0_putc</name>
         <value>0x10fd</value>
         <object_component_ref idref="oc-ea"/>
      </symbol>
      <symbol id="sm-298">
         <name>uart0_fifos_enable</name>
         <value>0x11f5</value>
         <object_component_ref idref="oc-ea"/>
      </symbol>
      <symbol id="sm-299">
         <name>uart0_tx_rdy</name>
         <value>0x10f1</value>
         <object_component_ref idref="oc-ea"/>
      </symbol>
      <symbol id="sm-29a">
         <name>uart0_rx_rdy</name>
         <value>0x10df</value>
         <object_component_ref idref="oc-ea"/>
      </symbol>
      <symbol id="sm-29b">
         <name>uart_tx_task</name>
         <value>0x1141</value>
         <object_component_ref idref="oc-ea"/>
      </symbol>
      <symbol id="sm-29c">
         <name>uart0_put_q</name>
         <value>0x10b9</value>
         <object_component_ref idref="oc-ea"/>
      </symbol>
      <symbol id="sm-2c2">
         <name>ui_task</name>
         <value>0x12e9</value>
         <object_component_ref idref="oc-108"/>
      </symbol>
      <symbol id="sm-2c3">
         <name>ui_key_task</name>
         <value>0x1311</value>
         <object_component_ref idref="oc-108"/>
      </symbol>
      <symbol id="sm-2e6">
         <name>getc</name>
         <value>0x1d81</value>
         <object_component_ref idref="oc-1df"/>
      </symbol>
      <symbol id="sm-2e7">
         <name>getchar</name>
         <value>0x2725</value>
         <object_component_ref idref="oc-18e"/>
      </symbol>
      <symbol id="sm-2e8">
         <name>fgetc</name>
         <value>0x1d81</value>
         <object_component_ref idref="oc-1df"/>
      </symbol>
      <symbol id="sm-301">
         <name>__TI_buff_read</name>
         <value>0x1b21</value>
         <object_component_ref idref="oc-21e"/>
      </symbol>
      <symbol id="sm-318">
         <name>__TI_rd_ok</name>
         <value>0x22d5</value>
         <object_component_ref idref="oc-218"/>
      </symbol>
      <symbol id="sm-334">
         <name>setvbuf</name>
         <value>0x197d</value>
         <object_component_ref idref="oc-240"/>
      </symbol>
      <symbol id="sm-34f">
         <name>memcpy</name>
         <value>0x1c59</value>
         <object_component_ref idref="oc-44"/>
      </symbol>
      <symbol id="sm-350">
         <name>__aeabi_memcpy</name>
         <value>0x1c59</value>
         <object_component_ref idref="oc-44"/>
      </symbol>
      <symbol id="sm-351">
         <name>__aeabi_memcpy8</name>
         <value>0x1c59</value>
         <object_component_ref idref="oc-44"/>
      </symbol>
      <symbol id="sm-352">
         <name>__aeabi_memcpy4</name>
         <value>0x1c59</value>
         <object_component_ref idref="oc-44"/>
      </symbol>
      <symbol id="sm-361">
         <name>__aeabi_uidivmod</name>
         <value>0x2479</value>
         <object_component_ref idref="oc-1c6"/>
      </symbol>
      <symbol id="sm-362">
         <name>__aeabi_uidiv</name>
         <value>0x2479</value>
         <object_component_ref idref="oc-1c6"/>
      </symbol>
      <symbol id="sm-379">
         <name>__TI_zero_init</name>
         <value>0x2719</value>
         <object_component_ref idref="oc-56"/>
      </symbol>
      <symbol id="sm-390">
         <name>__TI_decompress_none</name>
         <value>0x270b</value>
         <object_component_ref idref="oc-1b"/>
      </symbol>
      <symbol id="sm-3b3">
         <name>__TI_decompress_lzss</name>
         <value>0x20b5</value>
         <object_component_ref idref="oc-15"/>
      </symbol>
      <symbol id="sm-3d9">
         <name>C$$EXIT</name>
         <value>0x2749</value>
         <object_component_ref idref="oc-115"/>
      </symbol>
      <symbol id="sm-3da">
         <name>abort</name>
         <value>0x2749</value>
         <object_component_ref idref="oc-115"/>
      </symbol>
      <symbol id="sm-3db">
         <name>__TI_dtors_ptr</name>
         <value>0x20000fa4</value>
         <object_component_ref idref="oc-19e"/>
      </symbol>
      <symbol id="sm-3dc">
         <name>__TI_cleanup_ptr</name>
         <value>0x20000fa0</value>
         <object_component_ref idref="oc-19e"/>
      </symbol>
      <symbol id="sm-3dd">
         <name>__TI_enable_exit_profile_output</name>
         <value>0x20000fa8</value>
         <object_component_ref idref="oc-19e"/>
      </symbol>
      <symbol id="sm-3de">
         <name>exit</name>
         <value>0x2321</value>
         <object_component_ref idref="oc-11b"/>
      </symbol>
      <symbol id="sm-3f3">
         <name>_nop</name>
         <value>0x1efb</value>
         <object_component_ref idref="oc-1f1"/>
      </symbol>
      <symbol id="sm-3f4">
         <name>_lock</name>
         <value>0x20000fac</value>
         <object_component_ref idref="oc-1a1"/>
      </symbol>
      <symbol id="sm-3f5">
         <name>_unlock</name>
         <value>0x20000fb0</value>
         <object_component_ref idref="oc-1a1"/>
      </symbol>
      <symbol id="sm-40a">
         <name>__TI_tmpnams</name>
         <value>0x20000ae0</value>
      </symbol>
      <symbol id="sm-40b">
         <name>__aeabi_stdout</name>
         <value>0x20000f98</value>
         <object_component_ref idref="oc-24e"/>
      </symbol>
      <symbol id="sm-40c">
         <name>__aeabi_stderr</name>
         <value>0x20000f9c</value>
         <object_component_ref idref="oc-24e"/>
      </symbol>
      <symbol id="sm-40d">
         <name>__aeabi_stdin</name>
         <value>0x20000f94</value>
         <object_component_ref idref="oc-24e"/>
      </symbol>
      <symbol id="sm-40e">
         <name>_ftable</name>
         <value>0x20000dd8</value>
         <object_component_ref idref="oc-1e5"/>
      </symbol>
      <symbol id="sm-40f">
         <name>__TI_ft_end</name>
         <value>0x20000f90</value>
         <object_component_ref idref="oc-24e"/>
      </symbol>
      <symbol id="sm-498">
         <name>_sys_memory</name>
         <value>0x20000fc8</value>
         <object_component_ref idref="oc-24"/>
      </symbol>
      <symbol id="sm-499">
         <name>free</name>
         <value>0x1899</value>
         <object_component_ref idref="oc-261"/>
      </symbol>
      <symbol id="sm-49a">
         <name>memalign</name>
         <value>0x1799</value>
         <object_component_ref idref="oc-2a7"/>
      </symbol>
      <symbol id="sm-49b">
         <name>malloc</name>
         <value>0x273d</value>
         <object_component_ref idref="oc-267"/>
      </symbol>
      <symbol id="sm-49c">
         <name>aligned_alloc</name>
         <value>0x1799</value>
         <object_component_ref idref="oc-2a7"/>
      </symbol>
      <symbol id="sm-4af">
         <name>__stack</name>
         <value>0x20000bd8</value>
         <object_component_ref idref="oc-27"/>
      </symbol>
      <symbol id="sm-4b0">
         <name>_c_int00_noargs</name>
         <value>0x2591</value>
         <object_component_ref idref="oc-62"/>
      </symbol>
      <symbol id="sm-4ca">
         <name>read</name>
         <value>0x2649</value>
         <object_component_ref idref="oc-224"/>
      </symbol>
      <symbol id="sm-4da">
         <name>__TI_doflush</name>
         <value>0x2289</value>
         <object_component_ref idref="oc-248"/>
      </symbol>
      <symbol id="sm-4ea">
         <name>__TI_cleanup</name>
         <value>0x2529</value>
         <object_component_ref idref="oc-26d"/>
      </symbol>
      <symbol id="sm-4f5">
         <name>__aeabi_idiv0</name>
         <value>0x231f</value>
         <object_component_ref idref="oc-210"/>
      </symbol>
      <symbol id="sm-4f6">
         <name>__aeabi_ldiv0</name>
         <value>0x231f</value>
         <object_component_ref idref="oc-210"/>
      </symbol>
      <symbol id="sm-505">
         <name>__aeabi_memset</name>
         <value>0x1e83</value>
         <object_component_ref idref="oc-a0"/>
      </symbol>
      <symbol id="sm-506">
         <name>memset</name>
         <value>0x1e89</value>
         <object_component_ref idref="oc-a0"/>
      </symbol>
      <symbol id="sm-507">
         <name>__aeabi_memset8</name>
         <value>0x1e83</value>
         <object_component_ref idref="oc-a0"/>
      </symbol>
      <symbol id="sm-508">
         <name>__aeabi_memset4</name>
         <value>0x1e83</value>
         <object_component_ref idref="oc-a0"/>
      </symbol>
      <symbol id="sm-509">
         <name>__aeabi_memclr8</name>
         <value>0x1e81</value>
         <object_component_ref idref="oc-a0"/>
      </symbol>
      <symbol id="sm-50a">
         <name>__aeabi_memclr4</name>
         <value>0x1e81</value>
         <object_component_ref idref="oc-a0"/>
      </symbol>
      <symbol id="sm-50b">
         <name>__aeabi_memclr</name>
         <value>0x1e81</value>
         <object_component_ref idref="oc-a0"/>
      </symbol>
      <symbol id="sm-533">
         <name>__TI_auto_init_nobinit_nopinit</name>
         <value>0x23f1</value>
         <object_component_ref idref="oc-121"/>
      </symbol>
      <symbol id="sm-53d">
         <name>_system_pre_init</name>
         <value>0x2745</value>
         <object_component_ref idref="oc-a6"/>
      </symbol>
      <symbol id="sm-54f">
         <name>write</name>
         <value>0x2671</value>
         <object_component_ref idref="oc-27c"/>
      </symbol>
      <symbol id="sm-560">
         <name>_stream</name>
         <value>0x20000f40</value>
         <object_component_ref idref="oc-253"/>
      </symbol>
      <symbol id="sm-561">
         <name>_device</name>
         <value>0x20000ec8</value>
         <object_component_ref idref="oc-288"/>
      </symbol>
      <symbol id="sm-578">
         <name>__TI_closefile</name>
         <value>0x1efd</value>
         <object_component_ref idref="oc-2ae"/>
      </symbol>
      <symbol id="sm-5a0">
         <name>finddevice</name>
         <value>0x25c5</value>
         <object_component_ref idref="oc-363"/>
      </symbol>
      <symbol id="sm-5a1">
         <name>getdevice</name>
         <value>0x2435</value>
         <object_component_ref idref="oc-333"/>
      </symbol>
      <symbol id="sm-5b1">
         <name>strchr</name>
         <value>0x26cd</value>
         <object_component_ref idref="oc-357"/>
      </symbol>
      <symbol id="sm-5c0">
         <name>strcmp</name>
         <value>0x26b5</value>
         <object_component_ref idref="oc-37e"/>
      </symbol>
      <symbol id="sm-5d0">
         <name>strncpy</name>
         <value>0x24f1</value>
         <object_component_ref idref="oc-35d"/>
      </symbol>
      <symbol id="sm-5e1">
         <name>HOSTclose</name>
         <value>0x2369</value>
         <object_component_ref idref="oc-2c1"/>
      </symbol>
      <symbol id="sm-5f2">
         <name>HOSTlseek</name>
         <value>0x204d</value>
         <object_component_ref idref="oc-2d3"/>
      </symbol>
      <symbol id="sm-604">
         <name>parmbuf</name>
         <value>0x20000bc8</value>
      </symbol>
      <symbol id="sm-605">
         <name>HOSTopen</name>
         <value>0x211d</value>
         <object_component_ref idref="oc-2bb"/>
      </symbol>
      <symbol id="sm-616">
         <name>HOSTread</name>
         <value>0x21d9</value>
         <object_component_ref idref="oc-2c7"/>
      </symbol>
      <symbol id="sm-627">
         <name>HOSTrename</name>
         <value>0x1fe1</value>
         <object_component_ref idref="oc-2df"/>
      </symbol>
      <symbol id="sm-638">
         <name>HOSTunlink</name>
         <value>0x23ad</value>
         <object_component_ref idref="oc-2d9"/>
      </symbol>
      <symbol id="sm-649">
         <name>HOSTwrite</name>
         <value>0x2231</value>
         <object_component_ref idref="oc-2cd"/>
      </symbol>
      <symbol id="sm-66d">
         <name>__TI_readmsg</name>
         <value>0x255d</value>
         <object_component_ref idref="oc-312"/>
      </symbol>
      <symbol id="sm-66e">
         <name>C$$IO$$</name>
         <value>0x24e7</value>
         <object_component_ref idref="oc-30c"/>
      </symbol>
      <symbol id="sm-66f">
         <name>__CIOBUF_</name>
         <value>0x20000840</value>
         <object_component_ref idref="oc-33f"/>
      </symbol>
      <symbol id="sm-670">
         <name>__TI_writemsg</name>
         <value>0x24b9</value>
         <object_component_ref idref="oc-30c"/>
      </symbol>
      <symbol id="sm-685">
         <name>close</name>
         <value>0x217d</value>
         <object_component_ref idref="oc-2f5"/>
      </symbol>
      <symbol id="sm-693">
         <name>strcpy</name>
         <value>0x26e3</value>
         <object_component_ref idref="oc-326"/>
      </symbol>
      <symbol id="sm-6a1">
         <name>strlen</name>
         <value>0x26f7</value>
         <object_component_ref idref="oc-306"/>
      </symbol>
      <symbol id="sm-6b1">
         <name>unlink</name>
         <value>0x25f5</value>
         <object_component_ref idref="oc-2fb"/>
      </symbol>
      <symbol id="sm-6b2">
         <name>__TI_static_base__</name>
         <value>0x0</value>
      </symbol>
      <symbol id="sm-6b5">
         <name>__mpu_init</name>
         <value>0x0</value>
      </symbol>
      <symbol id="sm-6b6">
         <name>_system_post_cinit</name>
         <value>0x0</value>
      </symbol>
      <symbol id="sm-6b7">
         <name>remove</name>
         <value>0x25f5</value>
      </symbol>
   </symbol_table>
   <title>Link successful</title>
</link_info>
