******************************************************************************
                  TI ARM Linker PC v20.2.7                     
******************************************************************************
>> Linked Fri Apr 12 13:25:57 2024

OUTPUT FILE NAME:   <Assignment_6_2.out>
ENTRY POINT SYMBOL: "_c_int00_noargs"  address: 000020a5


MEMORY CONFIGURATION

         name            origin    length      used     unused   attr    fill
----------------------  --------  ---------  --------  --------  ----  --------
  FLASH                 00000000   00040000  0000214c  0003deb4  R  X
  SRAM                  20000000   00008000  00000c18  000073e8  RW X


SEGMENT ALLOCATION MAP

run origin  load origin   length   init length attrs members
----------  ----------- ---------- ----------- ----- -------
00000000    00000000    00002150   00002150    r-x
  00000000    00000000    0000026c   0000026c    r-- .intvecs
  0000026c    0000026c    00001e9a   00001e9a    r-x .text
  00002106    00002106    00000016   00000016    r-- .const
  00002120    00002120    00000030   00000030    r-- .cinit
20000000    20000000    00000c1b   00000000    rw-
  20000000    20000000    00000a0d   00000000    rw- .bss
  20000a10    20000a10    00000200   00000000    rw- .stack
  20000c10    20000c10    0000000b   00000000    rw- .data


SECTION ALLOCATION MAP

 output                                  attributes/
section   page    origin      length       input sections
--------  ----  ----------  ----------   ----------------
.intvecs   0    00000000    0000026c     
                  00000000    0000026c     tm4c123gh6pm_startup_ccs.obj (.intvecs)

.text      0    0000026c    00001e9a     
                  0000026c    0000072c     rtcs.obj (.text)
                  00000998    0000052c     ui.obj (.text)
                  00000ec4    00000514     string.obj (.text)
                  000013d8    00000348     lcd.obj (.text)
                  00001720    00000230     uart.obj (.text)
                  00001950    0000017c     key.obj (.text)
                  00001acc    0000016c     rtc.obj (.text)
                  00001c38    000000c8     file.obj (.text)
                  00001d00    0000009c     rtsv7M4_T_le_v4SPD16_eabi.lib : memcpy_t2.asm.obj (.text)
                  00001d9c    00000098     main.obj (.text)
                  00001e34    0000008c     gpio.obj (.text)
                  00001ec0    0000007c     systick.obj (.text)
                  00001f3c    0000007a     rtsv7M4_T_le_v4SPD16_eabi.lib : memset_t2.asm.obj (.text)
                  00001fb6    00000068                                   : copy_decompress_lzss.c.obj (.text:decompress:lzss:__TI_decompress_lzss)
                  0000201e    00000002                                   : div0.asm.obj (.text)
                  00002020    00000044                                   : autoinit.c.obj (.text:__TI_auto_init_nobinit_nopinit:__TI_auto_init_nobinit_nopinit)
                  00002064    00000040                                   : u_divt2.asm.obj (.text)
                  000020a4    00000034                                   : boot_cortex_m.c.obj (.text:_c_int00_noargs:_c_int00_noargs)
                  000020d8    0000000e                                   : copy_decompress_none.c.obj (.text:decompress:none:__TI_decompress_none)
                  000020e6    0000000c                                   : copy_zero_init.c.obj (.text:decompress:ZI:__TI_zero_init)
                  000020f2    0000000c     tm4c123gh6pm_startup_ccs.obj (.text)
                  000020fe    00000004     rtsv7M4_T_le_v4SPD16_eabi.lib : pre_init.c.obj (.text:_system_pre_init)
                  00002102    00000004                                   : exit.c.obj (.text:abort:abort)

.const     0    00002106    00000016     
                  00002106    0000000c     key.obj (.const:$P$T0$1)
                  00002112    0000000a     lcd.obj (.const:.string:LCD_init_sequense)

.cinit     0    00002120    00000030     
                  00002120    0000000c     (__TI_handler_table)
                  0000212c    00000004     --HOLE-- [fill = 0]
                  00002130    00000008     (.cinit..bss.load) [load image, compression = zero_init]
                  00002138    00000007     (.cinit..data.load) [load image, compression = lzss]
                  0000213f    00000001     --HOLE-- [fill = 0]
                  00002140    00000010     (__TI_cinit_table)

.init_array 
*          0    00000000    00000000     UNINITIALIZED

.bss       0    20000000    00000a0d     UNINITIALIZED
                  20000000    00000840     (.common:poq)
                  20000840    000000c0     (.common:pos)
                  20000900    000000c0     (.common:pot)
                  200009c0    00000040     (.common:pof)
                  20000a00    00000008     ui.obj (.bss:Buf$2)
                  20000a08    00000001     (.common:LCD_init)
                  20000a09    00000001     (.common:current_task)
                  20000a0a    00000001     (.common:hour)
                  20000a0b    00000001     (.common:min)
                  20000a0c    00000001     (.common:sec)

.data      0    20000c10    0000000b     UNINITIALIZED
                  20000c10    00000004     systick.obj (.data)
                  20000c14    00000004     ui.obj (.data)
                  20000c18    00000002     lcd.obj (.data)
                  20000c1a    00000001     rtcs.obj (.data)

.stack     0    20000a10    00000200     UNINITIALIZED
                  20000a10    00000004     rtsv7M4_T_le_v4SPD16_eabi.lib : boot_cortex_m.c.obj (.stack)
                  20000a14    000001fc     --HOLE--

__llvm_prf_cnts 
*          0    20000000    00000000     UNINITIALIZED

MODULE SUMMARY

       Module                         code   ro data   rw data
       ------                         ----   -------   -------
    .\
       rtcs.obj                       1836   0         2498   
       ui.obj                         1324   0         12     
       string.obj                     1300   0         0      
       lcd.obj                        840    10        3      
       tm4c123gh6pm_startup_ccs.obj   12     620       0      
       uart.obj                       560    0         0      
       key.obj                        380    12        0      
       rtc.obj                        364    0         3      
       file.obj                       200    0         64     
       main.obj                       152    0         0      
       gpio.obj                       140    0         0      
       systick.obj                    124    0         4      
    +--+------------------------------+------+---------+---------+
       Total:                         7232   642       2584   
                                                              
    C:\Users\Andreas Skeem\ccs\tools\compiler\ti-cgt-arm_20.2.7.LTS\lib\rtsv7M4_T_le_v4SPD16_eabi.lib
       memcpy_t2.asm.obj              156    0         0      
       memset_t2.asm.obj              122    0         0      
       copy_decompress_lzss.c.obj     104    0         0      
       autoinit.c.obj                 68     0         0      
       u_divt2.asm.obj                64     0         0      
       boot_cortex_m.c.obj            52     0         0      
       copy_decompress_none.c.obj     14     0         0      
       copy_zero_init.c.obj           12     0         0      
       exit.c.obj                     4      0         0      
       pre_init.c.obj                 4      0         0      
       div0.asm.obj                   2      0         0      
    +--+------------------------------+------+---------+---------+
       Total:                         602    0         0      
                                                              
       Stack:                         0      0         512    
       Linker Generated:              0      43        0      
    +--+------------------------------+------+---------+---------+
       Grand Total:                   7834   685       3096   


LINKER GENERATED COPY TABLES

__TI_cinit_table @ 00002140 records: 2, size/record: 8, table size: 16
	.bss: load addr=00002130, load size=00000008 bytes, run addr=20000000, run size=00000a0d bytes, compression=zero_init
	.data: load addr=00002138, load size=00000007 bytes, run addr=20000c10, run size=0000000b bytes, compression=lzss


LINKER GENERATED HANDLER TABLE

__TI_handler_table @ 00002120 records: 3, size/record: 4, table size: 12
	index: 0, handler: __TI_decompress_lzss
	index: 1, handler: __TI_decompress_none
	index: 2, handler: __TI_zero_init


GLOBAL SYMBOLS: SORTED ALPHABETICALLY BY Name 

address   name                          
-------   ----                          
00002103  C$$EXIT                       
20000a08  LCD_init                      
00002112  LCD_init_sequense             
20000c18  LCD_state                     
000020f3  ResetISR                      
000015e3  Set_cursor                    
20000c10  __STACK_END                   
00000200  __STACK_SIZE                  
20000c10  __STACK_TOP                   
00002140  __TI_CINIT_Base               
00002150  __TI_CINIT_Limit              
00002120  __TI_Handler_Table_Base       
0000212c  __TI_Handler_Table_Limit      
00002021  __TI_auto_init_nobinit_nopinit
00001fb7  __TI_decompress_lzss          
000020d9  __TI_decompress_none          
ffffffff  __TI_pprof_out_hndl           
ffffffff  __TI_prof_data_size           
ffffffff  __TI_prof_data_start          
00000000  __TI_static_base__            
000020e7  __TI_zero_init                
0000201f  __aeabi_idiv0                 
0000201f  __aeabi_ldiv0                 
00001f3d  __aeabi_memclr                
00001f3d  __aeabi_memclr4               
00001f3d  __aeabi_memclr8               
00001d01  __aeabi_memcpy                
00001d01  __aeabi_memcpy4               
00001d01  __aeabi_memcpy8               
00001f3f  __aeabi_memset                
00001f3f  __aeabi_memset4               
00001f3f  __aeabi_memset8               
00002065  __aeabi_uidiv                 
00002065  __aeabi_uidivmod              
ffffffff  __binit__                     
ffffffff  __c_args__                    
UNDEFED   __mpu_init                    
20000a10  __stack                       
20000000  __start___llvm_prf_cnts       
20000000  __stop___llvm_prf_cnts        
000020a5  _c_int00_noargs               
UNDEFED   _system_post_cinit            
000020ff  _system_pre_init              
00002103  abort                         
ffffffff  binit                         
000019db  check_column                  
000015cf  clr_LCD                       
20000a09  current_task                  
00001b9d  display_rtc_task              
00000000  g_pfnVectors                  
00001c5b  get_file                      
00001acd  get_hour                      
000019cb  get_keyboard                  
00001ad3  get_min                       
00000659  get_queue                     
00001ad9  get_sec                       
0000026d  get_task_condition            
000002f5  get_task_event                
000002b1  get_task_name                 
00000317  get_task_sem                  
000002d3  get_task_state                
00000339  get_task_timer                
0000134d  gfprintf                      
000010b9  gprint                        
00001377  gprintf                       
000013a1  gsprintf                      
000015d9  home_LCD                      
20000a0a  hour                          
00000391  i_am_alive                    
00001c87  init_files                    
00001e35  init_gpio                     
00000781  init_rtcs                     
00001ecb  init_systick                  
0000199d  key_catch                     
00001a1d  key_task                      
0000162f  lcd_task                      
000017d1  lcrh_databits                 
00001815  lcrh_parity                   
000017fb  lcrh_stopbits                 
00001d9d  main                          
00001d01  memcpy                        
00001f45  memset                        
20000a0b  min                           
0000140b  move_LCD                      
00000513  open_queue                    
000015f3  out_LCD                       
00001563  out_LCD_high                  
00001519  out_LCD_low                   
200009c0  pof                           
20000000  poq                           
20000840  pos                           
20000900  pot                           
000004eb  preset_sem                    
00000f17  putChars                      
00000f41  putDec                        
00001035  putHex                        
00000ef7  putStr                        
00001c39  put_file                      
000005b9  put_queue                     
00000ec5  putc1                         
0000035b  queue_empty                   
00000387  retrieve_id                   
00001951  row                           
00001b1b  rtc_task                      
000007fd  schedule                      
20000a0c  sec                           
00001adf  set_hour                      
00001af3  set_min                       
00001b07  set_sec                       
000003d3  set_state                     
000004c5  signal                        
000006f9  start_task                    
00001ec1  systick_handler               
20000c10  ticks                         
00001869  uart0_fifos_disable           
0000185d  uart0_fifos_enable            
00001737  uart0_get_q                   
00001751  uart0_getc                    
00001875  uart0_init                    
00001721  uart0_put_q                   
00001765  uart0_putc                    
00001747  uart0_rx_rdy                  
00001759  uart0_tx_rdy                  
00001779  uart_rx_task                  
000017a9  uart_tx_task                  
00000bf9  ui_key_task                   
00000999  ui_task                       
000003f1  wait                          
0000041f  wait_sem                      
000013d9  wr_ch_LCD                     
00001579  wr_ctrl_LCD                   
00001503  wr_ctrl_LCD_high              
00001441  wr_ctrl_LCD_low               
000013ed  wr_str_LCD                    


GLOBAL SYMBOLS: SORTED BY Symbol Address 

address   name                          
-------   ----                          
00000000  __TI_static_base__            
00000000  g_pfnVectors                  
00000200  __STACK_SIZE                  
0000026d  get_task_condition            
000002b1  get_task_name                 
000002d3  get_task_state                
000002f5  get_task_event                
00000317  get_task_sem                  
00000339  get_task_timer                
0000035b  queue_empty                   
00000387  retrieve_id                   
00000391  i_am_alive                    
000003d3  set_state                     
000003f1  wait                          
0000041f  wait_sem                      
000004c5  signal                        
000004eb  preset_sem                    
00000513  open_queue                    
000005b9  put_queue                     
00000659  get_queue                     
000006f9  start_task                    
00000781  init_rtcs                     
000007fd  schedule                      
00000999  ui_task                       
00000bf9  ui_key_task                   
00000ec5  putc1                         
00000ef7  putStr                        
00000f17  putChars                      
00000f41  putDec                        
00001035  putHex                        
000010b9  gprint                        
0000134d  gfprintf                      
00001377  gprintf                       
000013a1  gsprintf                      
000013d9  wr_ch_LCD                     
000013ed  wr_str_LCD                    
0000140b  move_LCD                      
00001441  wr_ctrl_LCD_low               
00001503  wr_ctrl_LCD_high              
00001519  out_LCD_low                   
00001563  out_LCD_high                  
00001579  wr_ctrl_LCD                   
000015cf  clr_LCD                       
000015d9  home_LCD                      
000015e3  Set_cursor                    
000015f3  out_LCD                       
0000162f  lcd_task                      
00001721  uart0_put_q                   
00001737  uart0_get_q                   
00001747  uart0_rx_rdy                  
00001751  uart0_getc                    
00001759  uart0_tx_rdy                  
00001765  uart0_putc                    
00001779  uart_rx_task                  
000017a9  uart_tx_task                  
000017d1  lcrh_databits                 
000017fb  lcrh_stopbits                 
00001815  lcrh_parity                   
0000185d  uart0_fifos_enable            
00001869  uart0_fifos_disable           
00001875  uart0_init                    
00001951  row                           
0000199d  key_catch                     
000019cb  get_keyboard                  
000019db  check_column                  
00001a1d  key_task                      
00001acd  get_hour                      
00001ad3  get_min                       
00001ad9  get_sec                       
00001adf  set_hour                      
00001af3  set_min                       
00001b07  set_sec                       
00001b1b  rtc_task                      
00001b9d  display_rtc_task              
00001c39  put_file                      
00001c5b  get_file                      
00001c87  init_files                    
00001d01  __aeabi_memcpy                
00001d01  __aeabi_memcpy4               
00001d01  __aeabi_memcpy8               
00001d01  memcpy                        
00001d9d  main                          
00001e35  init_gpio                     
00001ec1  systick_handler               
00001ecb  init_systick                  
00001f3d  __aeabi_memclr                
00001f3d  __aeabi_memclr4               
00001f3d  __aeabi_memclr8               
00001f3f  __aeabi_memset                
00001f3f  __aeabi_memset4               
00001f3f  __aeabi_memset8               
00001f45  memset                        
00001fb7  __TI_decompress_lzss          
0000201f  __aeabi_idiv0                 
0000201f  __aeabi_ldiv0                 
00002021  __TI_auto_init_nobinit_nopinit
00002065  __aeabi_uidiv                 
00002065  __aeabi_uidivmod              
000020a5  _c_int00_noargs               
000020d9  __TI_decompress_none          
000020e7  __TI_zero_init                
000020f3  ResetISR                      
000020ff  _system_pre_init              
00002103  C$$EXIT                       
00002103  abort                         
00002112  LCD_init_sequense             
00002120  __TI_Handler_Table_Base       
0000212c  __TI_Handler_Table_Limit      
00002140  __TI_CINIT_Base               
00002150  __TI_CINIT_Limit              
20000000  __start___llvm_prf_cnts       
20000000  __stop___llvm_prf_cnts        
20000000  poq                           
20000840  pos                           
20000900  pot                           
200009c0  pof                           
20000a08  LCD_init                      
20000a09  current_task                  
20000a0a  hour                          
20000a0b  min                           
20000a0c  sec                           
20000a10  __stack                       
20000c10  __STACK_END                   
20000c10  __STACK_TOP                   
20000c10  ticks                         
20000c18  LCD_state                     
ffffffff  __TI_pprof_out_hndl           
ffffffff  __TI_prof_data_size           
ffffffff  __TI_prof_data_start          
ffffffff  __binit__                     
ffffffff  __c_args__                    
ffffffff  binit                         
UNDEFED   __mpu_init                    
UNDEFED   _system_post_cinit            

[134 symbols]
