<?xml version="1.0" encoding="ISO-8859-1" ?>
<link_info>
   <banner>TI ARM Linker PC v20.2.7.LTS</banner>
   <copyright>Copyright (c) 1996-2018 Texas Instruments Incorporated</copyright>
   <link_time>0x661cc849</link_time>
   <link_errors>0x0</link_errors>
   <output_file>Assignment_6_2.out</output_file>
   <entry_point>
      <name>_c_int00_noargs</name>
      <address>0x24a5</address>
   </entry_point>
   <input_file_list>
      <input_file id="fl-2">
         <path>.\</path>
         <kind>object</kind>
         <file>debug.obj</file>
         <name>debug.obj</name>
      </input_file>
      <input_file id="fl-3">
         <path>.\</path>
         <kind>object</kind>
         <file>file.obj</file>
         <name>file.obj</name>
      </input_file>
      <input_file id="fl-4">
         <path>.\</path>
         <kind>object</kind>
         <file>gpio.obj</file>
         <name>gpio.obj</name>
      </input_file>
      <input_file id="fl-5">
         <path>.\</path>
         <kind>object</kind>
         <file>key.obj</file>
         <name>key.obj</name>
      </input_file>
      <input_file id="fl-6">
         <path>.\</path>
         <kind>object</kind>
         <file>lcd.obj</file>
         <name>lcd.obj</name>
      </input_file>
      <input_file id="fl-7">
         <path>.\</path>
         <kind>object</kind>
         <file>main.obj</file>
         <name>main.obj</name>
      </input_file>
      <input_file id="fl-8">
         <path>.\</path>
         <kind>object</kind>
         <file>rtc.obj</file>
         <name>rtc.obj</name>
      </input_file>
      <input_file id="fl-9">
         <path>.\</path>
         <kind>object</kind>
         <file>rtcs.obj</file>
         <name>rtcs.obj</name>
      </input_file>
      <input_file id="fl-a">
         <path>.\</path>
         <kind>object</kind>
         <file>string.obj</file>
         <name>string.obj</name>
      </input_file>
      <input_file id="fl-b">
         <path>.\</path>
         <kind>object</kind>
         <file>systick.obj</file>
         <name>systick.obj</name>
      </input_file>
      <input_file id="fl-c">
         <path>.\</path>
         <kind>object</kind>
         <file>tm4c123gh6pm_startup_ccs.obj</file>
         <name>tm4c123gh6pm_startup_ccs.obj</name>
      </input_file>
      <input_file id="fl-d">
         <path>.\</path>
         <kind>object</kind>
         <file>uart.obj</file>
         <name>uart.obj</name>
      </input_file>
      <input_file id="fl-e">
         <path>.\</path>
         <kind>object</kind>
         <file>ui.obj</file>
         <name>ui.obj</name>
      </input_file>
      <input_file id="fl-12">
         <kind>object</kind>
         <file>&lt;internal&gt;</file>
         <name>&lt;internal&gt;</name>
      </input_file>
      <input_file id="fl-c8">
         <path>C:\Users\Andreas Skeem\ccs\tools\compiler\ti-cgt-arm_20.2.7.LTS\lib\</path>
         <kind>archive</kind>
         <file>rtsv7M4_T_le_v4SPD16_eabi.lib</file>
         <name>memcpy_t2.asm.obj</name>
      </input_file>
      <input_file id="fl-c9">
         <path>C:\Users\Andreas Skeem\ccs\tools\compiler\ti-cgt-arm_20.2.7.LTS\lib\</path>
         <kind>archive</kind>
         <file>rtsv7M4_T_le_v4SPD16_eabi.lib</file>
         <name>u_divt2.asm.obj</name>
      </input_file>
      <input_file id="fl-ca">
         <path>C:\Users\Andreas Skeem\ccs\tools\compiler\ti-cgt-arm_20.2.7.LTS\lib\</path>
         <kind>archive</kind>
         <file>rtsv7M4_T_le_v4SPD16_eabi.lib</file>
         <name>copy_zero_init.c.obj</name>
      </input_file>
      <input_file id="fl-cb">
         <path>C:\Users\Andreas Skeem\ccs\tools\compiler\ti-cgt-arm_20.2.7.LTS\lib\</path>
         <kind>archive</kind>
         <file>rtsv7M4_T_le_v4SPD16_eabi.lib</file>
         <name>copy_decompress_none.c.obj</name>
      </input_file>
      <input_file id="fl-cc">
         <path>C:\Users\Andreas Skeem\ccs\tools\compiler\ti-cgt-arm_20.2.7.LTS\lib\</path>
         <kind>archive</kind>
         <file>rtsv7M4_T_le_v4SPD16_eabi.lib</file>
         <name>copy_decompress_lzss.c.obj</name>
      </input_file>
      <input_file id="fl-cd">
         <path>C:\Users\Andreas Skeem\ccs\tools\compiler\ti-cgt-arm_20.2.7.LTS\lib\</path>
         <kind>archive</kind>
         <file>rtsv7M4_T_le_v4SPD16_eabi.lib</file>
         <name>boot_cortex_m.c.obj</name>
      </input_file>
      <input_file id="fl-ce">
         <path>C:\Users\Andreas Skeem\ccs\tools\compiler\ti-cgt-arm_20.2.7.LTS\lib\</path>
         <kind>archive</kind>
         <file>rtsv7M4_T_le_v4SPD16_eabi.lib</file>
         <name>div0.asm.obj</name>
      </input_file>
      <input_file id="fl-cf">
         <path>C:\Users\Andreas Skeem\ccs\tools\compiler\ti-cgt-arm_20.2.7.LTS\lib\</path>
         <kind>archive</kind>
         <file>rtsv7M4_T_le_v4SPD16_eabi.lib</file>
         <name>memset_t2.asm.obj</name>
      </input_file>
      <input_file id="fl-d0">
         <path>C:\Users\Andreas Skeem\ccs\tools\compiler\ti-cgt-arm_20.2.7.LTS\lib\</path>
         <kind>archive</kind>
         <file>rtsv7M4_T_le_v4SPD16_eabi.lib</file>
         <name>autoinit.c.obj</name>
      </input_file>
      <input_file id="fl-d1">
         <path>C:\Users\Andreas Skeem\ccs\tools\compiler\ti-cgt-arm_20.2.7.LTS\lib\</path>
         <kind>archive</kind>
         <file>rtsv7M4_T_le_v4SPD16_eabi.lib</file>
         <name>pre_init.c.obj</name>
      </input_file>
      <input_file id="fl-d2">
         <path>C:\Users\Andreas Skeem\ccs\tools\compiler\ti-cgt-arm_20.2.7.LTS\lib\</path>
         <kind>archive</kind>
         <file>rtsv7M4_T_le_v4SPD16_eabi.lib</file>
         <name>cpy_tbl.c.obj</name>
      </input_file>
      <input_file id="fl-d3">
         <path>C:\Users\Andreas Skeem\ccs\tools\compiler\ti-cgt-arm_20.2.7.LTS\lib\</path>
         <kind>archive</kind>
         <file>rtsv7M4_T_le_v4SPD16_eabi.lib</file>
         <name>exit.c.obj</name>
      </input_file>
      <input_file id="fl-d4">
         <path>C:\Users\Andreas Skeem\ccs\tools\compiler\ti-cgt-arm_20.2.7.LTS\lib\</path>
         <kind>archive</kind>
         <file>rtsv7M4_T_le_v4SPD16_eabi.lib</file>
         <name>_lock.c.obj</name>
      </input_file>
      <input_file id="fl-d5">
         <path>C:\Users\Andreas Skeem\ccs\tools\compiler\ti-cgt-arm_20.2.7.LTS\lib\</path>
         <kind>archive</kind>
         <file>rtsv7M4_T_le_v4SPD16_eabi.lib</file>
         <name>args_main.c.obj</name>
      </input_file>
   </input_file_list>
   <object_component_list>
      <object_component id="oc-12">
         <name>.intvecs</name>
         <load_address>0x0</load_address>
         <run_address>0x0</run_address>
         <size>0x26c</size>
         <input_file_ref idref="fl-c"/>
      </object_component>
      <object_component id="oc-e3">
         <name>.text</name>
         <load_address>0x26c</load_address>
         <run_address>0x26c</run_address>
         <size>0x828</size>
         <input_file_ref idref="fl-9"/>
      </object_component>
      <object_component id="oc-f5">
         <name>.text</name>
         <load_address>0xa94</load_address>
         <run_address>0xa94</run_address>
         <size>0x586</size>
         <input_file_ref idref="fl-2"/>
      </object_component>
      <object_component id="oc-1fb">
         <name>.text</name>
         <load_address>0x101a</load_address>
         <run_address>0x101a</run_address>
         <size>0x2</size>
         <input_file_ref idref="fl-ce"/>
      </object_component>
      <object_component id="oc-168">
         <name>.text</name>
         <load_address>0x101c</load_address>
         <run_address>0x101c</run_address>
         <size>0x514</size>
         <input_file_ref idref="fl-a"/>
      </object_component>
      <object_component id="oc-ef">
         <name>.text</name>
         <load_address>0x1530</load_address>
         <run_address>0x1530</run_address>
         <size>0x348</size>
         <input_file_ref idref="fl-6"/>
      </object_component>
      <object_component id="oc-101">
         <name>.text</name>
         <load_address>0x1878</load_address>
         <run_address>0x1878</run_address>
         <size>0x29c</size>
         <input_file_ref idref="fl-e"/>
      </object_component>
      <object_component id="oc-d7">
         <name>.text</name>
         <load_address>0x1b14</load_address>
         <run_address>0x1b14</run_address>
         <size>0x230</size>
         <input_file_ref idref="fl-d"/>
      </object_component>
      <object_component id="oc-fb">
         <name>.text</name>
         <load_address>0x1d44</load_address>
         <run_address>0x1d44</run_address>
         <size>0x17c</size>
         <input_file_ref idref="fl-5"/>
      </object_component>
      <object_component id="oc-e9">
         <name>.text</name>
         <load_address>0x1ec0</load_address>
         <run_address>0x1ec0</run_address>
         <size>0x16c</size>
         <input_file_ref idref="fl-8"/>
      </object_component>
      <object_component id="oc-dd">
         <name>.text</name>
         <load_address>0x202c</load_address>
         <run_address>0x202c</run_address>
         <size>0xc8</size>
         <input_file_ref idref="fl-3"/>
      </object_component>
      <object_component id="oc-a5">
         <name>.text</name>
         <load_address>0x20f4</load_address>
         <run_address>0x20f4</run_address>
         <size>0xa4</size>
         <input_file_ref idref="fl-7"/>
      </object_component>
      <object_component id="oc-41">
         <name>.text</name>
         <load_address>0x2198</load_address>
         <run_address>0x2198</run_address>
         <size>0x9c</size>
         <input_file_ref idref="fl-c8"/>
      </object_component>
      <object_component id="oc-d1">
         <name>.text</name>
         <load_address>0x2234</load_address>
         <run_address>0x2234</run_address>
         <size>0x8c</size>
         <input_file_ref idref="fl-4"/>
      </object_component>
      <object_component id="oc-2d">
         <name>.text</name>
         <load_address>0x22c0</load_address>
         <run_address>0x22c0</run_address>
         <size>0x7c</size>
         <input_file_ref idref="fl-b"/>
      </object_component>
      <object_component id="oc-99">
         <name>.text</name>
         <load_address>0x233c</load_address>
         <run_address>0x233c</run_address>
         <size>0x7a</size>
         <input_file_ref idref="fl-cf"/>
      </object_component>
      <object_component id="oc-15">
         <name>.text:decompress:lzss:__TI_decompress_lzss</name>
         <load_address>0x23b6</load_address>
         <run_address>0x23b6</run_address>
         <size>0x68</size>
         <input_file_ref idref="fl-cc"/>
      </object_component>
      <object_component id="oc-114">
         <name>.text:__TI_auto_init_nobinit_nopinit:__TI_auto_init_nobinit_nopinit</name>
         <load_address>0x2420</load_address>
         <run_address>0x2420</run_address>
         <size>0x44</size>
         <input_file_ref idref="fl-d0"/>
      </object_component>
      <object_component id="oc-1bb">
         <name>.text</name>
         <load_address>0x2464</load_address>
         <run_address>0x2464</run_address>
         <size>0x40</size>
         <input_file_ref idref="fl-c9"/>
      </object_component>
      <object_component id="oc-5f">
         <name>.text:_c_int00_noargs:_c_int00_noargs</name>
         <load_address>0x24a4</load_address>
         <run_address>0x24a4</run_address>
         <size>0x34</size>
         <input_file_ref idref="fl-cd"/>
      </object_component>
      <object_component id="oc-1b">
         <name>.text:decompress:none:__TI_decompress_none</name>
         <load_address>0x24d8</load_address>
         <run_address>0x24d8</run_address>
         <size>0xe</size>
         <input_file_ref idref="fl-cb"/>
      </object_component>
      <object_component id="oc-53">
         <name>.text:decompress:ZI:__TI_zero_init</name>
         <load_address>0x24e6</load_address>
         <run_address>0x24e6</run_address>
         <size>0xc</size>
         <input_file_ref idref="fl-ca"/>
      </object_component>
      <object_component id="oc-27">
         <name>.text</name>
         <load_address>0x24f2</load_address>
         <run_address>0x24f2</run_address>
         <size>0xc</size>
         <input_file_ref idref="fl-c"/>
      </object_component>
      <object_component id="oc-9f">
         <name>.text:_system_pre_init</name>
         <load_address>0x24fe</load_address>
         <run_address>0x24fe</run_address>
         <size>0x4</size>
         <input_file_ref idref="fl-d1"/>
      </object_component>
      <object_component id="oc-108">
         <name>.text:abort:abort</name>
         <load_address>0x2502</load_address>
         <run_address>0x2502</run_address>
         <size>0x4</size>
         <input_file_ref idref="fl-d3"/>
      </object_component>
      <object_component id="oc-180">
         <name>.const:$P$T0$1</name>
         <load_address>0x2506</load_address>
         <run_address>0x2506</run_address>
         <size>0xc</size>
         <input_file_ref idref="fl-5"/>
      </object_component>
      <object_component id="oc-17a">
         <name>.const:.string:LCD_init_sequense</name>
         <load_address>0x2512</load_address>
         <run_address>0x2512</run_address>
         <size>0xa</size>
         <input_file_ref idref="fl-6"/>
      </object_component>
      <object_component id="oc-23c">
         <name>__TI_handler_table</name>
         <load_address>0x2520</load_address>
         <run_address>0x2520</run_address>
         <size>0xc</size>
      </object_component>
      <object_component id="oc-23f">
         <name>.cinit..bss.load</name>
         <load_address>0x2530</load_address>
         <run_address>0x2530</run_address>
         <size>0x8</size>
      </object_component>
      <object_component id="oc-23e">
         <name>.cinit..data.load</name>
         <load_address>0x2538</load_address>
         <run_address>0x2538</run_address>
         <size>0x7</size>
      </object_component>
      <object_component id="oc-23d">
         <name>__TI_cinit_table</name>
         <load_address>0x2540</load_address>
         <run_address>0x2540</run_address>
         <size>0x10</size>
      </object_component>
      <object_component id="oc-17e">
         <name>.data</name>
         <load_address>0x20000c90</load_address>
         <run_address>0x20000c90</run_address>
         <size>0x4</size>
         <input_file_ref idref="fl-2"/>
      </object_component>
      <object_component id="oc-174">
         <name>.data</name>
         <load_address>0x20000c98</load_address>
         <run_address>0x20000c98</run_address>
         <size>0x2</size>
         <input_file_ref idref="fl-6"/>
      </object_component>
      <object_component id="oc-160">
         <name>.data</name>
         <load_address>0x20000c9a</load_address>
         <run_address>0x20000c9a</run_address>
         <size>0x1</size>
         <input_file_ref idref="fl-9"/>
      </object_component>
      <object_component id="oc-74">
         <name>.data</name>
         <load_address>0x20000c94</load_address>
         <run_address>0x20000c94</run_address>
         <size>0x4</size>
         <input_file_ref idref="fl-b"/>
      </object_component>
      <object_component id="oc-189">
         <name>.bss:Buf$1</name>
         <uninitialized>true</uninitialized>
         <run_address>0x20000a80</run_address>
         <size>0x8</size>
         <input_file_ref idref="fl-e"/>
      </object_component>
      <object_component id="oc-185">
         <name>.common:i</name>
         <uninitialized>true</uninitialized>
         <run_address>0x20000a8b</run_address>
         <size>0x1</size>
      </object_component>
      <object_component id="oc-188">
         <name>.common:InBuf</name>
         <uninitialized>true</uninitialized>
         <run_address>0x200009c0</run_address>
         <size>0x80</size>
      </object_component>
      <object_component id="oc-157">
         <name>.common:pof</name>
         <uninitialized>true</uninitialized>
         <run_address>0x20000a40</run_address>
         <size>0x40</size>
      </object_component>
      <object_component id="oc-177">
         <name>.common:LCD_init</name>
         <uninitialized>true</uninitialized>
         <run_address>0x20000a88</run_address>
         <size>0x1</size>
      </object_component>
      <object_component id="oc-172">
         <name>.common:sec</name>
         <uninitialized>true</uninitialized>
         <run_address>0x20000a8d</run_address>
         <size>0x1</size>
      </object_component>
      <object_component id="oc-171">
         <name>.common:min</name>
         <uninitialized>true</uninitialized>
         <run_address>0x20000a8c</run_address>
         <size>0x1</size>
      </object_component>
      <object_component id="oc-16e">
         <name>.common:hour</name>
         <uninitialized>true</uninitialized>
         <run_address>0x20000a8a</run_address>
         <size>0x1</size>
      </object_component>
      <object_component id="oc-161">
         <name>.common:current_task</name>
         <uninitialized>true</uninitialized>
         <run_address>0x20000a89</run_address>
         <size>0x1</size>
      </object_component>
      <object_component id="oc-15b">
         <name>.common:pot</name>
         <uninitialized>true</uninitialized>
         <run_address>0x20000900</run_address>
         <size>0xc0</size>
      </object_component>
      <object_component id="oc-15f">
         <name>.common:pos</name>
         <uninitialized>true</uninitialized>
         <run_address>0x20000840</run_address>
         <size>0xc0</size>
      </object_component>
      <object_component id="oc-15e">
         <name>.common:poq</name>
         <uninitialized>true</uninitialized>
         <run_address>0x20000000</run_address>
         <size>0x840</size>
      </object_component>
      <object_component id="oc-24">
         <name>.stack</name>
         <uninitialized>true</uninitialized>
         <run_address>0x20000a90</run_address>
         <size>0x4</size>
         <input_file_ref idref="fl-cd"/>
      </object_component>
      <object_component id="oc-241">
         <name>.stack</name>
         <uninitialized>true</uninitialized>
         <run_address>0x20000a90</run_address>
         <size>0x0</size>
      </object_component>
      <object_component id="oc-bf">
         <name>.debug_info</name>
         <load_address>0x0</load_address>
         <run_address>0x0</run_address>
         <size>0x5e3</size>
         <input_file_ref idref="fl-2"/>
      </object_component>
      <object_component id="oc-f6">
         <name>.debug_info</name>
         <load_address>0x5e3</load_address>
         <run_address>0x5e3</run_address>
         <size>0x620</size>
         <input_file_ref idref="fl-2"/>
      </object_component>
      <object_component id="oc-7a">
         <name>.debug_info</name>
         <load_address>0xc03</load_address>
         <run_address>0xc03</run_address>
         <size>0x26b</size>
         <input_file_ref idref="fl-2"/>
      </object_component>
      <object_component id="oc-3c">
         <name>.debug_info</name>
         <load_address>0xe6e</load_address>
         <run_address>0xe6e</run_address>
         <size>0x84</size>
         <input_file_ref idref="fl-2"/>
      </object_component>
      <object_component id="oc-14a">
         <name>.debug_info</name>
         <load_address>0xef2</load_address>
         <run_address>0xef2</run_address>
         <size>0xae</size>
         <input_file_ref idref="fl-2"/>
      </object_component>
      <object_component id="oc-ba">
         <name>.debug_info</name>
         <load_address>0xfa0</load_address>
         <run_address>0xfa0</run_address>
         <size>0x2a4</size>
         <input_file_ref idref="fl-2"/>
      </object_component>
      <object_component id="oc-7f">
         <name>.debug_info</name>
         <load_address>0x1244</load_address>
         <run_address>0x1244</run_address>
         <size>0xbb</size>
         <input_file_ref idref="fl-2"/>
      </object_component>
      <object_component id="oc-163">
         <name>.debug_info</name>
         <load_address>0x12ff</load_address>
         <run_address>0x12ff</run_address>
         <size>0x39</size>
         <input_file_ref idref="fl-2"/>
      </object_component>
      <object_component id="oc-14f">
         <name>.debug_info</name>
         <load_address>0x1338</load_address>
         <run_address>0x1338</run_address>
         <size>0x2c</size>
         <input_file_ref idref="fl-2"/>
      </object_component>
      <object_component id="oc-158">
         <name>.debug_info</name>
         <load_address>0x1364</load_address>
         <run_address>0x1364</run_address>
         <size>0x369</size>
         <input_file_ref idref="fl-3"/>
      </object_component>
      <object_component id="oc-de">
         <name>.debug_info</name>
         <load_address>0x16cd</load_address>
         <run_address>0x16cd</run_address>
         <size>0x249</size>
         <input_file_ref idref="fl-3"/>
      </object_component>
      <object_component id="oc-1af">
         <name>.debug_info</name>
         <load_address>0x1916</load_address>
         <run_address>0x1916</run_address>
         <size>0x5e</size>
         <input_file_ref idref="fl-3"/>
      </object_component>
      <object_component id="oc-d3">
         <name>.debug_info</name>
         <load_address>0x1974</load_address>
         <run_address>0x1974</run_address>
         <size>0x119</size>
         <input_file_ref idref="fl-4"/>
      </object_component>
      <object_component id="oc-184">
         <name>.debug_info</name>
         <load_address>0x1a8d</load_address>
         <run_address>0x1a8d</run_address>
         <size>0x314</size>
         <input_file_ref idref="fl-5"/>
      </object_component>
      <object_component id="oc-181">
         <name>.debug_info</name>
         <load_address>0x1da1</load_address>
         <run_address>0x1da1</run_address>
         <size>0xd5</size>
         <input_file_ref idref="fl-5"/>
      </object_component>
      <object_component id="oc-fc">
         <name>.debug_info</name>
         <load_address>0x1e76</load_address>
         <run_address>0x1e76</run_address>
         <size>0x44f</size>
         <input_file_ref idref="fl-5"/>
      </object_component>
      <object_component id="oc-178">
         <name>.debug_info</name>
         <load_address>0x22c5</load_address>
         <run_address>0x22c5</run_address>
         <size>0x344</size>
         <input_file_ref idref="fl-6"/>
      </object_component>
      <object_component id="oc-17b">
         <name>.debug_info</name>
         <load_address>0x2609</load_address>
         <run_address>0x2609</run_address>
         <size>0xea</size>
         <input_file_ref idref="fl-6"/>
      </object_component>
      <object_component id="oc-175">
         <name>.debug_info</name>
         <load_address>0x26f3</load_address>
         <run_address>0x26f3</run_address>
         <size>0xda</size>
         <input_file_ref idref="fl-6"/>
      </object_component>
      <object_component id="oc-f0">
         <name>.debug_info</name>
         <load_address>0x27cd</load_address>
         <run_address>0x27cd</run_address>
         <size>0x85a</size>
         <input_file_ref idref="fl-6"/>
      </object_component>
      <object_component id="oc-1cb">
         <name>.debug_info</name>
         <load_address>0x3027</load_address>
         <run_address>0x3027</run_address>
         <size>0x51</size>
         <input_file_ref idref="fl-6"/>
      </object_component>
      <object_component id="oc-a6">
         <name>.debug_info</name>
         <load_address>0x3078</load_address>
         <run_address>0x3078</run_address>
         <size>0x22d</size>
         <input_file_ref idref="fl-7"/>
      </object_component>
      <object_component id="oc-16f">
         <name>.debug_info</name>
         <load_address>0x32a5</load_address>
         <run_address>0x32a5</run_address>
         <size>0x341</size>
         <input_file_ref idref="fl-8"/>
      </object_component>
      <object_component id="oc-ea">
         <name>.debug_info</name>
         <load_address>0x35e6</load_address>
         <run_address>0x35e6</run_address>
         <size>0x514</size>
         <input_file_ref idref="fl-8"/>
      </object_component>
      <object_component id="oc-15c">
         <name>.debug_info</name>
         <load_address>0x3afa</load_address>
         <run_address>0x3afa</run_address>
         <size>0x378</size>
         <input_file_ref idref="fl-9"/>
      </object_component>
      <object_component id="oc-e7">
         <name>.debug_info</name>
         <load_address>0x3e72</load_address>
         <run_address>0x3e72</run_address>
         <size>0x1118</size>
         <input_file_ref idref="fl-9"/>
      </object_component>
      <object_component id="oc-1b6">
         <name>.debug_info</name>
         <load_address>0x4f8a</load_address>
         <run_address>0x4f8a</run_address>
         <size>0x190</size>
         <input_file_ref idref="fl-9"/>
      </object_component>
      <object_component id="oc-1c1">
         <name>.debug_info</name>
         <load_address>0x511a</load_address>
         <run_address>0x511a</run_address>
         <size>0x2b3</size>
         <input_file_ref idref="fl-a"/>
      </object_component>
      <object_component id="oc-169">
         <name>.debug_info</name>
         <load_address>0x53cd</load_address>
         <run_address>0x53cd</run_address>
         <size>0x867</size>
         <input_file_ref idref="fl-a"/>
      </object_component>
      <object_component id="oc-1c2">
         <name>.debug_info</name>
         <load_address>0x5c34</load_address>
         <run_address>0x5c34</run_address>
         <size>0x2c</size>
         <input_file_ref idref="fl-a"/>
      </object_component>
      <object_component id="oc-b9">
         <name>.debug_info</name>
         <load_address>0x5c60</load_address>
         <run_address>0x5c60</run_address>
         <size>0x26c</size>
         <input_file_ref idref="fl-b"/>
      </object_component>
      <object_component id="oc-75">
         <name>.debug_info</name>
         <load_address>0x5ecc</load_address>
         <run_address>0x5ecc</run_address>
         <size>0xd6</size>
         <input_file_ref idref="fl-b"/>
      </object_component>
      <object_component id="oc-30">
         <name>.debug_info</name>
         <load_address>0x5fa2</load_address>
         <run_address>0x5fa2</run_address>
         <size>0x16b</size>
         <input_file_ref idref="fl-b"/>
      </object_component>
      <object_component id="oc-35">
         <name>.debug_info</name>
         <load_address>0x610d</load_address>
         <run_address>0x610d</run_address>
         <size>0x2dc</size>
         <input_file_ref idref="fl-c"/>
      </object_component>
      <object_component id="oc-13">
         <name>.debug_info</name>
         <load_address>0x63e9</load_address>
         <run_address>0x63e9</run_address>
         <size>0xf5</size>
         <input_file_ref idref="fl-c"/>
      </object_component>
      <object_component id="oc-28">
         <name>.debug_info</name>
         <load_address>0x64de</load_address>
         <run_address>0x64de</run_address>
         <size>0x271</size>
         <input_file_ref idref="fl-c"/>
      </object_component>
      <object_component id="oc-156">
         <name>.debug_info</name>
         <load_address>0x674f</load_address>
         <run_address>0x674f</run_address>
         <size>0x2e8</size>
         <input_file_ref idref="fl-d"/>
      </object_component>
      <object_component id="oc-d8">
         <name>.debug_info</name>
         <load_address>0x6a37</load_address>
         <run_address>0x6a37</run_address>
         <size>0x923</size>
         <input_file_ref idref="fl-d"/>
      </object_component>
      <object_component id="oc-186">
         <name>.debug_info</name>
         <load_address>0x735a</load_address>
         <run_address>0x735a</run_address>
         <size>0x40b</size>
         <input_file_ref idref="fl-e"/>
      </object_component>
      <object_component id="oc-105">
         <name>.debug_info</name>
         <load_address>0x7765</load_address>
         <run_address>0x7765</run_address>
         <size>0x430</size>
         <input_file_ref idref="fl-e"/>
      </object_component>
      <object_component id="oc-43">
         <name>.debug_info</name>
         <load_address>0x7b95</load_address>
         <run_address>0x7b95</run_address>
         <size>0x119</size>
         <input_file_ref idref="fl-c8"/>
      </object_component>
      <object_component id="oc-1bc">
         <name>.debug_info</name>
         <load_address>0x7cae</load_address>
         <run_address>0x7cae</run_address>
         <size>0x142</size>
         <input_file_ref idref="fl-c9"/>
      </object_component>
      <object_component id="oc-98">
         <name>.debug_info</name>
         <load_address>0x7df0</load_address>
         <run_address>0x7df0</run_address>
         <size>0x2d4</size>
         <input_file_ref idref="fl-ca"/>
      </object_component>
      <object_component id="oc-54">
         <name>.debug_info</name>
         <load_address>0x80c4</load_address>
         <run_address>0x80c4</run_address>
         <size>0x1b5</size>
         <input_file_ref idref="fl-ca"/>
      </object_component>
      <object_component id="oc-93">
         <name>.debug_info</name>
         <load_address>0x8279</load_address>
         <run_address>0x8279</run_address>
         <size>0x46</size>
         <input_file_ref idref="fl-ca"/>
      </object_component>
      <object_component id="oc-c8">
         <name>.debug_info</name>
         <load_address>0x82bf</load_address>
         <run_address>0x82bf</run_address>
         <size>0x2c</size>
         <input_file_ref idref="fl-ca"/>
      </object_component>
      <object_component id="oc-4c">
         <name>.debug_info</name>
         <load_address>0x82eb</load_address>
         <run_address>0x82eb</run_address>
         <size>0x2a8</size>
         <input_file_ref idref="fl-cb"/>
      </object_component>
      <object_component id="oc-1c">
         <name>.debug_info</name>
         <load_address>0x8593</load_address>
         <run_address>0x8593</run_address>
         <size>0x1ea</size>
         <input_file_ref idref="fl-cb"/>
      </object_component>
      <object_component id="oc-47">
         <name>.debug_info</name>
         <load_address>0x877d</load_address>
         <run_address>0x877d</run_address>
         <size>0x46</size>
         <input_file_ref idref="fl-cb"/>
      </object_component>
      <object_component id="oc-8b">
         <name>.debug_info</name>
         <load_address>0x87c3</load_address>
         <run_address>0x87c3</run_address>
         <size>0x2c</size>
         <input_file_ref idref="fl-cb"/>
      </object_component>
      <object_component id="oc-89">
         <name>.debug_info</name>
         <load_address>0x87ef</load_address>
         <run_address>0x87ef</run_address>
         <size>0x29e</size>
         <input_file_ref idref="fl-cc"/>
      </object_component>
      <object_component id="oc-16">
         <name>.debug_info</name>
         <load_address>0x8a8d</load_address>
         <run_address>0x8a8d</run_address>
         <size>0x250</size>
         <input_file_ref idref="fl-cc"/>
      </object_component>
      <object_component id="oc-37">
         <name>.debug_info</name>
         <load_address>0x8cdd</load_address>
         <run_address>0x8cdd</run_address>
         <size>0x60</size>
         <input_file_ref idref="fl-cc"/>
      </object_component>
      <object_component id="oc-c1">
         <name>.debug_info</name>
         <load_address>0x8d3d</load_address>
         <run_address>0x8d3d</run_address>
         <size>0x46</size>
         <input_file_ref idref="fl-cc"/>
      </object_component>
      <object_component id="oc-84">
         <name>.debug_info</name>
         <load_address>0x8d83</load_address>
         <run_address>0x8d83</run_address>
         <size>0x39</size>
         <input_file_ref idref="fl-cc"/>
      </object_component>
      <object_component id="oc-25">
         <name>.debug_info</name>
         <load_address>0x8dbc</load_address>
         <run_address>0x8dbc</run_address>
         <size>0x10b</size>
         <input_file_ref idref="fl-cd"/>
      </object_component>
      <object_component id="oc-63">
         <name>.debug_info</name>
         <load_address>0x8ec7</load_address>
         <run_address>0x8ec7</run_address>
         <size>0x1a9</size>
         <input_file_ref idref="fl-cd"/>
      </object_component>
      <object_component id="oc-1fc">
         <name>.debug_info</name>
         <load_address>0x9070</load_address>
         <run_address>0x9070</run_address>
         <size>0x115</size>
         <input_file_ref idref="fl-ce"/>
      </object_component>
      <object_component id="oc-9c">
         <name>.debug_info</name>
         <load_address>0x9185</load_address>
         <run_address>0x9185</run_address>
         <size>0x147</size>
         <input_file_ref idref="fl-cf"/>
      </object_component>
      <object_component id="oc-196">
         <name>.debug_info</name>
         <load_address>0x92cc</load_address>
         <run_address>0x92cc</run_address>
         <size>0x4b3</size>
         <input_file_ref idref="fl-d0"/>
      </object_component>
      <object_component id="oc-116">
         <name>.debug_info</name>
         <load_address>0x977f</load_address>
         <run_address>0x977f</run_address>
         <size>0x1a6</size>
         <input_file_ref idref="fl-d0"/>
      </object_component>
      <object_component id="oc-1ea">
         <name>.debug_info</name>
         <load_address>0x9925</load_address>
         <run_address>0x9925</run_address>
         <size>0x39</size>
         <input_file_ref idref="fl-d0"/>
      </object_component>
      <object_component id="oc-206">
         <name>.debug_info</name>
         <load_address>0x995e</load_address>
         <run_address>0x995e</run_address>
         <size>0x39</size>
         <input_file_ref idref="fl-d0"/>
      </object_component>
      <object_component id="oc-1ef">
         <name>.debug_info</name>
         <load_address>0x9997</load_address>
         <run_address>0x9997</run_address>
         <size>0x39</size>
         <input_file_ref idref="fl-d0"/>
      </object_component>
      <object_component id="oc-1f4">
         <name>.debug_info</name>
         <load_address>0x99d0</load_address>
         <run_address>0x99d0</run_address>
         <size>0xcd</size>
         <input_file_ref idref="fl-d0"/>
      </object_component>
      <object_component id="oc-a1">
         <name>.debug_info</name>
         <load_address>0x9a9d</load_address>
         <run_address>0x9a9d</run_address>
         <size>0x153</size>
         <input_file_ref idref="fl-d1"/>
      </object_component>
      <object_component id="oc-10a">
         <name>.debug_info</name>
         <load_address>0x9bf0</load_address>
         <run_address>0x9bf0</run_address>
         <size>0x122</size>
         <input_file_ref idref="fl-d3"/>
      </object_component>
      <object_component id="oc-242">
         <name>.debug_info</name>
         <load_address>0x9d12</load_address>
         <run_address>0x9d12</run_address>
         <size>0xa8</size>
      </object_component>
      <object_component id="oc-149">
         <name>.debug_line</name>
         <load_address>0x0</load_address>
         <run_address>0x0</run_address>
         <size>0x4a</size>
         <input_file_ref idref="fl-2"/>
      </object_component>
      <object_component id="oc-f9">
         <name>.debug_line</name>
         <load_address>0x4a</load_address>
         <run_address>0x4a</run_address>
         <size>0xfb</size>
         <input_file_ref idref="fl-2"/>
      </object_component>
      <object_component id="oc-7d">
         <name>.debug_line</name>
         <load_address>0x145</load_address>
         <run_address>0x145</run_address>
         <size>0x78</size>
         <input_file_ref idref="fl-2"/>
      </object_component>
      <object_component id="oc-3f">
         <name>.debug_line</name>
         <load_address>0x1bd</load_address>
         <run_address>0x1bd</run_address>
         <size>0x20</size>
         <input_file_ref idref="fl-2"/>
      </object_component>
      <object_component id="oc-14d">
         <name>.debug_line</name>
         <load_address>0x1dd</load_address>
         <run_address>0x1dd</run_address>
         <size>0x31</size>
         <input_file_ref idref="fl-2"/>
      </object_component>
      <object_component id="oc-bd">
         <name>.debug_line</name>
         <load_address>0x20e</load_address>
         <run_address>0x20e</run_address>
         <size>0x7c</size>
         <input_file_ref idref="fl-2"/>
      </object_component>
      <object_component id="oc-82">
         <name>.debug_line</name>
         <load_address>0x28a</load_address>
         <run_address>0x28a</run_address>
         <size>0x79</size>
         <input_file_ref idref="fl-2"/>
      </object_component>
      <object_component id="oc-166">
         <name>.debug_line</name>
         <load_address>0x303</load_address>
         <run_address>0x303</run_address>
         <size>0x2d</size>
         <input_file_ref idref="fl-2"/>
      </object_component>
      <object_component id="oc-152">
         <name>.debug_line</name>
         <load_address>0x330</load_address>
         <run_address>0x330</run_address>
         <size>0x2d</size>
         <input_file_ref idref="fl-2"/>
      </object_component>
      <object_component id="oc-1ae">
         <name>.debug_line</name>
         <load_address>0x35d</load_address>
         <run_address>0x35d</run_address>
         <size>0x52</size>
         <input_file_ref idref="fl-3"/>
      </object_component>
      <object_component id="oc-e1">
         <name>.debug_line</name>
         <load_address>0x3af</load_address>
         <run_address>0x3af</run_address>
         <size>0x99</size>
         <input_file_ref idref="fl-3"/>
      </object_component>
      <object_component id="oc-1b2">
         <name>.debug_line</name>
         <load_address>0x448</load_address>
         <run_address>0x448</run_address>
         <size>0x2d</size>
         <input_file_ref idref="fl-3"/>
      </object_component>
      <object_component id="oc-d6">
         <name>.debug_line</name>
         <load_address>0x475</load_address>
         <run_address>0x475</run_address>
         <size>0x4e</size>
         <input_file_ref idref="fl-4"/>
      </object_component>
      <object_component id="oc-1d7">
         <name>.debug_line</name>
         <load_address>0x4c3</load_address>
         <run_address>0x4c3</run_address>
         <size>0x2d</size>
         <input_file_ref idref="fl-5"/>
      </object_component>
      <object_component id="oc-1d5">
         <name>.debug_line</name>
         <load_address>0x4f0</load_address>
         <run_address>0x4f0</run_address>
         <size>0x2c</size>
         <input_file_ref idref="fl-5"/>
      </object_component>
      <object_component id="oc-100">
         <name>.debug_line</name>
         <load_address>0x51c</load_address>
         <run_address>0x51c</run_address>
         <size>0x109</size>
         <input_file_ref idref="fl-5"/>
      </object_component>
      <object_component id="oc-1d1">
         <name>.debug_line</name>
         <load_address>0x625</load_address>
         <run_address>0x625</run_address>
         <size>0x39</size>
         <input_file_ref idref="fl-6"/>
      </object_component>
      <object_component id="oc-1d3">
         <name>.debug_line</name>
         <load_address>0x65e</load_address>
         <run_address>0x65e</run_address>
         <size>0x2c</size>
         <input_file_ref idref="fl-6"/>
      </object_component>
      <object_component id="oc-1ca">
         <name>.debug_line</name>
         <load_address>0x68a</load_address>
         <run_address>0x68a</run_address>
         <size>0x2c</size>
         <input_file_ref idref="fl-6"/>
      </object_component>
      <object_component id="oc-f3">
         <name>.debug_line</name>
         <load_address>0x6b6</load_address>
         <run_address>0x6b6</run_address>
         <size>0x26f</size>
         <input_file_ref idref="fl-6"/>
      </object_component>
      <object_component id="oc-1ce">
         <name>.debug_line</name>
         <load_address>0x925</load_address>
         <run_address>0x925</run_address>
         <size>0x2c</size>
         <input_file_ref idref="fl-6"/>
      </object_component>
      <object_component id="oc-aa">
         <name>.debug_line</name>
         <load_address>0x951</load_address>
         <run_address>0x951</run_address>
         <size>0x54</size>
         <input_file_ref idref="fl-7"/>
      </object_component>
      <object_component id="oc-1c8">
         <name>.debug_line</name>
         <load_address>0x9a5</load_address>
         <run_address>0x9a5</run_address>
         <size>0x39</size>
         <input_file_ref idref="fl-8"/>
      </object_component>
      <object_component id="oc-ed">
         <name>.debug_line</name>
         <load_address>0x9de</load_address>
         <run_address>0x9de</run_address>
         <size>0x125</size>
         <input_file_ref idref="fl-8"/>
      </object_component>
      <object_component id="oc-1b5">
         <name>.debug_line</name>
         <load_address>0xb03</load_address>
         <run_address>0xb03</run_address>
         <size>0x3d</size>
         <input_file_ref idref="fl-9"/>
      </object_component>
      <object_component id="oc-e6">
         <name>.debug_line</name>
         <load_address>0xb40</load_address>
         <run_address>0xb40</run_address>
         <size>0x407</size>
         <input_file_ref idref="fl-9"/>
      </object_component>
      <object_component id="oc-1b9">
         <name>.debug_line</name>
         <load_address>0xf47</load_address>
         <run_address>0xf47</run_address>
         <size>0x2d</size>
         <input_file_ref idref="fl-9"/>
      </object_component>
      <object_component id="oc-202">
         <name>.debug_line</name>
         <load_address>0xf74</load_address>
         <run_address>0xf74</run_address>
         <size>0x2d</size>
         <input_file_ref idref="fl-a"/>
      </object_component>
      <object_component id="oc-16c">
         <name>.debug_line</name>
         <load_address>0xfa1</load_address>
         <run_address>0xfa1</run_address>
         <size>0x2f3</size>
         <input_file_ref idref="fl-a"/>
      </object_component>
      <object_component id="oc-1c5">
         <name>.debug_line</name>
         <load_address>0x1294</load_address>
         <run_address>0x1294</run_address>
         <size>0x74</size>
         <input_file_ref idref="fl-a"/>
      </object_component>
      <object_component id="oc-147">
         <name>.debug_line</name>
         <load_address>0x1308</load_address>
         <run_address>0x1308</run_address>
         <size>0x20</size>
         <input_file_ref idref="fl-b"/>
      </object_component>
      <object_component id="oc-b8">
         <name>.debug_line</name>
         <load_address>0x1328</load_address>
         <run_address>0x1328</run_address>
         <size>0x30</size>
         <input_file_ref idref="fl-b"/>
      </object_component>
      <object_component id="oc-2e">
         <name>.debug_line</name>
         <load_address>0x1358</load_address>
         <run_address>0x1358</run_address>
         <size>0x65</size>
         <input_file_ref idref="fl-b"/>
      </object_component>
      <object_component id="oc-79">
         <name>.debug_line</name>
         <load_address>0x13bd</load_address>
         <run_address>0x13bd</run_address>
         <size>0x41</size>
         <input_file_ref idref="fl-c"/>
      </object_component>
      <object_component id="oc-34">
         <name>.debug_line</name>
         <load_address>0x13fe</load_address>
         <run_address>0x13fe</run_address>
         <size>0x41</size>
         <input_file_ref idref="fl-c"/>
      </object_component>
      <object_component id="oc-2c">
         <name>.debug_line</name>
         <load_address>0x143f</load_address>
         <run_address>0x143f</run_address>
         <size>0xa1</size>
         <input_file_ref idref="fl-c"/>
      </object_component>
      <object_component id="oc-1ac">
         <name>.debug_line</name>
         <load_address>0x14e0</load_address>
         <run_address>0x14e0</run_address>
         <size>0x2d</size>
         <input_file_ref idref="fl-d"/>
      </object_component>
      <object_component id="oc-db">
         <name>.debug_line</name>
         <load_address>0x150d</load_address>
         <run_address>0x150d</run_address>
         <size>0x1db</size>
         <input_file_ref idref="fl-d"/>
      </object_component>
      <object_component id="oc-1d9">
         <name>.debug_line</name>
         <load_address>0x16e8</load_address>
         <run_address>0x16e8</run_address>
         <size>0x60</size>
         <input_file_ref idref="fl-e"/>
      </object_component>
      <object_component id="oc-103">
         <name>.debug_line</name>
         <load_address>0x1748</load_address>
         <run_address>0x1748</run_address>
         <size>0xa5</size>
         <input_file_ref idref="fl-e"/>
      </object_component>
      <object_component id="oc-45">
         <name>.debug_line</name>
         <load_address>0x17ed</load_address>
         <run_address>0x17ed</run_address>
         <size>0x88</size>
         <input_file_ref idref="fl-c8"/>
      </object_component>
      <object_component id="oc-1bf">
         <name>.debug_line</name>
         <load_address>0x1875</load_address>
         <run_address>0x1875</run_address>
         <size>0x5b</size>
         <input_file_ref idref="fl-c9"/>
      </object_component>
      <object_component id="oc-ce">
         <name>.debug_line</name>
         <load_address>0x18d0</load_address>
         <run_address>0x18d0</run_address>
         <size>0x92</size>
         <input_file_ref idref="fl-ca"/>
      </object_component>
      <object_component id="oc-57">
         <name>.debug_line</name>
         <load_address>0x1962</load_address>
         <run_address>0x1962</run_address>
         <size>0x53</size>
         <input_file_ref idref="fl-ca"/>
      </object_component>
      <object_component id="oc-96">
         <name>.debug_line</name>
         <load_address>0x19b5</load_address>
         <run_address>0x19b5</run_address>
         <size>0x34</size>
         <input_file_ref idref="fl-ca"/>
      </object_component>
      <object_component id="oc-cb">
         <name>.debug_line</name>
         <load_address>0x19e9</load_address>
         <run_address>0x19e9</run_address>
         <size>0x92</size>
         <input_file_ref idref="fl-ca"/>
      </object_component>
      <object_component id="oc-91">
         <name>.debug_line</name>
         <load_address>0x1a7b</load_address>
         <run_address>0x1a7b</run_address>
         <size>0x20</size>
         <input_file_ref idref="fl-cb"/>
      </object_component>
      <object_component id="oc-1f">
         <name>.debug_line</name>
         <load_address>0x1a9b</load_address>
         <run_address>0x1a9b</run_address>
         <size>0x55</size>
         <input_file_ref idref="fl-cb"/>
      </object_component>
      <object_component id="oc-4a">
         <name>.debug_line</name>
         <load_address>0x1af0</load_address>
         <run_address>0x1af0</run_address>
         <size>0x3a</size>
         <input_file_ref idref="fl-cb"/>
      </object_component>
      <object_component id="oc-8e">
         <name>.debug_line</name>
         <load_address>0x1b2a</load_address>
         <run_address>0x1b2a</run_address>
         <size>0x92</size>
         <input_file_ref idref="fl-cb"/>
      </object_component>
      <object_component id="oc-c7">
         <name>.debug_line</name>
         <load_address>0x1bbc</load_address>
         <run_address>0x1bbc</run_address>
         <size>0x20</size>
         <input_file_ref idref="fl-cc"/>
      </object_component>
      <object_component id="oc-19">
         <name>.debug_line</name>
         <load_address>0x1bdc</load_address>
         <run_address>0x1bdc</run_address>
         <size>0xa9</size>
         <input_file_ref idref="fl-cc"/>
      </object_component>
      <object_component id="oc-3a">
         <name>.debug_line</name>
         <load_address>0x1c85</load_address>
         <run_address>0x1c85</run_address>
         <size>0x3a</size>
         <input_file_ref idref="fl-cc"/>
      </object_component>
      <object_component id="oc-c4">
         <name>.debug_line</name>
         <load_address>0x1cbf</load_address>
         <run_address>0x1cbf</run_address>
         <size>0x9a</size>
         <input_file_ref idref="fl-cc"/>
      </object_component>
      <object_component id="oc-87">
         <name>.debug_line</name>
         <load_address>0x1d59</load_address>
         <run_address>0x1d59</run_address>
         <size>0x96</size>
         <input_file_ref idref="fl-cc"/>
      </object_component>
      <object_component id="oc-72">
         <name>.debug_line</name>
         <load_address>0x1def</load_address>
         <run_address>0x1def</run_address>
         <size>0x33</size>
         <input_file_ref idref="fl-cd"/>
      </object_component>
      <object_component id="oc-62">
         <name>.debug_line</name>
         <load_address>0x1e22</load_address>
         <run_address>0x1e22</run_address>
         <size>0x45</size>
         <input_file_ref idref="fl-cd"/>
      </object_component>
      <object_component id="oc-1ff">
         <name>.debug_line</name>
         <load_address>0x1e67</load_address>
         <run_address>0x1e67</run_address>
         <size>0x37</size>
         <input_file_ref idref="fl-ce"/>
      </object_component>
      <object_component id="oc-9a">
         <name>.debug_line</name>
         <load_address>0x1e9e</load_address>
         <run_address>0x1e9e</run_address>
         <size>0x79</size>
         <input_file_ref idref="fl-cf"/>
      </object_component>
      <object_component id="oc-1e9">
         <name>.debug_line</name>
         <load_address>0x1f17</load_address>
         <run_address>0x1f17</run_address>
         <size>0xbf</size>
         <input_file_ref idref="fl-d0"/>
      </object_component>
      <object_component id="oc-119">
         <name>.debug_line</name>
         <load_address>0x1fd6</load_address>
         <run_address>0x1fd6</run_address>
         <size>0x6f</size>
         <input_file_ref idref="fl-d0"/>
      </object_component>
      <object_component id="oc-1ed">
         <name>.debug_line</name>
         <load_address>0x2045</load_address>
         <run_address>0x2045</run_address>
         <size>0x2e</size>
         <input_file_ref idref="fl-d0"/>
      </object_component>
      <object_component id="oc-209">
         <name>.debug_line</name>
         <load_address>0x2073</load_address>
         <run_address>0x2073</run_address>
         <size>0x9a</size>
         <input_file_ref idref="fl-d0"/>
      </object_component>
      <object_component id="oc-1f2">
         <name>.debug_line</name>
         <load_address>0x210d</load_address>
         <run_address>0x210d</run_address>
         <size>0x97</size>
         <input_file_ref idref="fl-d0"/>
      </object_component>
      <object_component id="oc-1f7">
         <name>.debug_line</name>
         <load_address>0x21a4</load_address>
         <run_address>0x21a4</run_address>
         <size>0x93</size>
         <input_file_ref idref="fl-d0"/>
      </object_component>
      <object_component id="oc-a3">
         <name>.debug_line</name>
         <load_address>0x2237</load_address>
         <run_address>0x2237</run_address>
         <size>0x40</size>
         <input_file_ref idref="fl-d1"/>
      </object_component>
      <object_component id="oc-109">
         <name>.debug_line</name>
         <load_address>0x2277</load_address>
         <run_address>0x2277</run_address>
         <size>0x3c</size>
         <input_file_ref idref="fl-d3"/>
      </object_component>
      <object_component id="oc-fa">
         <name>.debug_frame</name>
         <load_address>0x0</load_address>
         <run_address>0x0</run_address>
         <size>0x70</size>
         <input_file_ref idref="fl-2"/>
      </object_component>
      <object_component id="oc-e2">
         <name>.debug_frame</name>
         <load_address>0x70</load_address>
         <run_address>0x70</run_address>
         <size>0x90</size>
         <input_file_ref idref="fl-3"/>
      </object_component>
      <object_component id="oc-d5">
         <name>.debug_frame</name>
         <load_address>0x100</load_address>
         <run_address>0x100</run_address>
         <size>0x58</size>
         <input_file_ref idref="fl-4"/>
      </object_component>
      <object_component id="oc-ff">
         <name>.debug_frame</name>
         <load_address>0x158</load_address>
         <run_address>0x158</run_address>
         <size>0xc4</size>
         <input_file_ref idref="fl-5"/>
      </object_component>
      <object_component id="oc-f4">
         <name>.debug_frame</name>
         <load_address>0x21c</load_address>
         <run_address>0x21c</run_address>
         <size>0x180</size>
         <input_file_ref idref="fl-6"/>
      </object_component>
      <object_component id="oc-a9">
         <name>.debug_frame</name>
         <load_address>0x39c</load_address>
         <run_address>0x39c</run_address>
         <size>0x5c</size>
         <input_file_ref idref="fl-7"/>
      </object_component>
      <object_component id="oc-ee">
         <name>.debug_frame</name>
         <load_address>0x3f8</load_address>
         <run_address>0x3f8</run_address>
         <size>0xfc</size>
         <input_file_ref idref="fl-8"/>
      </object_component>
      <object_component id="oc-e4">
         <name>.debug_frame</name>
         <load_address>0x4f4</load_address>
         <run_address>0x4f4</run_address>
         <size>0x2f4</size>
         <input_file_ref idref="fl-9"/>
      </object_component>
      <object_component id="oc-16d">
         <name>.debug_frame</name>
         <load_address>0x7e8</load_address>
         <run_address>0x7e8</run_address>
         <size>0x180</size>
         <input_file_ref idref="fl-a"/>
      </object_component>
      <object_component id="oc-2f">
         <name>.debug_frame</name>
         <load_address>0x968</load_address>
         <run_address>0x968</run_address>
         <size>0x68</size>
         <input_file_ref idref="fl-b"/>
      </object_component>
      <object_component id="oc-2b">
         <name>.debug_frame</name>
         <load_address>0x9d0</load_address>
         <run_address>0x9d0</run_address>
         <size>0x90</size>
         <input_file_ref idref="fl-c"/>
      </object_component>
      <object_component id="oc-dc">
         <name>.debug_frame</name>
         <load_address>0xa60</load_address>
         <run_address>0xa60</run_address>
         <size>0x188</size>
         <input_file_ref idref="fl-d"/>
      </object_component>
      <object_component id="oc-104">
         <name>.debug_frame</name>
         <load_address>0xbe8</load_address>
         <run_address>0xbe8</run_address>
         <size>0x84</size>
         <input_file_ref idref="fl-e"/>
      </object_component>
      <object_component id="oc-58">
         <name>.debug_frame</name>
         <load_address>0xc6c</load_address>
         <run_address>0xc6c</run_address>
         <size>0x54</size>
         <input_file_ref idref="fl-ca"/>
      </object_component>
      <object_component id="oc-20">
         <name>.debug_frame</name>
         <load_address>0xcc0</load_address>
         <run_address>0xcc0</run_address>
         <size>0x54</size>
         <input_file_ref idref="fl-cb"/>
      </object_component>
      <object_component id="oc-1a">
         <name>.debug_frame</name>
         <load_address>0xd14</load_address>
         <run_address>0xd14</run_address>
         <size>0x60</size>
         <input_file_ref idref="fl-cc"/>
      </object_component>
      <object_component id="oc-60">
         <name>.debug_frame</name>
         <load_address>0xd74</load_address>
         <run_address>0xd74</run_address>
         <size>0x50</size>
         <input_file_ref idref="fl-cd"/>
      </object_component>
      <object_component id="oc-118">
         <name>.debug_frame</name>
         <load_address>0xdc4</load_address>
         <run_address>0xdc4</run_address>
         <size>0x5c</size>
         <input_file_ref idref="fl-d0"/>
      </object_component>
      <object_component id="oc-a4">
         <name>.debug_frame</name>
         <load_address>0xe20</load_address>
         <run_address>0xe20</run_address>
         <size>0x54</size>
         <input_file_ref idref="fl-d1"/>
      </object_component>
      <object_component id="oc-10d">
         <name>.debug_frame</name>
         <load_address>0xe74</load_address>
         <run_address>0xe74</run_address>
         <size>0x54</size>
         <input_file_ref idref="fl-d3"/>
      </object_component>
      <object_component id="oc-148">
         <name>.debug_abbrev</name>
         <load_address>0x0</load_address>
         <run_address>0x0</run_address>
         <size>0xe6</size>
         <input_file_ref idref="fl-2"/>
      </object_component>
      <object_component id="oc-17f">
         <name>.debug_abbrev</name>
         <load_address>0xe6</load_address>
         <run_address>0xe6</run_address>
         <size>0x7a</size>
         <input_file_ref idref="fl-2"/>
      </object_component>
      <object_component id="oc-7c">
         <name>.debug_abbrev</name>
         <load_address>0x160</load_address>
         <run_address>0x160</run_address>
         <size>0x69</size>
         <input_file_ref idref="fl-2"/>
      </object_component>
      <object_component id="oc-3e">
         <name>.debug_abbrev</name>
         <load_address>0x1c9</load_address>
         <run_address>0x1c9</run_address>
         <size>0x1f</size>
         <input_file_ref idref="fl-2"/>
      </object_component>
      <object_component id="oc-14c">
         <name>.debug_abbrev</name>
         <load_address>0x1e8</load_address>
         <run_address>0x1e8</run_address>
         <size>0x24</size>
         <input_file_ref idref="fl-2"/>
      </object_component>
      <object_component id="oc-bc">
         <name>.debug_abbrev</name>
         <load_address>0x20c</load_address>
         <run_address>0x20c</run_address>
         <size>0x5c</size>
         <input_file_ref idref="fl-2"/>
      </object_component>
      <object_component id="oc-81">
         <name>.debug_abbrev</name>
         <load_address>0x268</load_address>
         <run_address>0x268</run_address>
         <size>0x24</size>
         <input_file_ref idref="fl-2"/>
      </object_component>
      <object_component id="oc-165">
         <name>.debug_abbrev</name>
         <load_address>0x28c</load_address>
         <run_address>0x28c</run_address>
         <size>0x24</size>
         <input_file_ref idref="fl-2"/>
      </object_component>
      <object_component id="oc-151">
         <name>.debug_abbrev</name>
         <load_address>0x2b0</load_address>
         <run_address>0x2b0</run_address>
         <size>0x24</size>
         <input_file_ref idref="fl-2"/>
      </object_component>
      <object_component id="oc-1ad">
         <name>.debug_abbrev</name>
         <load_address>0x2d4</load_address>
         <run_address>0x2d4</run_address>
         <size>0x8b</size>
         <input_file_ref idref="fl-3"/>
      </object_component>
      <object_component id="oc-15a">
         <name>.debug_abbrev</name>
         <load_address>0x35f</load_address>
         <run_address>0x35f</run_address>
         <size>0x7d</size>
         <input_file_ref idref="fl-3"/>
      </object_component>
      <object_component id="oc-1b1">
         <name>.debug_abbrev</name>
         <load_address>0x3dc</load_address>
         <run_address>0x3dc</run_address>
         <size>0x49</size>
         <input_file_ref idref="fl-3"/>
      </object_component>
      <object_component id="oc-154">
         <name>.debug_abbrev</name>
         <load_address>0x425</load_address>
         <run_address>0x425</run_address>
         <size>0x5e</size>
         <input_file_ref idref="fl-4"/>
      </object_component>
      <object_component id="oc-1d6">
         <name>.debug_abbrev</name>
         <load_address>0x483</load_address>
         <run_address>0x483</run_address>
         <size>0x7e</size>
         <input_file_ref idref="fl-5"/>
      </object_component>
      <object_component id="oc-1d4">
         <name>.debug_abbrev</name>
         <load_address>0x501</load_address>
         <run_address>0x501</run_address>
         <size>0x27</size>
         <input_file_ref idref="fl-5"/>
      </object_component>
      <object_component id="oc-183">
         <name>.debug_abbrev</name>
         <load_address>0x528</load_address>
         <run_address>0x528</run_address>
         <size>0xb4</size>
         <input_file_ref idref="fl-5"/>
      </object_component>
      <object_component id="oc-1d0">
         <name>.debug_abbrev</name>
         <load_address>0x5dc</load_address>
         <run_address>0x5dc</run_address>
         <size>0x9b</size>
         <input_file_ref idref="fl-6"/>
      </object_component>
      <object_component id="oc-1d2">
         <name>.debug_abbrev</name>
         <load_address>0x677</load_address>
         <run_address>0x677</run_address>
         <size>0x29</size>
         <input_file_ref idref="fl-6"/>
      </object_component>
      <object_component id="oc-1c9">
         <name>.debug_abbrev</name>
         <load_address>0x6a0</load_address>
         <run_address>0x6a0</run_address>
         <size>0x29</size>
         <input_file_ref idref="fl-6"/>
      </object_component>
      <object_component id="oc-17d">
         <name>.debug_abbrev</name>
         <load_address>0x6c9</load_address>
         <run_address>0x6c9</run_address>
         <size>0xd6</size>
         <input_file_ref idref="fl-6"/>
      </object_component>
      <object_component id="oc-1cd">
         <name>.debug_abbrev</name>
         <load_address>0x79f</load_address>
         <run_address>0x79f</run_address>
         <size>0x33</size>
         <input_file_ref idref="fl-6"/>
      </object_component>
      <object_component id="oc-107">
         <name>.debug_abbrev</name>
         <load_address>0x7d2</load_address>
         <run_address>0x7d2</run_address>
         <size>0x60</size>
         <input_file_ref idref="fl-7"/>
      </object_component>
      <object_component id="oc-1c7">
         <name>.debug_abbrev</name>
         <load_address>0x832</load_address>
         <run_address>0x832</run_address>
         <size>0x88</size>
         <input_file_ref idref="fl-8"/>
      </object_component>
      <object_component id="oc-173">
         <name>.debug_abbrev</name>
         <load_address>0x8ba</load_address>
         <run_address>0x8ba</run_address>
         <size>0xa9</size>
         <input_file_ref idref="fl-8"/>
      </object_component>
      <object_component id="oc-1b4">
         <name>.debug_abbrev</name>
         <load_address>0x963</load_address>
         <run_address>0x963</run_address>
         <size>0xc5</size>
         <input_file_ref idref="fl-9"/>
      </object_component>
      <object_component id="oc-162">
         <name>.debug_abbrev</name>
         <load_address>0xa28</load_address>
         <run_address>0xa28</run_address>
         <size>0xe7</size>
         <input_file_ref idref="fl-9"/>
      </object_component>
      <object_component id="oc-1b8">
         <name>.debug_abbrev</name>
         <load_address>0xb0f</load_address>
         <run_address>0xb0f</run_address>
         <size>0x49</size>
         <input_file_ref idref="fl-9"/>
      </object_component>
      <object_component id="oc-201">
         <name>.debug_abbrev</name>
         <load_address>0xb58</load_address>
         <run_address>0xb58</run_address>
         <size>0x56</size>
         <input_file_ref idref="fl-a"/>
      </object_component>
      <object_component id="oc-1c0">
         <name>.debug_abbrev</name>
         <load_address>0xbae</load_address>
         <run_address>0xbae</run_address>
         <size>0xdd</size>
         <input_file_ref idref="fl-a"/>
      </object_component>
      <object_component id="oc-1c4">
         <name>.debug_abbrev</name>
         <load_address>0xc8b</load_address>
         <run_address>0xc8b</run_address>
         <size>0x24</size>
         <input_file_ref idref="fl-a"/>
      </object_component>
      <object_component id="oc-146">
         <name>.debug_abbrev</name>
         <load_address>0xcaf</load_address>
         <run_address>0xcaf</run_address>
         <size>0x2e</size>
         <input_file_ref idref="fl-b"/>
      </object_component>
      <object_component id="oc-b7">
         <name>.debug_abbrev</name>
         <load_address>0xcdd</load_address>
         <run_address>0xcdd</run_address>
         <size>0x29</size>
         <input_file_ref idref="fl-b"/>
      </object_component>
      <object_component id="oc-77">
         <name>.debug_abbrev</name>
         <load_address>0xd06</load_address>
         <run_address>0xd06</run_address>
         <size>0x50</size>
         <input_file_ref idref="fl-b"/>
      </object_component>
      <object_component id="oc-78">
         <name>.debug_abbrev</name>
         <load_address>0xd56</load_address>
         <run_address>0xd56</run_address>
         <size>0x7c</size>
         <input_file_ref idref="fl-c"/>
      </object_component>
      <object_component id="oc-33">
         <name>.debug_abbrev</name>
         <load_address>0xdd2</load_address>
         <run_address>0xdd2</run_address>
         <size>0x29</size>
         <input_file_ref idref="fl-c"/>
      </object_component>
      <object_component id="oc-73">
         <name>.debug_abbrev</name>
         <load_address>0xdfb</load_address>
         <run_address>0xdfb</run_address>
         <size>0x79</size>
         <input_file_ref idref="fl-c"/>
      </object_component>
      <object_component id="oc-1ab">
         <name>.debug_abbrev</name>
         <load_address>0xe74</load_address>
         <run_address>0xe74</run_address>
         <size>0x63</size>
         <input_file_ref idref="fl-d"/>
      </object_component>
      <object_component id="oc-155">
         <name>.debug_abbrev</name>
         <load_address>0xed7</load_address>
         <run_address>0xed7</run_address>
         <size>0xa9</size>
         <input_file_ref idref="fl-d"/>
      </object_component>
      <object_component id="oc-1d8">
         <name>.debug_abbrev</name>
         <load_address>0xf80</load_address>
         <run_address>0xf80</run_address>
         <size>0xe6</size>
         <input_file_ref idref="fl-e"/>
      </object_component>
      <object_component id="oc-18a">
         <name>.debug_abbrev</name>
         <load_address>0x1066</load_address>
         <run_address>0x1066</run_address>
         <size>0x7a</size>
         <input_file_ref idref="fl-e"/>
      </object_component>
      <object_component id="oc-8a">
         <name>.debug_abbrev</name>
         <load_address>0x10e0</load_address>
         <run_address>0x10e0</run_address>
         <size>0x3e</size>
         <input_file_ref idref="fl-c8"/>
      </object_component>
      <object_component id="oc-200">
         <name>.debug_abbrev</name>
         <load_address>0x111e</load_address>
         <run_address>0x111e</run_address>
         <size>0x4a</size>
         <input_file_ref idref="fl-c9"/>
      </object_component>
      <object_component id="oc-cd">
         <name>.debug_abbrev</name>
         <load_address>0x1168</load_address>
         <run_address>0x1168</run_address>
         <size>0x5d</size>
         <input_file_ref idref="fl-ca"/>
      </object_component>
      <object_component id="oc-9e">
         <name>.debug_abbrev</name>
         <load_address>0x11c5</load_address>
         <run_address>0x11c5</run_address>
         <size>0x74</size>
         <input_file_ref idref="fl-ca"/>
      </object_component>
      <object_component id="oc-95">
         <name>.debug_abbrev</name>
         <load_address>0x1239</load_address>
         <run_address>0x1239</run_address>
         <size>0x24</size>
         <input_file_ref idref="fl-ca"/>
      </object_component>
      <object_component id="oc-ca">
         <name>.debug_abbrev</name>
         <load_address>0x125d</load_address>
         <run_address>0x125d</run_address>
         <size>0x24</size>
         <input_file_ref idref="fl-ca"/>
      </object_component>
      <object_component id="oc-90">
         <name>.debug_abbrev</name>
         <load_address>0x1281</load_address>
         <run_address>0x1281</run_address>
         <size>0x37</size>
         <input_file_ref idref="fl-cb"/>
      </object_component>
      <object_component id="oc-46">
         <name>.debug_abbrev</name>
         <load_address>0x12b8</load_address>
         <run_address>0x12b8</run_address>
         <size>0x74</size>
         <input_file_ref idref="fl-cb"/>
      </object_component>
      <object_component id="oc-49">
         <name>.debug_abbrev</name>
         <load_address>0x132c</load_address>
         <run_address>0x132c</run_address>
         <size>0x24</size>
         <input_file_ref idref="fl-cb"/>
      </object_component>
      <object_component id="oc-8d">
         <name>.debug_abbrev</name>
         <load_address>0x1350</load_address>
         <run_address>0x1350</run_address>
         <size>0x24</size>
         <input_file_ref idref="fl-cb"/>
      </object_component>
      <object_component id="oc-c6">
         <name>.debug_abbrev</name>
         <load_address>0x1374</load_address>
         <run_address>0x1374</run_address>
         <size>0x37</size>
         <input_file_ref idref="fl-cc"/>
      </object_component>
      <object_component id="oc-36">
         <name>.debug_abbrev</name>
         <load_address>0x13ab</load_address>
         <run_address>0x13ab</run_address>
         <size>0x6f</size>
         <input_file_ref idref="fl-cc"/>
      </object_component>
      <object_component id="oc-39">
         <name>.debug_abbrev</name>
         <load_address>0x141a</load_address>
         <run_address>0x141a</run_address>
         <size>0x24</size>
         <input_file_ref idref="fl-cc"/>
      </object_component>
      <object_component id="oc-c3">
         <name>.debug_abbrev</name>
         <load_address>0x143e</load_address>
         <run_address>0x143e</run_address>
         <size>0x35</size>
         <input_file_ref idref="fl-cc"/>
      </object_component>
      <object_component id="oc-86">
         <name>.debug_abbrev</name>
         <load_address>0x1473</load_address>
         <run_address>0x1473</run_address>
         <size>0x24</size>
         <input_file_ref idref="fl-cc"/>
      </object_component>
      <object_component id="oc-71">
         <name>.debug_abbrev</name>
         <load_address>0x1497</load_address>
         <run_address>0x1497</run_address>
         <size>0x29</size>
         <input_file_ref idref="fl-cd"/>
      </object_component>
      <object_component id="oc-ae">
         <name>.debug_abbrev</name>
         <load_address>0x14c0</load_address>
         <run_address>0x14c0</run_address>
         <size>0x55</size>
         <input_file_ref idref="fl-cd"/>
      </object_component>
      <object_component id="oc-212">
         <name>.debug_abbrev</name>
         <load_address>0x1515</load_address>
         <run_address>0x1515</run_address>
         <size>0x38</size>
         <input_file_ref idref="fl-ce"/>
      </object_component>
      <object_component id="oc-cf">
         <name>.debug_abbrev</name>
         <load_address>0x154d</load_address>
         <run_address>0x154d</run_address>
         <size>0x4f</size>
         <input_file_ref idref="fl-cf"/>
      </object_component>
      <object_component id="oc-1e8">
         <name>.debug_abbrev</name>
         <load_address>0x159c</load_address>
         <run_address>0x159c</run_address>
         <size>0xc0</size>
         <input_file_ref idref="fl-d0"/>
      </object_component>
      <object_component id="oc-195">
         <name>.debug_abbrev</name>
         <load_address>0x165c</load_address>
         <run_address>0x165c</run_address>
         <size>0x7e</size>
         <input_file_ref idref="fl-d0"/>
      </object_component>
      <object_component id="oc-1ec">
         <name>.debug_abbrev</name>
         <load_address>0x16da</load_address>
         <run_address>0x16da</run_address>
         <size>0x24</size>
         <input_file_ref idref="fl-d0"/>
      </object_component>
      <object_component id="oc-208">
         <name>.debug_abbrev</name>
         <load_address>0x16fe</load_address>
         <run_address>0x16fe</run_address>
         <size>0x24</size>
         <input_file_ref idref="fl-d0"/>
      </object_component>
      <object_component id="oc-1f1">
         <name>.debug_abbrev</name>
         <load_address>0x1722</load_address>
         <run_address>0x1722</run_address>
         <size>0x24</size>
         <input_file_ref idref="fl-d0"/>
      </object_component>
      <object_component id="oc-1f6">
         <name>.debug_abbrev</name>
         <load_address>0x1746</load_address>
         <run_address>0x1746</run_address>
         <size>0x4b</size>
         <input_file_ref idref="fl-d0"/>
      </object_component>
      <object_component id="oc-d0">
         <name>.debug_abbrev</name>
         <load_address>0x1791</load_address>
         <run_address>0x1791</run_address>
         <size>0x55</size>
         <input_file_ref idref="fl-d1"/>
      </object_component>
      <object_component id="oc-18b">
         <name>.debug_abbrev</name>
         <load_address>0x17e6</load_address>
         <run_address>0x17e6</run_address>
         <size>0x45</size>
         <input_file_ref idref="fl-d3"/>
      </object_component>
      <object_component id="oc-243">
         <name>.debug_abbrev</name>
         <load_address>0x182b</load_address>
         <run_address>0x182b</run_address>
         <size>0xf</size>
      </object_component>
      <object_component id="oc-7e">
         <name>.debug_str</name>
         <load_address>0x0</load_address>
         <run_address>0x0</run_address>
         <size>0x2c2</size>
         <input_file_ref idref="fl-2"/>
      </object_component>
      <object_component id="oc-40">
         <name>.debug_str</name>
         <load_address>0x2c2</load_address>
         <run_address>0x2c2</run_address>
         <size>0xfd</size>
         <input_file_ref idref="fl-2"/>
      </object_component>
      <object_component id="oc-14e">
         <name>.debug_str</name>
         <load_address>0x3bf</load_address>
         <run_address>0x3bf</run_address>
         <size>0xf2</size>
         <input_file_ref idref="fl-2"/>
      </object_component>
      <object_component id="oc-be">
         <name>.debug_str</name>
         <load_address>0x4b1</load_address>
         <run_address>0x4b1</run_address>
         <size>0x358</size>
         <input_file_ref idref="fl-2"/>
      </object_component>
      <object_component id="oc-83">
         <name>.debug_str</name>
         <load_address>0x809</load_address>
         <run_address>0x809</run_address>
         <size>0x15a</size>
         <input_file_ref idref="fl-2"/>
      </object_component>
      <object_component id="oc-167">
         <name>.debug_str</name>
         <load_address>0x963</load_address>
         <run_address>0x963</run_address>
         <size>0xb1</size>
         <input_file_ref idref="fl-2"/>
      </object_component>
      <object_component id="oc-153">
         <name>.debug_str</name>
         <load_address>0xa14</load_address>
         <run_address>0xa14</run_address>
         <size>0xab</size>
         <input_file_ref idref="fl-2"/>
      </object_component>
      <object_component id="oc-1b3">
         <name>.debug_str</name>
         <load_address>0xabf</load_address>
         <run_address>0xabf</run_address>
         <size>0xb2</size>
         <input_file_ref idref="fl-3"/>
      </object_component>
      <object_component id="oc-1cf">
         <name>.debug_str</name>
         <load_address>0xb71</load_address>
         <run_address>0xb71</run_address>
         <size>0xe1</size>
         <input_file_ref idref="fl-6"/>
      </object_component>
      <object_component id="oc-1ba">
         <name>.debug_str</name>
         <load_address>0xc52</load_address>
         <run_address>0xc52</run_address>
         <size>0x10a</size>
         <input_file_ref idref="fl-9"/>
      </object_component>
      <object_component id="oc-1c6">
         <name>.debug_str</name>
         <load_address>0xd5c</load_address>
         <run_address>0xd5c</run_address>
         <size>0xf5</size>
         <input_file_ref idref="fl-a"/>
      </object_component>
      <object_component id="oc-97">
         <name>.debug_str</name>
         <load_address>0xe51</load_address>
         <run_address>0xe51</run_address>
         <size>0x105</size>
         <input_file_ref idref="fl-ca"/>
      </object_component>
      <object_component id="oc-cc">
         <name>.debug_str</name>
         <load_address>0xf56</load_address>
         <run_address>0xf56</run_address>
         <size>0x140</size>
         <input_file_ref idref="fl-ca"/>
      </object_component>
      <object_component id="oc-4b">
         <name>.debug_str</name>
         <load_address>0x1096</load_address>
         <run_address>0x1096</run_address>
         <size>0x10b</size>
         <input_file_ref idref="fl-cb"/>
      </object_component>
      <object_component id="oc-8f">
         <name>.debug_str</name>
         <load_address>0x11a1</load_address>
         <run_address>0x11a1</run_address>
         <size>0x140</size>
         <input_file_ref idref="fl-cb"/>
      </object_component>
      <object_component id="oc-3b">
         <name>.debug_str</name>
         <load_address>0x12e1</load_address>
         <run_address>0x12e1</run_address>
         <size>0x118</size>
         <input_file_ref idref="fl-cc"/>
      </object_component>
      <object_component id="oc-c5">
         <name>.debug_str</name>
         <load_address>0x13f9</load_address>
         <run_address>0x13f9</run_address>
         <size>0x16b</size>
         <input_file_ref idref="fl-cc"/>
      </object_component>
      <object_component id="oc-88">
         <name>.debug_str</name>
         <load_address>0x1564</load_address>
         <run_address>0x1564</run_address>
         <size>0x158</size>
         <input_file_ref idref="fl-cc"/>
      </object_component>
      <object_component id="oc-1ee">
         <name>.debug_str</name>
         <load_address>0x16bc</load_address>
         <run_address>0x16bc</run_address>
         <size>0xed</size>
         <input_file_ref idref="fl-d0"/>
      </object_component>
      <object_component id="oc-20a">
         <name>.debug_str</name>
         <load_address>0x17a9</load_address>
         <run_address>0x17a9</run_address>
         <size>0x157</size>
         <input_file_ref idref="fl-d0"/>
      </object_component>
      <object_component id="oc-1f3">
         <name>.debug_str</name>
         <load_address>0x1900</load_address>
         <run_address>0x1900</run_address>
         <size>0x150</size>
         <input_file_ref idref="fl-d0"/>
      </object_component>
      <object_component id="oc-1f8">
         <name>.debug_str</name>
         <load_address>0x1a50</load_address>
         <run_address>0x1a50</run_address>
         <size>0x197</size>
         <input_file_ref idref="fl-d0"/>
      </object_component>
      <object_component id="oc-f7">
[...]
         <value>0x200</value>
      </symbol>
      <symbol id="sm-b">
         <name>__STACK_END</name>
         <value>0x20000c90</value>
      </symbol>
      <symbol id="sm-c">
         <name>__c_args__</name>
         <value>0xffffffff</value>
      </symbol>
      <symbol id="sm-d">
         <name>__TI_pprof_out_hndl</name>
         <value>0xffffffff</value>
      </symbol>
      <symbol id="sm-e">
         <name>__TI_prof_data_start</name>
         <value>0xffffffff</value>
      </symbol>
      <symbol id="sm-f">
         <name>__TI_prof_data_size</name>
         <value>0xffffffff</value>
      </symbol>
      <symbol id="sm-7e">
         <name>i</name>
         <value>0x20000a8b</value>
      </symbol>
      <symbol id="sm-7f">
         <name>InBuf</name>
         <value>0x200009c0</value>
      </symbol>
      <symbol id="sm-80">
         <name>debug_task</name>
         <value>0xa95</value>
         <object_component_ref idref="oc-f5"/>
      </symbol>
      <symbol id="sm-a2">
         <name>pof</name>
         <value>0x20000a40</value>
      </symbol>
      <symbol id="sm-a3">
         <name>get_file</name>
         <value>0x204f</value>
         <object_component_ref idref="oc-dd"/>
      </symbol>
      <symbol id="sm-a4">
         <name>init_files</name>
         <value>0x207b</value>
         <object_component_ref idref="oc-dd"/>
      </symbol>
      <symbol id="sm-a5">
         <name>put_file</name>
         <value>0x202d</value>
         <object_component_ref idref="oc-dd"/>
      </symbol>
      <symbol id="sm-bc">
         <name>init_gpio</name>
         <value>0x2235</value>
         <object_component_ref idref="oc-d1"/>
      </symbol>
      <symbol id="sm-e6">
         <name>row</name>
         <value>0x1d45</value>
         <object_component_ref idref="oc-fb"/>
      </symbol>
      <symbol id="sm-e7">
         <name>key_catch</name>
         <value>0x1d91</value>
         <object_component_ref idref="oc-fb"/>
      </symbol>
      <symbol id="sm-e8">
         <name>get_keyboard</name>
         <value>0x1dbf</value>
         <object_component_ref idref="oc-fb"/>
      </symbol>
      <symbol id="sm-e9">
         <name>check_column</name>
         <value>0x1dcf</value>
         <object_component_ref idref="oc-fb"/>
      </symbol>
      <symbol id="sm-ea">
         <name>key_task</name>
         <value>0x1e11</value>
         <object_component_ref idref="oc-fb"/>
      </symbol>
      <symbol id="sm-13c">
         <name>LCD_init</name>
         <value>0x20000a88</value>
      </symbol>
      <symbol id="sm-13d">
         <name>move_LCD</name>
         <value>0x1563</value>
         <object_component_ref idref="oc-ef"/>
      </symbol>
      <symbol id="sm-13e">
         <name>wr_str_LCD</name>
         <value>0x1545</value>
         <object_component_ref idref="oc-ef"/>
      </symbol>
      <symbol id="sm-13f">
         <name>wr_ctrl_LCD</name>
         <value>0x16d1</value>
         <object_component_ref idref="oc-ef"/>
      </symbol>
      <symbol id="sm-140">
         <name>wr_ctrl_LCD_low</name>
         <value>0x1599</value>
         <object_component_ref idref="oc-ef"/>
      </symbol>
      <symbol id="sm-141">
         <name>wr_ctrl_LCD_high</name>
         <value>0x165b</value>
         <object_component_ref idref="oc-ef"/>
      </symbol>
      <symbol id="sm-142">
         <name>LCD_init_sequense</name>
         <value>0x2512</value>
         <object_component_ref idref="oc-17a"/>
      </symbol>
      <symbol id="sm-143">
         <name>home_LCD</name>
         <value>0x1731</value>
         <object_component_ref idref="oc-ef"/>
      </symbol>
      <symbol id="sm-144">
         <name>wr_ch_LCD</name>
         <value>0x1531</value>
         <object_component_ref idref="oc-ef"/>
      </symbol>
      <symbol id="sm-145">
         <name>out_LCD_low</name>
         <value>0x1671</value>
         <object_component_ref idref="oc-ef"/>
      </symbol>
      <symbol id="sm-146">
         <name>Set_cursor</name>
         <value>0x173b</value>
         <object_component_ref idref="oc-ef"/>
      </symbol>
      <symbol id="sm-147">
         <name>lcd_task</name>
         <value>0x1787</value>
         <object_component_ref idref="oc-ef"/>
      </symbol>
      <symbol id="sm-148">
         <name>LCD_state</name>
         <value>0x20000c98</value>
         <object_component_ref idref="oc-174"/>
      </symbol>
      <symbol id="sm-149">
         <name>out_LCD_high</name>
         <value>0x16bb</value>
         <object_component_ref idref="oc-ef"/>
      </symbol>
      <symbol id="sm-14a">
         <name>clr_LCD</name>
         <value>0x1727</value>
         <object_component_ref idref="oc-ef"/>
      </symbol>
      <symbol id="sm-14b">
         <name>out_LCD</name>
         <value>0x174b</value>
         <object_component_ref idref="oc-ef"/>
      </symbol>
      <symbol id="sm-15e">
         <name>main</name>
         <value>0x20f5</value>
         <object_component_ref idref="oc-a5"/>
      </symbol>
      <symbol id="sm-183">
         <name>sec</name>
         <value>0x20000a8d</value>
      </symbol>
      <symbol id="sm-184">
         <name>min</name>
         <value>0x20000a8c</value>
      </symbol>
      <symbol id="sm-185">
         <name>hour</name>
         <value>0x20000a8a</value>
      </symbol>
      <symbol id="sm-186">
         <name>get_min</name>
         <value>0x1ec7</value>
         <object_component_ref idref="oc-e9"/>
      </symbol>
      <symbol id="sm-187">
         <name>get_sec</name>
         <value>0x1ecd</value>
         <object_component_ref idref="oc-e9"/>
      </symbol>
      <symbol id="sm-188">
         <name>display_rtc_task</name>
         <value>0x1f91</value>
         <object_component_ref idref="oc-e9"/>
      </symbol>
      <symbol id="sm-189">
         <name>set_min</name>
         <value>0x1ee7</value>
         <object_component_ref idref="oc-e9"/>
      </symbol>
      <symbol id="sm-18a">
         <name>get_hour</name>
         <value>0x1ec1</value>
         <object_component_ref idref="oc-e9"/>
      </symbol>
      <symbol id="sm-18b">
         <name>set_hour</name>
         <value>0x1ed3</value>
         <object_component_ref idref="oc-e9"/>
      </symbol>
      <symbol id="sm-18c">
         <name>rtc_task</name>
         <value>0x1f0f</value>
         <object_component_ref idref="oc-e9"/>
      </symbol>
      <symbol id="sm-18d">
         <name>set_sec</name>
         <value>0x1efb</value>
         <object_component_ref idref="oc-e9"/>
      </symbol>
      <symbol id="sm-207">
         <name>current_task</name>
         <value>0x20000a89</value>
      </symbol>
      <symbol id="sm-208">
         <name>pot</name>
         <value>0x20000900</value>
      </symbol>
      <symbol id="sm-209">
         <name>pos</name>
         <value>0x20000840</value>
      </symbol>
      <symbol id="sm-20a">
         <name>poq</name>
         <value>0x20000000</value>
      </symbol>
      <symbol id="sm-20b">
         <name>wait_sem</name>
         <value>0x515</value>
         <object_component_ref idref="oc-e3"/>
      </symbol>
      <symbol id="sm-20c">
         <name>preset_sem</name>
         <value>0x605</value>
         <object_component_ref idref="oc-e3"/>
      </symbol>
      <symbol id="sm-20d">
         <name>get_queue_not_empty</name>
         <value>0x45b</value>
         <object_component_ref idref="oc-e3"/>
      </symbol>
      <symbol id="sm-20e">
         <name>get_sem_type</name>
         <value>0x3b5</value>
         <object_component_ref idref="oc-e3"/>
      </symbol>
      <symbol id="sm-20f">
         <name>put_queue</name>
         <value>0x6d1</value>
         <object_component_ref idref="oc-e3"/>
      </symbol>
      <symbol id="sm-210">
         <name>get_queue</name>
         <value>0x765</value>
         <object_component_ref idref="oc-e3"/>
      </symbol>
      <symbol id="sm-211">
         <name>set_state</name>
         <value>0x4c9</value>
         <object_component_ref idref="oc-e3"/>
      </symbol>
      <symbol id="sm-212">
         <name>queue_empty</name>
         <value>0x369</value>
         <object_component_ref idref="oc-e3"/>
      </symbol>
      <symbol id="sm-213">
         <name>i_am_alive</name>
         <value>0x487</value>
         <object_component_ref idref="oc-e3"/>
      </symbol>
      <symbol id="sm-214">
         <name>get_queue_not_full</name>
         <value>0x439</value>
         <object_component_ref idref="oc-e3"/>
      </symbol>
      <symbol id="sm-215">
         <name>get_task_event</name>
         <value>0x303</value>
         <object_component_ref idref="oc-e3"/>
      </symbol>
      <symbol id="sm-216">
         <name>get_sem_count</name>
         <value>0x3d5</value>
         <object_component_ref idref="oc-e3"/>
      </symbol>
      <symbol id="sm-217">
         <name>get_task_sem</name>
         <value>0x325</value>
         <object_component_ref idref="oc-e3"/>
      </symbol>
      <symbol id="sm-218">
         <name>get_task_name</name>
         <value>0x2b1</value>
         <object_component_ref idref="oc-e3"/>
      </symbol>
      <symbol id="sm-219">
         <name>get_queue_tail</name>
         <value>0x417</value>
         <object_component_ref idref="oc-e3"/>
      </symbol>
      <symbol id="sm-21a">
         <name>get_task_condition</name>
         <value>0x26d</value>
         <object_component_ref idref="oc-e3"/>
      </symbol>
      <symbol id="sm-21b">
         <name>open_queue</name>
         <value>0x63d</value>
         <object_component_ref idref="oc-e3"/>
      </symbol>
      <symbol id="sm-21c">
         <name>retrieve_id</name>
         <value>0x47d</value>
         <object_component_ref idref="oc-e3"/>
      </symbol>
      <symbol id="sm-21d">
         <name>get_sem_condition</name>
         <value>0x395</value>
         <object_component_ref idref="oc-e3"/>
      </symbol>
      <symbol id="sm-21e">
         <name>wait</name>
         <value>0x4e7</value>
         <object_component_ref idref="oc-e3"/>
      </symbol>
      <symbol id="sm-21f">
         <name>get_queue_head</name>
         <value>0x3f5</value>
         <object_component_ref idref="oc-e3"/>
      </symbol>
      <symbol id="sm-220">
         <name>get_task_timer</name>
         <value>0x347</value>
         <object_component_ref idref="oc-e3"/>
      </symbol>
      <symbol id="sm-221">
         <name>get_task_state</name>
         <value>0x2e1</value>
         <object_component_ref idref="oc-e3"/>
      </symbol>
      <symbol id="sm-222">
         <name>schedule</name>
         <value>0x8f9</value>
         <object_component_ref idref="oc-e3"/>
      </symbol>
      <symbol id="sm-223">
         <name>init_rtcs</name>
         <value>0x87f</value>
         <object_component_ref idref="oc-e3"/>
      </symbol>
      <symbol id="sm-224">
         <name>start_task</name>
         <value>0x801</value>
         <object_component_ref idref="oc-e3"/>
      </symbol>
      <symbol id="sm-225">
         <name>signal</name>
         <value>0x5c1</value>
         <object_component_ref idref="oc-e3"/>
      </symbol>
      <symbol id="sm-27b">
         <name>putc1</name>
         <value>0x101d</value>
         <object_component_ref idref="oc-168"/>
      </symbol>
      <symbol id="sm-27c">
         <name>gprintf</name>
         <value>0x14cf</value>
         <object_component_ref idref="oc-168"/>
      </symbol>
      <symbol id="sm-27d">
         <name>putStr</name>
         <value>0x104f</value>
         <object_component_ref idref="oc-168"/>
      </symbol>
      <symbol id="sm-27e">
         <name>putChars</name>
         <value>0x106f</value>
         <object_component_ref idref="oc-168"/>
      </symbol>
      <symbol id="sm-27f">
         <name>gprint</name>
         <value>0x1211</value>
         <object_component_ref idref="oc-168"/>
      </symbol>
      <symbol id="sm-280">
         <name>gsprintf</name>
         <value>0x14f9</value>
         <object_component_ref idref="oc-168"/>
      </symbol>
      <symbol id="sm-281">
         <name>putHex</name>
         <value>0x118d</value>
         <object_component_ref idref="oc-168"/>
      </symbol>
      <symbol id="sm-282">
         <name>putDec</name>
         <value>0x1099</value>
         <object_component_ref idref="oc-168"/>
      </symbol>
      <symbol id="sm-283">
         <name>gfprintf</name>
         <value>0x14a5</value>
         <object_component_ref idref="oc-168"/>
      </symbol>
      <symbol id="sm-29f">
         <name>ticks</name>
         <value>0x20000c94</value>
         <object_component_ref idref="oc-74"/>
      </symbol>
      <symbol id="sm-2a0">
         <name>systick_handler</name>
         <value>0x22c1</value>
         <object_component_ref idref="oc-2d"/>
      </symbol>
      <symbol id="sm-2a1">
         <name>init_systick</name>
         <value>0x22cb</value>
         <object_component_ref idref="oc-2d"/>
      </symbol>
      <symbol id="sm-2bd">
         <name>ResetISR</name>
         <value>0x24f3</value>
         <object_component_ref idref="oc-27"/>
      </symbol>
      <symbol id="sm-2be">
         <name>g_pfnVectors</name>
         <value>0x0</value>
         <object_component_ref idref="oc-12"/>
      </symbol>
      <symbol id="sm-2f4">
         <name>uart0_init</name>
         <value>0x1c69</value>
         <object_component_ref idref="oc-d7"/>
      </symbol>
      <symbol id="sm-2f5">
         <name>lcrh_parity</name>
         <value>0x1c09</value>
         <object_component_ref idref="oc-d7"/>
      </symbol>
      <symbol id="sm-2f6">
         <name>uart_rx_task</name>
         <value>0x1b6d</value>
         <object_component_ref idref="oc-d7"/>
      </symbol>
      <symbol id="sm-2f7">
         <name>uart0_getc</name>
         <value>0x1b45</value>
         <object_component_ref idref="oc-d7"/>
      </symbol>
      <symbol id="sm-2f8">
         <name>uart0_get_q</name>
         <value>0x1b2b</value>
         <object_component_ref idref="oc-d7"/>
      </symbol>
      <symbol id="sm-2f9">
         <name>uart0_fifos_disable</name>
         <value>0x1c5d</value>
         <object_component_ref idref="oc-d7"/>
      </symbol>
      <symbol id="sm-2fa">
         <name>lcrh_stopbits</name>
         <value>0x1bef</value>
         <object_component_ref idref="oc-d7"/>
      </symbol>
      <symbol id="sm-2fb">
         <name>lcrh_databits</name>
         <value>0x1bc5</value>
         <object_component_ref idref="oc-d7"/>
      </symbol>
      <symbol id="sm-2fc">
         <name>uart0_putc</name>
         <value>0x1b59</value>
         <object_component_ref idref="oc-d7"/>
      </symbol>
      <symbol id="sm-2fd">
         <name>uart0_fifos_enable</name>
         <value>0x1c51</value>
         <object_component_ref idref="oc-d7"/>
      </symbol>
      <symbol id="sm-2fe">
         <name>uart0_tx_rdy</name>
         <value>0x1b4d</value>
         <object_component_ref idref="oc-d7"/>
      </symbol>
      <symbol id="sm-2ff">
         <name>uart0_rx_rdy</name>
         <value>0x1b3b</value>
         <object_component_ref idref="oc-d7"/>
      </symbol>
      <symbol id="sm-300">
         <name>uart_tx_task</name>
         <value>0x1b9d</value>
         <object_component_ref idref="oc-d7"/>
      </symbol>
      <symbol id="sm-301">
         <name>uart0_put_q</name>
         <value>0x1b15</value>
         <object_component_ref idref="oc-d7"/>
      </symbol>
      <symbol id="sm-331">
         <name>ui_task</name>
         <value>0x1879</value>
         <object_component_ref idref="oc-101"/>
      </symbol>
      <symbol id="sm-332">
         <name>ui_key_task</name>
         <value>0x194f</value>
         <object_component_ref idref="oc-101"/>
      </symbol>
      <symbol id="sm-34d">
         <name>memcpy</name>
         <value>0x2199</value>
         <object_component_ref idref="oc-41"/>
      </symbol>
      <symbol id="sm-34e">
         <name>__aeabi_memcpy</name>
         <value>0x2199</value>
         <object_component_ref idref="oc-41"/>
      </symbol>
      <symbol id="sm-34f">
         <name>__aeabi_memcpy8</name>
         <value>0x2199</value>
         <object_component_ref idref="oc-41"/>
      </symbol>
      <symbol id="sm-350">
         <name>__aeabi_memcpy4</name>
         <value>0x2199</value>
         <object_component_ref idref="oc-41"/>
      </symbol>
      <symbol id="sm-35f">
         <name>__aeabi_uidivmod</name>
         <value>0x2465</value>
         <object_component_ref idref="oc-1bb"/>
      </symbol>
      <symbol id="sm-360">
         <name>__aeabi_uidiv</name>
         <value>0x2465</value>
         <object_component_ref idref="oc-1bb"/>
      </symbol>
      <symbol id="sm-377">
         <name>__TI_zero_init</name>
         <value>0x24e7</value>
         <object_component_ref idref="oc-53"/>
      </symbol>
      <symbol id="sm-38e">
         <name>__TI_decompress_none</name>
         <value>0x24d9</value>
         <object_component_ref idref="oc-1b"/>
      </symbol>
      <symbol id="sm-3b1">
         <name>__TI_decompress_lzss</name>
         <value>0x23b7</value>
         <object_component_ref idref="oc-15"/>
      </symbol>
      <symbol id="sm-3c4">
         <name>__stack</name>
         <value>0x20000a90</value>
         <object_component_ref idref="oc-24"/>
      </symbol>
      <symbol id="sm-3c5">
         <name>_c_int00_noargs</name>
         <value>0x24a5</value>
         <object_component_ref idref="oc-5f"/>
      </symbol>
      <symbol id="sm-3cf">
         <name>__aeabi_idiv0</name>
         <value>0x101b</value>
         <object_component_ref idref="oc-1fb"/>
      </symbol>
      <symbol id="sm-3d0">
         <name>__aeabi_ldiv0</name>
         <value>0x101b</value>
         <object_component_ref idref="oc-1fb"/>
      </symbol>
      <symbol id="sm-3df">
         <name>__aeabi_memset</name>
         <value>0x233f</value>
         <object_component_ref idref="oc-99"/>
      </symbol>
      <symbol id="sm-3e0">
         <name>memset</name>
         <value>0x2345</value>
         <object_component_ref idref="oc-99"/>
      </symbol>
      <symbol id="sm-3e1">
         <name>__aeabi_memset8</name>
         <value>0x233f</value>
         <object_component_ref idref="oc-99"/>
      </symbol>
      <symbol id="sm-3e2">
         <name>__aeabi_memset4</name>
         <value>0x233f</value>
         <object_component_ref idref="oc-99"/>
      </symbol>
      <symbol id="sm-3e3">
         <name>__aeabi_memclr8</name>
         <value>0x233d</value>
         <object_component_ref idref="oc-99"/>
      </symbol>
      <symbol id="sm-3e4">
         <name>__aeabi_memclr4</name>
         <value>0x233d</value>
         <object_component_ref idref="oc-99"/>
      </symbol>
      <symbol id="sm-3e5">
         <name>__aeabi_memclr</name>
         <value>0x233d</value>
         <object_component_ref idref="oc-99"/>
      </symbol>
      <symbol id="sm-40d">
         <name>__TI_auto_init_nobinit_nopinit</name>
         <value>0x2421</value>
         <object_component_ref idref="oc-114"/>
      </symbol>
      <symbol id="sm-417">
         <name>_system_pre_init</name>
         <value>0x24ff</value>
         <object_component_ref idref="oc-9f"/>
      </symbol>
      <symbol id="sm-423">
         <name>C$$EXIT</name>
         <value>0x2503</value>
         <object_component_ref idref="oc-108"/>
      </symbol>
      <symbol id="sm-424">
         <name>abort</name>
         <value>0x2503</value>
         <object_component_ref idref="oc-108"/>
      </symbol>
      <symbol id="sm-427">
         <name>__TI_static_base__</name>
         <value>0x0</value>
      </symbol>
      <symbol id="sm-42a">
         <name>__mpu_init</name>
         <value>0x0</value>
      </symbol>
      <symbol id="sm-42b">
         <name>_system_post_cinit</name>
         <value>0x0</value>
      </symbol>
   </symbol_table>
   <title>Link successful</title>
</link_info>
