******************************************************************************
                  TI ARM Linker PC v20.2.7                     
******************************************************************************
>> Linked Wed Apr 10 13:19:23 2024

OUTPUT FILE NAME:   <Assignment_6_2.out>
ENTRY POINT SYMBOL: "_c_int00_noargs"  address: 00001f29


MEMORY CONFIGURATION

         name            origin    length      used     unused   attr    fill
----------------------  --------  ---------  --------  --------  ----  --------
  FLASH                 00000000   00040000  00001fd0  0003e030  R  X
  SRAM                  20000000   00008000  00000c1c  000073e4  RW X


SEGMENT ALLOCATION MAP

run origin  load origin   length   init length attrs members
----------  ----------- ---------- ----------- ----- -------
00000000    00000000    00001fd0   00001fd0    r-x
  00000000    00000000    0000026c   0000026c    r-- .intvecs
  0000026c    0000026c    00001d1e   00001d1e    r-x .text
  00001f8a    00001f8a    00000016   00000016    r-- .const
  00001fa0    00001fa0    00000030   00000030    r-- .cinit
20000000    20000000    00000c1f   00000000    rw-
  20000000    20000000    00000a0d   00000000    rw- .bss
  20000a10    20000a10    00000200   00000000    rw- .stack
  20000c10    20000c10    0000000f   00000000    rw- .data


SECTION ALLOCATION MAP

 output                                  attributes/
section   page    origin      length       input sections
--------  ----  ----------  ----------   ----------------
.intvecs   0    00000000    0000026c     
                  00000000    0000026c     tm4c123gh6pm_startup_ccs.obj (.intvecs)

.text      0    0000026c    00001d1e     
                  0000026c    000006c0     rtcs.obj (.text)
                  0000092c    00000514     string.obj (.text)
                  00000e40    00000410     ui.obj (.text)
                  00001250    00000348     lcd.obj (.text)
                  00001598    00000230     uart.obj (.text)
                  000017c8    0000017c     key.obj (.text)
                  00001944    0000016c     rtc.obj (.text)
                  00001ab0    000000c8     file.obj (.text)
                  00001b78    000000a4     main.obj (.text)
                  00001c1c    0000009c     rtsv7M4_T_le_v4SPD16_eabi.lib : memcpy_t2.asm.obj (.text)
                  00001cb8    0000008c     gpio.obj (.text)
                  00001d44    0000007c     systick.obj (.text)
                  00001dc0    0000007a     rtsv7M4_T_le_v4SPD16_eabi.lib : memset_t2.asm.obj (.text)
                  00001e3a    00000068                                   : copy_decompress_lzss.c.obj (.text:decompress:lzss:__TI_decompress_lzss)
                  00001ea2    00000002                                   : div0.asm.obj (.text)
                  00001ea4    00000044                                   : autoinit.c.obj (.text:__TI_auto_init_nobinit_nopinit:__TI_auto_init_nobinit_nopinit)
                  00001ee8    00000040                                   : u_divt2.asm.obj (.text)
                  00001f28    00000034                                   : boot_cortex_m.c.obj (.text:_c_int00_noargs:_c_int00_noargs)
                  00001f5c    0000000e                                   : copy_decompress_none.c.obj (.text:decompress:none:__TI_decompress_none)
                  00001f6a    0000000c                                   : copy_zero_init.c.obj (.text:decompress:ZI:__TI_zero_init)
                  00001f76    0000000c     tm4c123gh6pm_startup_ccs.obj (.text)
                  00001f82    00000004     rtsv7M4_T_le_v4SPD16_eabi.lib : pre_init.c.obj (.text:_system_pre_init)
                  00001f86    00000004                                   : exit.c.obj (.text:abort:abort)

.const     0    00001f8a    00000016     
                  00001f8a    0000000c     key.obj (.const:$P$T0$1)
                  00001f96    0000000a     lcd.obj (.const:.string:LCD_init_sequense)

.cinit     0    00001fa0    00000030     
                  00001fa0    0000000c     (__TI_handler_table)
                  00001fac    00000004     --HOLE-- [fill = 0]
                  00001fb0    00000008     (.cinit..bss.load) [load image, compression = zero_init]
                  00001fb8    00000007     (.cinit..data.load) [load image, compression = lzss]
                  00001fbf    00000001     --HOLE-- [fill = 0]
                  00001fc0    00000010     (__TI_cinit_table)

.init_array 
*          0    00000000    00000000     UNINITIALIZED

.bss       0    20000000    00000a0d     UNINITIALIZED
                  20000000    00000840     (.common:poq)
                  20000840    000000c0     (.common:pos)
                  20000900    000000c0     (.common:pot)
                  200009c0    00000040     (.common:pof)
                  20000a00    00000008     ui.obj (.bss:Buf$3)
                  20000a08    00000001     (.common:LCD_init)
                  20000a09    00000001     (.common:current_task)
                  20000a0a    00000001     (.common:hour)
                  20000a0b    00000001     (.common:min)
                  20000a0c    00000001     (.common:sec)

.data      0    20000c10    0000000f     UNINITIALIZED
                  20000c10    00000008     ui.obj (.data)
                  20000c18    00000004     systick.obj (.data)
                  20000c1c    00000002     lcd.obj (.data)
                  20000c1e    00000001     rtcs.obj (.data)

.stack     0    20000a10    00000200     UNINITIALIZED
                  20000a10    00000004     rtsv7M4_T_le_v4SPD16_eabi.lib : boot_cortex_m.c.obj (.stack)
                  20000a14    000001fc     --HOLE--

__llvm_prf_cnts 
*          0    20000000    00000000     UNINITIALIZED

MODULE SUMMARY

       Module                         code   ro data   rw data
       ------                         ----   -------   -------
    .\
       rtcs.obj                       1728   0         2498   
       string.obj                     1300   0         0      
       ui.obj                         1040   0         16     
       lcd.obj                        840    10        3      
       tm4c123gh6pm_startup_ccs.obj   12     620       0      
       uart.obj                       560    0         0      
       key.obj                        380    12        0      
       rtc.obj                        364    0         3      
       file.obj                       200    0         64     
       main.obj                       164    0         0      
       gpio.obj                       140    0         0      
       systick.obj                    124    0         4      
    +--+------------------------------+------+---------+---------+
       Total:                         6852   642       2588   
                                                              
    C:\Users\Andreas Skeem\ccs\tools\compiler\ti-cgt-arm_20.2.7.LTS\lib\rtsv7M4_T_le_v4SPD16_eabi.lib
       memcpy_t2.asm.obj              156    0         0      
       memset_t2.asm.obj              122    0         0      
       copy_decompress_lzss.c.obj     104    0         0      
       autoinit.c.obj                 68     0         0      
       u_divt2.asm.obj                64     0         0      
       boot_cortex_m.c.obj            52     0         0      
       copy_decompress_none.c.obj     14     0         0      
       copy_zero_init.c.obj           12     0         0      
       exit.c.obj                     4      0         0      
       pre_init.c.obj                 4      0         0      
       div0.asm.obj                   2      0         0      
    +--+------------------------------+------+---------+---------+
       Total:                         602    0         0      
                                                              
       Stack:                         0      0         512    
       Linker Generated:              0      43        0      
    +--+------------------------------+------+---------+---------+
       Grand Total:                   7454   685       3100   


LINKER GENERATED COPY TABLES

__TI_cinit_table @ 00001fc0 records: 2, size/record: 8, table size: 16
	.bss: load addr=00001fb0, load size=00000008 bytes, run addr=20000000, run size=00000a0d bytes, compression=zero_init
	.data: load addr=00001fb8, load size=00000007 bytes, run addr=20000c10, run size=0000000f bytes, compression=lzss


LINKER GENERATED HANDLER TABLE

__TI_handler_table @ 00001fa0 records: 3, size/record: 4, table size: 12
	index: 0, handler: __TI_decompress_lzss
	index: 1, handler: __TI_decompress_none
	index: 2, handler: __TI_zero_init


GLOBAL SYMBOLS: SORTED ALPHABETICALLY BY Name 

address   name                          
-------   ----                          
00001f87  C$$EXIT                       
20000a08  LCD_init                      
00001f96  LCD_init_sequense             
20000c1c  LCD_state                     
00001f77  ResetISR                      
0000145b  Set_cursor                    
20000c10  __STACK_END                   
00000200  __STACK_SIZE                  
20000c10  __STACK_TOP                   
00001fc0  __TI_CINIT_Base               
00001fd0  __TI_CINIT_Limit              
00001fa0  __TI_Handler_Table_Base       
00001fac  __TI_Handler_Table_Limit      
00001ea5  __TI_auto_init_nobinit_nopinit
00001e3b  __TI_decompress_lzss          
00001f5d  __TI_decompress_none          
ffffffff  __TI_pprof_out_hndl           
ffffffff  __TI_prof_data_size           
ffffffff  __TI_prof_data_start          
00000000  __TI_static_base__            
00001f6b  __TI_zero_init                
00001ea3  __aeabi_idiv0                 
00001ea3  __aeabi_ldiv0                 
00001dc1  __aeabi_memclr                
00001dc1  __aeabi_memclr4               
00001dc1  __aeabi_memclr8               
00001c1d  __aeabi_memcpy                
00001c1d  __aeabi_memcpy4               
00001c1d  __aeabi_memcpy8               
00001dc3  __aeabi_memset                
00001dc3  __aeabi_memset4               
00001dc3  __aeabi_memset8               
00001ee9  __aeabi_uidiv                 
00001ee9  __aeabi_uidivmod              
ffffffff  __binit__                     
ffffffff  __c_args__                    
UNDEFED   __mpu_init                    
20000a10  __stack                       
20000000  __start___llvm_prf_cnts       
20000000  __stop___llvm_prf_cnts        
00001f29  _c_int00_noargs               
UNDEFED   _system_post_cinit            
00001f83  _system_pre_init              
00001f87  abort                         
ffffffff  binit                         
00001853  check_column                  
00001447  clr_LCD                       
20000a09  current_task                  
00001a15  display_rtc_task              
00000000  g_pfnVectors                  
0000026d  get_condition                 
000002d3  get_event                     
00001ad3  get_file                      
00001945  get_hour                      
00001843  get_keyboard                  
0000194b  get_min                       
0000028f  get_name                      
000005e5  get_queue                     
00001951  get_sec                       
000002f5  get_sem                       
000002b1  get_state                     
00000317  get_timer                     
00000db5  gfprintf                      
00000b21  gprint                        
00000ddf  gprintf                       
00000e09  gsprintf                      
00001451  home_LCD                      
20000a0a  hour                          
00000343  i_am_alive                    
00001aff  init_files                    
00001cb9  init_gpio                     
0000070d  init_rtcs                     
00001d4f  init_systick                  
00001815  key_catch                     
00001895  key_task                      
000014a7  lcd_task                      
00001649  lcrh_databits                 
0000168d  lcrh_parity                   
00001673  lcrh_stopbits                 
00001b79  main                          
00001c1d  memcpy                        
00001dc9  memset                        
20000a0b  min                           
00001283  move_LCD                      
000004c5  open_queue                    
0000146b  out_LCD                       
000013db  out_LCD_high                  
00001391  out_LCD_low                   
200009c0  pof                           
20000000  poq                           
20000840  pos                           
20000900  pot                           
0000049d  preset_sem                    
0000097f  putChars                      
000009a9  putDec                        
00000a9d  putHex                        
0000095f  putStr                        
00001ab1  put_file                      
00000545  put_queue                     
0000092d  putc1                         
00000339  retrieve_id                   
000017c9  row                           
00001993  rtc_task                      
00000795  schedule                      
20000a0c  sec                           
00001957  set_hour                      
0000196b  set_min                       
0000197f  set_sec                       
00000385  set_state                     
00000477  signal                        
00000685  start_task                    
00001d45  systick_handler               
20000c18  ticks                         
000016e1  uart0_fifos_disable           
000016d5  uart0_fifos_enable            
000015af  uart0_get_q                   
000015c9  uart0_getc                    
000016ed  uart0_init                    
00001599  uart0_put_q                   
000015dd  uart0_putc                    
000015bf  uart0_rx_rdy                  
000015d1  uart0_tx_rdy                  
000015f1  uart_rx_task                  
00001621  uart_tx_task                  
00000fe9  ui_key_task                   
00000e41  ui_task                       
000003a3  wait                          
000003d1  wait_sem                      
00001251  wr_ch_LCD                     
000013f1  wr_ctrl_LCD                   
0000137b  wr_ctrl_LCD_high              
000012b9  wr_ctrl_LCD_low               
00001265  wr_str_LCD                    


GLOBAL SYMBOLS: SORTED BY Symbol Address 

address   name                          
-------   ----                          
00000000  __TI_static_base__            
00000000  g_pfnVectors                  
00000200  __STACK_SIZE                  
0000026d  get_condition                 
0000028f  get_name                      
000002b1  get_state                     
000002d3  get_event                     
000002f5  get_sem                       
00000317  get_timer                     
00000339  retrieve_id                   
00000343  i_am_alive                    
00000385  set_state                     
000003a3  wait                          
000003d1  wait_sem                      
00000477  signal                        
0000049d  preset_sem                    
000004c5  open_queue                    
00000545  put_queue                     
000005e5  get_queue                     
00000685  start_task                    
0000070d  init_rtcs                     
00000795  schedule                      
0000092d  putc1                         
0000095f  putStr                        
0000097f  putChars                      
000009a9  putDec                        
00000a9d  putHex                        
00000b21  gprint                        
00000db5  gfprintf                      
00000ddf  gprintf                       
00000e09  gsprintf                      
00000e41  ui_task                       
00000fe9  ui_key_task                   
00001251  wr_ch_LCD                     
00001265  wr_str_LCD                    
00001283  move_LCD                      
000012b9  wr_ctrl_LCD_low               
0000137b  wr_ctrl_LCD_high              
00001391  out_LCD_low                   
000013db  out_LCD_high                  
000013f1  wr_ctrl_LCD                   
00001447  clr_LCD                       
00001451  home_LCD                      
0000145b  Set_cursor                    
0000146b  out_LCD                       
000014a7  lcd_task                      
00001599  uart0_put_q                   
000015af  uart0_get_q                   
000015bf  uart0_rx_rdy                  
000015c9  uart0_getc                    
000015d1  uart0_tx_rdy                  
000015dd  uart0_putc                    
000015f1  uart_rx_task                  
00001621  uart_tx_task                  
00001649  lcrh_databits                 
00001673  lcrh_stopbits                 
0000168d  lcrh_parity                   
000016d5  uart0_fifos_enable            
000016e1  uart0_fifos_disable           
000016ed  uart0_init                    
000017c9  row                           
00001815  key_catch                     
00001843  get_keyboard                  
00001853  check_column                  
00001895  key_task                      
00001945  get_hour                      
0000194b  get_min                       
00001951  get_sec                       
00001957  set_hour                      
0000196b  set_min                       
0000197f  set_sec                       
00001993  rtc_task                      
00001a15  display_rtc_task              
00001ab1  put_file                      
00001ad3  get_file                      
00001aff  init_files                    
00001b79  main                          
00001c1d  __aeabi_memcpy                
00001c1d  __aeabi_memcpy4               
00001c1d  __aeabi_memcpy8               
00001c1d  memcpy                        
00001cb9  init_gpio                     
00001d45  systick_handler               
00001d4f  init_systick                  
00001dc1  __aeabi_memclr                
00001dc1  __aeabi_memclr4               
00001dc1  __aeabi_memclr8               
00001dc3  __aeabi_memset                
00001dc3  __aeabi_memset4               
00001dc3  __aeabi_memset8               
00001dc9  memset                        
00001e3b  __TI_decompress_lzss          
00001ea3  __aeabi_idiv0                 
00001ea3  __aeabi_ldiv0                 
00001ea5  __TI_auto_init_nobinit_nopinit
00001ee9  __aeabi_uidiv                 
00001ee9  __aeabi_uidivmod              
00001f29  _c_int00_noargs               
00001f5d  __TI_decompress_none          
00001f6b  __TI_zero_init                
00001f77  ResetISR                      
00001f83  _system_pre_init              
00001f87  C$$EXIT                       
00001f87  abort                         
00001f96  LCD_init_sequense             
00001fa0  __TI_Handler_Table_Base       
00001fac  __TI_Handler_Table_Limit      
00001fc0  __TI_CINIT_Base               
00001fd0  __TI_CINIT_Limit              
20000000  __start___llvm_prf_cnts       
20000000  __stop___llvm_prf_cnts        
20000000  poq                           
20000840  pos                           
20000900  pot                           
200009c0  pof                           
20000a08  LCD_init                      
20000a09  current_task                  
20000a0a  hour                          
20000a0b  min                           
20000a0c  sec                           
20000a10  __stack                       
20000c10  __STACK_END                   
20000c10  __STACK_TOP                   
20000c18  ticks                         
20000c1c  LCD_state                     
ffffffff  __TI_pprof_out_hndl           
ffffffff  __TI_prof_data_size           
ffffffff  __TI_prof_data_start          
ffffffff  __binit__                     
ffffffff  __c_args__                    
ffffffff  binit                         
UNDEFED   __mpu_init                    
UNDEFED   _system_post_cinit            

[133 symbols]
