******************************************************************************
                  TI ARM Linker PC v20.2.7                     
******************************************************************************
>> Linked Wed Apr 10 10:14:22 2024

OUTPUT FILE NAME:   <Assignment_6_2.out>
ENTRY POINT SYMBOL: "_c_int00_noargs"  address: 00001e2d


MEMORY CONFIGURATION

         name            origin    length      used     unused   attr    fill
----------------------  --------  ---------  --------  --------  ----  --------
  FLASH                 00000000   00040000  00001ed4  0003e12c  R  X
  SRAM                  20000000   00008000  00000c14  000073ec  RW X


SEGMENT ALLOCATION MAP

run origin  load origin   length   init length attrs members
----------  ----------- ---------- ----------- ----- -------
00000000    00000000    00001ed8   00001ed8    r-x
  00000000    00000000    0000026c   0000026c    r-- .intvecs
  0000026c    0000026c    00001c22   00001c22    r-x .text
  00001e8e    00001e8e    00000016   00000016    r-- .const
  00001ea8    00001ea8    00000030   00000030    r-- .cinit
20000000    20000000    00000c17   00000000    rw-
  20000000    20000000    00000a0d   00000000    rw- .bss
  20000a10    20000a10    00000200   00000000    rw- .stack
  20000c10    20000c10    00000007   00000000    rw- .data


SECTION ALLOCATION MAP

 output                                  attributes/
section   page    origin      length       input sections
--------  ----  ----------  ----------   ----------------
.intvecs   0    00000000    0000026c     
                  00000000    0000026c     tm4c123gh6pm_startup_ccs.obj (.intvecs)

.text      0    0000026c    00001c22     
                  0000026c    00000708     rtcs.obj (.text)
                  00000974    00000514     string.obj (.text)
                  00000e88    00000348     lcd.obj (.text)
                  000011d0    000002d4     ui.obj (.text)
                  000014a4    00000230     uart.obj (.text)
                  000016d4    0000017c     key.obj (.text)
                  00001850    0000016c     rtc.obj (.text)
                  000019bc    000000c8     file.obj (.text)
                  00001a84    0000009c     main.obj (.text)
                  00001b20    0000009c     rtsv7M4_T_le_v4SPD16_eabi.lib : memcpy_t2.asm.obj (.text)
                  00001bbc    0000008c     gpio.obj (.text)
                  00001c48    0000007c     systick.obj (.text)
                  00001cc4    0000007a     rtsv7M4_T_le_v4SPD16_eabi.lib : memset_t2.asm.obj (.text)
                  00001d3e    00000068                                   : copy_decompress_lzss.c.obj (.text:decompress:lzss:__TI_decompress_lzss)
                  00001da6    00000002                                   : div0.asm.obj (.text)
                  00001da8    00000044                                   : autoinit.c.obj (.text:__TI_auto_init_nobinit_nopinit:__TI_auto_init_nobinit_nopinit)
                  00001dec    00000040                                   : u_divt2.asm.obj (.text)
                  00001e2c    00000034                                   : boot_cortex_m.c.obj (.text:_c_int00_noargs:_c_int00_noargs)
                  00001e60    0000000e                                   : copy_decompress_none.c.obj (.text:decompress:none:__TI_decompress_none)
                  00001e6e    0000000c                                   : copy_zero_init.c.obj (.text:decompress:ZI:__TI_zero_init)
                  00001e7a    0000000c     tm4c123gh6pm_startup_ccs.obj (.text)
                  00001e86    00000004     rtsv7M4_T_le_v4SPD16_eabi.lib : pre_init.c.obj (.text:_system_pre_init)
                  00001e8a    00000004                                   : exit.c.obj (.text:abort:abort)

.const     0    00001e8e    00000016     
                  00001e8e    0000000c     key.obj (.const:$P$T0$1)
                  00001e9a    0000000a     lcd.obj (.const:.string:LCD_init_sequense)

.cinit     0    00001ea8    00000030     
                  00001ea8    0000000c     (__TI_handler_table)
                  00001eb4    00000004     --HOLE-- [fill = 0]
                  00001eb8    00000008     (.cinit..bss.load) [load image, compression = zero_init]
                  00001ec0    00000007     (.cinit..data.load) [load image, compression = lzss]
                  00001ec7    00000001     --HOLE-- [fill = 0]
                  00001ec8    00000010     (__TI_cinit_table)

.init_array 
*          0    00000000    00000000     UNINITIALIZED

.bss       0    20000000    00000a0d     UNINITIALIZED
                  20000000    00000840     (.common:poq)
                  20000840    000000c0     (.common:pos)
                  20000900    000000c0     (.common:pot)
                  200009c0    00000040     (.common:pof)
                  20000a00    00000008     ui.obj (.bss:Buf$1)
                  20000a08    00000001     (.common:LCD_init)
                  20000a09    00000001     (.common:current_task)
                  20000a0a    00000001     (.common:hour)
                  20000a0b    00000001     (.common:min)
                  20000a0c    00000001     (.common:sec)

.data      0    20000c10    00000007     UNINITIALIZED
                  20000c10    00000004     systick.obj (.data)
                  20000c14    00000002     lcd.obj (.data)
                  20000c16    00000001     rtcs.obj (.data)

.stack     0    20000a10    00000200     UNINITIALIZED
                  20000a10    00000004     rtsv7M4_T_le_v4SPD16_eabi.lib : boot_cortex_m.c.obj (.stack)
                  20000a14    000001fc     --HOLE--

__llvm_prf_cnts 
*          0    20000000    00000000     UNINITIALIZED

MODULE SUMMARY

       Module                         code   ro data   rw data
       ------                         ----   -------   -------
    .\
       rtcs.obj                       1800   0         2498   
       string.obj                     1300   0         0      
       lcd.obj                        840    10        3      
       ui.obj                         724    0         8      
       tm4c123gh6pm_startup_ccs.obj   12     620       0      
       uart.obj                       560    0         0      
       key.obj                        380    12        0      
       rtc.obj                        364    0         3      
       file.obj                       200    0         64     
       main.obj                       156    0         0      
       gpio.obj                       140    0         0      
       systick.obj                    124    0         4      
    +--+------------------------------+------+---------+---------+
       Total:                         6600   642       2580   
                                                              
    C:\Users\Andreas Skeem\ccs\tools\compiler\ti-cgt-arm_20.2.7.LTS\lib\rtsv7M4_T_le_v4SPD16_eabi.lib
       memcpy_t2.asm.obj              156    0         0      
       memset_t2.asm.obj              122    0         0      
       copy_decompress_lzss.c.obj     104    0         0      
       autoinit.c.obj                 68     0         0      
       u_divt2.asm.obj                64     0         0      
       boot_cortex_m.c.obj            52     0         0      
       copy_decompress_none.c.obj     14     0         0      
       copy_zero_init.c.obj           12     0         0      
       exit.c.obj                     4      0         0      
       pre_init.c.obj                 4      0         0      
       div0.asm.obj                   2      0         0      
    +--+------------------------------+------+---------+---------+
       Total:                         602    0         0      
                                                              
       Stack:                         0      0         512    
       Linker Generated:              0      43        0      
    +--+------------------------------+------+---------+---------+
       Grand Total:                   7202   685       3092   


LINKER GENERATED COPY TABLES

__TI_cinit_table @ 00001ec8 records: 2, size/record: 8, table size: 16
	.bss: load addr=00001eb8, load size=00000008 bytes, run addr=20000000, run size=00000a0d bytes, compression=zero_init
	.data: load addr=00001ec0, load size=00000007 bytes, run addr=20000c10, run size=00000007 bytes, compression=lzss


LINKER GENERATED HANDLER TABLE

__TI_handler_table @ 00001ea8 records: 3, size/record: 4, table size: 12
	index: 0, handler: __TI_decompress_lzss
	index: 1, handler: __TI_decompress_none
	index: 2, handler: __TI_zero_init


GLOBAL SYMBOLS: SORTED ALPHABETICALLY BY Name 

address   name                          
-------   ----                          
00001e8b  C$$EXIT                       
20000a08  LCD_init                      
00001e9a  LCD_init_sequense             
20000c14  LCD_state                     
00001e7b  ResetISR                      
00001093  Set_cursor                    
20000c10  __STACK_END                   
00000200  __STACK_SIZE                  
20000c10  __STACK_TOP                   
00001ec8  __TI_CINIT_Base               
00001ed8  __TI_CINIT_Limit              
00001ea8  __TI_Handler_Table_Base       
00001eb4  __TI_Handler_Table_Limit      
00001da9  __TI_auto_init_nobinit_nopinit
00001d3f  __TI_decompress_lzss          
00001e61  __TI_decompress_none          
ffffffff  __TI_pprof_out_hndl           
ffffffff  __TI_prof_data_size           
ffffffff  __TI_prof_data_start          
00000000  __TI_static_base__            
00001e6f  __TI_zero_init                
00001da7  __aeabi_idiv0                 
00001da7  __aeabi_ldiv0                 
00001cc5  __aeabi_memclr                
00001cc5  __aeabi_memclr4               
00001cc5  __aeabi_memclr8               
00001b21  __aeabi_memcpy                
00001b21  __aeabi_memcpy4               
00001b21  __aeabi_memcpy8               
00001cc7  __aeabi_memset                
00001cc7  __aeabi_memset4               
00001cc7  __aeabi_memset8               
00001ded  __aeabi_uidiv                 
00001ded  __aeabi_uidivmod              
ffffffff  __binit__                     
ffffffff  __c_args__                    
UNDEFED   __mpu_init                    
20000a10  __stack                       
20000000  __start___llvm_prf_cnts       
20000000  __stop___llvm_prf_cnts        
00001e2d  _c_int00_noargs               
UNDEFED   _system_post_cinit            
00001e87  _system_pre_init              
00001e8b  abort                         
ffffffff  binit                         
0000175f  check_column                  
0000107f  clr_LCD                       
20000a09  current_task                  
00001921  display_rtc_task              
00000000  g_pfnVectors                  
0000026d  get_condition                 
000002ff  get_event                     
000019df  get_file                      
00001851  get_hour                      
0000174f  get_keyboard                  
00001857  get_min                       
000002bb  get_name                      
00000639  get_queue                     
0000185d  get_sec                       
00000321  get_sem                       
000002dd  get_state                     
00000343  get_timer                     
00000dfd  gfprintf                      
00000b69  gprint                        
00000e27  gprintf                       
00000e51  gsprintf                      
00001089  home_LCD                      
20000a0a  hour                          
0000036f  i_am_alive                    
00001a0b  init_files                    
00001bbd  init_gpio                     
00000759  init_rtcs                     
00001c53  init_systick                  
00001721  key_catch                     
000017a1  key_task                      
000010df  lcd_task                      
00001555  lcrh_databits                 
00001599  lcrh_parity                   
0000157f  lcrh_stopbits                 
00001a85  main                          
00001b21  memcpy                        
00001ccd  memset                        
20000a0b  min                           
00000ebb  move_LCD                      
000004f1  open_queue                    
000010a3  out_LCD                       
00001013  out_LCD_high                  
00000fc9  out_LCD_low                   
200009c0  pof                           
20000000  poq                           
20000840  pos                           
20000900  pot                           
000004c9  preset_sem                    
000009c7  putChars                      
000009f1  putDec                        
00000ae5  putHex                        
000009a7  putStr                        
000019bd  put_file                      
00000595  put_queue                     
00000975  putc1                         
00000365  retrieve_id                   
000016d5  row                           
0000189f  rtc_task                      
000007dd  schedule                      
20000a0c  sec                           
00001863  set_hour                      
00001877  set_min                       
0000188b  set_sec                       
000003b1  set_state                     
000004a3  signal                        
000006d1  start_task                    
00001c49  systick_handler               
20000c10  ticks                         
000015ed  uart0_fifos_disable           
000015e1  uart0_fifos_enable            
000014bb  uart0_get_q                   
000014d5  uart0_getc                    
000015f9  uart0_init                    
000014a5  uart0_put_q                   
000014e9  uart0_putc                    
000014cb  uart0_rx_rdy                  
000014dd  uart0_tx_rdy                  
000014fd  uart_rx_task                  
0000152d  uart_tx_task                  
0000129b  ui_key_task                   
000011d1  ui_task                       
000003cf  wait                          
000003fd  wait_sem                      
00000e89  wr_ch_LCD                     
00001029  wr_ctrl_LCD                   
00000fb3  wr_ctrl_LCD_high              
00000ef1  wr_ctrl_LCD_low               
00000e9d  wr_str_LCD                    


GLOBAL SYMBOLS: SORTED BY Symbol Address 

address   name                          
-------   ----                          
00000000  __TI_static_base__            
00000000  g_pfnVectors                  
00000200  __STACK_SIZE                  
0000026d  get_condition                 
000002bb  get_name                      
000002dd  get_state                     
000002ff  get_event                     
00000321  get_sem                       
00000343  get_timer                     
00000365  retrieve_id                   
0000036f  i_am_alive                    
000003b1  set_state                     
000003cf  wait                          
000003fd  wait_sem                      
000004a3  signal                        
000004c9  preset_sem                    
000004f1  open_queue                    
00000595  put_queue                     
00000639  get_queue                     
000006d1  start_task                    
00000759  init_rtcs                     
000007dd  schedule                      
00000975  putc1                         
000009a7  putStr                        
000009c7  putChars                      
000009f1  putDec                        
00000ae5  putHex                        
00000b69  gprint                        
00000dfd  gfprintf                      
00000e27  gprintf                       
00000e51  gsprintf                      
00000e89  wr_ch_LCD                     
00000e9d  wr_str_LCD                    
00000ebb  move_LCD                      
00000ef1  wr_ctrl_LCD_low               
00000fb3  wr_ctrl_LCD_high              
00000fc9  out_LCD_low                   
00001013  out_LCD_high                  
00001029  wr_ctrl_LCD                   
0000107f  clr_LCD                       
00001089  home_LCD                      
00001093  Set_cursor                    
000010a3  out_LCD                       
000010df  lcd_task                      
000011d1  ui_task                       
0000129b  ui_key_task                   
000014a5  uart0_put_q                   
000014bb  uart0_get_q                   
000014cb  uart0_rx_rdy                  
000014d5  uart0_getc                    
000014dd  uart0_tx_rdy                  
000014e9  uart0_putc                    
000014fd  uart_rx_task                  
0000152d  uart_tx_task                  
00001555  lcrh_databits                 
0000157f  lcrh_stopbits                 
00001599  lcrh_parity                   
000015e1  uart0_fifos_enable            
000015ed  uart0_fifos_disable           
000015f9  uart0_init                    
000016d5  row                           
00001721  key_catch                     
0000174f  get_keyboard                  
0000175f  check_column                  
000017a1  key_task                      
00001851  get_hour                      
00001857  get_min                       
0000185d  get_sec                       
00001863  set_hour                      
00001877  set_min                       
0000188b  set_sec                       
0000189f  rtc_task                      
00001921  display_rtc_task              
000019bd  put_file                      
000019df  get_file                      
00001a0b  init_files                    
00001a85  main                          
00001b21  __aeabi_memcpy                
00001b21  __aeabi_memcpy4               
00001b21  __aeabi_memcpy8               
00001b21  memcpy                        
00001bbd  init_gpio                     
00001c49  systick_handler               
00001c53  init_systick                  
00001cc5  __aeabi_memclr                
00001cc5  __aeabi_memclr4               
00001cc5  __aeabi_memclr8               
00001cc7  __aeabi_memset                
00001cc7  __aeabi_memset4               
00001cc7  __aeabi_memset8               
00001ccd  memset                        
00001d3f  __TI_decompress_lzss          
00001da7  __aeabi_idiv0                 
00001da7  __aeabi_ldiv0                 
00001da9  __TI_auto_init_nobinit_nopinit
00001ded  __aeabi_uidiv                 
00001ded  __aeabi_uidivmod              
00001e2d  _c_int00_noargs               
00001e61  __TI_decompress_none          
00001e6f  __TI_zero_init                
00001e7b  ResetISR                      
00001e87  _system_pre_init              
00001e8b  C$$EXIT                       
00001e8b  abort                         
00001e9a  LCD_init_sequense             
00001ea8  __TI_Handler_Table_Base       
00001eb4  __TI_Handler_Table_Limit      
00001ec8  __TI_CINIT_Base               
00001ed8  __TI_CINIT_Limit              
20000000  __start___llvm_prf_cnts       
20000000  __stop___llvm_prf_cnts        
20000000  poq                           
20000840  pos                           
20000900  pot                           
200009c0  pof                           
20000a08  LCD_init                      
20000a09  current_task                  
20000a0a  hour                          
20000a0b  min                           
20000a0c  sec                           
20000a10  __stack                       
20000c10  __STACK_END                   
20000c10  __STACK_TOP                   
20000c10  ticks                         
20000c14  LCD_state                     
ffffffff  __TI_pprof_out_hndl           
ffffffff  __TI_prof_data_size           
ffffffff  __TI_prof_data_start          
ffffffff  __binit__                     
ffffffff  __c_args__                    
ffffffff  binit                         
UNDEFED   __mpu_init                    
UNDEFED   _system_post_cinit            

[133 symbols]
