******************************************************************************
                  TI ARM Linker PC v20.2.7                     
******************************************************************************
>> Linked Wed Apr 10 11:14:22 2024

OUTPUT FILE NAME:   <Assignment_6_2.out>
ENTRY POINT SYMBOL: "_c_int00_noargs"  address: 00001e3d


MEMORY CONFIGURATION

         name            origin    length      used     unused   attr    fill
----------------------  --------  ---------  --------  --------  ----  --------
  FLASH                 00000000   00040000  00001ee4  0003e11c  R  X
  SRAM                  20000000   00008000  00000c14  000073ec  RW X


SEGMENT ALLOCATION MAP

run origin  load origin   length   init length attrs members
----------  ----------- ---------- ----------- ----- -------
00000000    00000000    00001ee8   00001ee8    r-x
  00000000    00000000    0000026c   0000026c    r-- .intvecs
  0000026c    0000026c    00001c32   00001c32    r-x .text
  00001e9e    00001e9e    00000016   00000016    r-- .const
  00001eb8    00001eb8    00000030   00000030    r-- .cinit
20000000    20000000    00000c17   00000000    rw-
  20000000    20000000    00000a0d   00000000    rw- .bss
  20000a10    20000a10    00000200   00000000    rw- .stack
  20000c10    20000c10    00000007   00000000    rw- .data


SECTION ALLOCATION MAP

 output                                  attributes/
section   page    origin      length       input sections
--------  ----  ----------  ----------   ----------------
.intvecs   0    00000000    0000026c     
                  00000000    0000026c     tm4c123gh6pm_startup_ccs.obj (.intvecs)

.text      0    0000026c    00001c32     
                  0000026c    000006c0     rtcs.obj (.text)
                  0000092c    00000514     string.obj (.text)
                  00000e40    00000348     lcd.obj (.text)
                  00001188    00000324     ui.obj (.text)
                  000014ac    00000230     uart.obj (.text)
                  000016dc    0000017c     key.obj (.text)
                  00001858    0000016c     rtc.obj (.text)
                  000019c4    000000c8     file.obj (.text)
                  00001a8c    000000a4     main.obj (.text)
                  00001b30    0000009c     rtsv7M4_T_le_v4SPD16_eabi.lib : memcpy_t2.asm.obj (.text)
                  00001bcc    0000008c     gpio.obj (.text)
                  00001c58    0000007c     systick.obj (.text)
                  00001cd4    0000007a     rtsv7M4_T_le_v4SPD16_eabi.lib : memset_t2.asm.obj (.text)
                  00001d4e    00000068                                   : copy_decompress_lzss.c.obj (.text:decompress:lzss:__TI_decompress_lzss)
                  00001db6    00000002                                   : div0.asm.obj (.text)
                  00001db8    00000044                                   : autoinit.c.obj (.text:__TI_auto_init_nobinit_nopinit:__TI_auto_init_nobinit_nopinit)
                  00001dfc    00000040                                   : u_divt2.asm.obj (.text)
                  00001e3c    00000034                                   : boot_cortex_m.c.obj (.text:_c_int00_noargs:_c_int00_noargs)
                  00001e70    0000000e                                   : copy_decompress_none.c.obj (.text:decompress:none:__TI_decompress_none)
                  00001e7e    0000000c                                   : copy_zero_init.c.obj (.text:decompress:ZI:__TI_zero_init)
                  00001e8a    0000000c     tm4c123gh6pm_startup_ccs.obj (.text)
                  00001e96    00000004     rtsv7M4_T_le_v4SPD16_eabi.lib : pre_init.c.obj (.text:_system_pre_init)
                  00001e9a    00000004                                   : exit.c.obj (.text:abort:abort)

.const     0    00001e9e    00000016     
                  00001e9e    0000000c     key.obj (.const:$P$T0$1)
                  00001eaa    0000000a     lcd.obj (.const:.string:LCD_init_sequense)

.cinit     0    00001eb8    00000030     
                  00001eb8    0000000c     (__TI_handler_table)
                  00001ec4    00000004     --HOLE-- [fill = 0]
                  00001ec8    00000008     (.cinit..bss.load) [load image, compression = zero_init]
                  00001ed0    00000007     (.cinit..data.load) [load image, compression = lzss]
                  00001ed7    00000001     --HOLE-- [fill = 0]
                  00001ed8    00000010     (__TI_cinit_table)

.init_array 
*          0    00000000    00000000     UNINITIALIZED

.bss       0    20000000    00000a0d     UNINITIALIZED
                  20000000    00000840     (.common:poq)
                  20000840    000000c0     (.common:pos)
                  20000900    000000c0     (.common:pot)
                  200009c0    00000040     (.common:pof)
                  20000a00    00000008     ui.obj (.bss:Buf$1)
                  20000a08    00000001     (.common:LCD_init)
                  20000a09    00000001     (.common:current_task)
                  20000a0a    00000001     (.common:hour)
                  20000a0b    00000001     (.common:min)
                  20000a0c    00000001     (.common:sec)

.data      0    20000c10    00000007     UNINITIALIZED
                  20000c10    00000004     systick.obj (.data)
                  20000c14    00000002     lcd.obj (.data)
                  20000c16    00000001     rtcs.obj (.data)

.stack     0    20000a10    00000200     UNINITIALIZED
                  20000a10    00000004     rtsv7M4_T_le_v4SPD16_eabi.lib : boot_cortex_m.c.obj (.stack)
                  20000a14    000001fc     --HOLE--

__llvm_prf_cnts 
*          0    20000000    00000000     UNINITIALIZED

MODULE SUMMARY

       Module                         code   ro data   rw data
       ------                         ----   -------   -------
    .\
       rtcs.obj                       1728   0         2498   
       string.obj                     1300   0         0      
       lcd.obj                        840    10        3      
       ui.obj                         804    0         8      
       tm4c123gh6pm_startup_ccs.obj   12     620       0      
       uart.obj                       560    0         0      
       key.obj                        380    12        0      
       rtc.obj                        364    0         3      
       file.obj                       200    0         64     
       main.obj                       164    0         0      
       gpio.obj                       140    0         0      
       systick.obj                    124    0         4      
    +--+------------------------------+------+---------+---------+
       Total:                         6616   642       2580   
                                                              
    C:\Users\Andreas Skeem\ccs\tools\compiler\ti-cgt-arm_20.2.7.LTS\lib\rtsv7M4_T_le_v4SPD16_eabi.lib
       memcpy_t2.asm.obj              156    0         0      
       memset_t2.asm.obj              122    0         0      
       copy_decompress_lzss.c.obj     104    0         0      
       autoinit.c.obj                 68     0         0      
       u_divt2.asm.obj                64     0         0      
       boot_cortex_m.c.obj            52     0         0      
       copy_decompress_none.c.obj     14     0         0      
       copy_zero_init.c.obj           12     0         0      
       exit.c.obj                     4      0         0      
       pre_init.c.obj                 4      0         0      
       div0.asm.obj                   2      0         0      
    +--+------------------------------+------+---------+---------+
       Total:                         602    0         0      
                                                              
       Stack:                         0      0         512    
       Linker Generated:              0      43        0      
    +--+------------------------------+------+---------+---------+
       Grand Total:                   7218   685       3092   


LINKER GENERATED COPY TABLES

__TI_cinit_table @ 00001ed8 records: 2, size/record: 8, table size: 16
	.bss: load addr=00001ec8, load size=00000008 bytes, run addr=20000000, run size=00000a0d bytes, compression=zero_init
	.data: load addr=00001ed0, load size=00000007 bytes, run addr=20000c10, run size=00000007 bytes, compression=lzss


LINKER GENERATED HANDLER TABLE

__TI_handler_table @ 00001eb8 records: 3, size/record: 4, table size: 12
	index: 0, handler: __TI_decompress_lzss
	index: 1, handler: __TI_decompress_none
	index: 2, handler: __TI_zero_init


GLOBAL SYMBOLS: SORTED ALPHABETICALLY BY Name 

address   name                          
-------   ----                          
00001e9b  C$$EXIT                       
20000a08  LCD_init                      
00001eaa  LCD_init_sequense             
20000c14  LCD_state                     
00001e8b  ResetISR                      
0000104b  Set_cursor                    
20000c10  __STACK_END                   
00000200  __STACK_SIZE                  
20000c10  __STACK_TOP                   
00001ed8  __TI_CINIT_Base               
00001ee8  __TI_CINIT_Limit              
00001eb8  __TI_Handler_Table_Base       
00001ec4  __TI_Handler_Table_Limit      
00001db9  __TI_auto_init_nobinit_nopinit
00001d4f  __TI_decompress_lzss          
00001e71  __TI_decompress_none          
ffffffff  __TI_pprof_out_hndl           
ffffffff  __TI_prof_data_size           
ffffffff  __TI_prof_data_start          
00000000  __TI_static_base__            
00001e7f  __TI_zero_init                
00001db7  __aeabi_idiv0                 
00001db7  __aeabi_ldiv0                 
00001cd5  __aeabi_memclr                
00001cd5  __aeabi_memclr4               
00001cd5  __aeabi_memclr8               
00001b31  __aeabi_memcpy                
00001b31  __aeabi_memcpy4               
00001b31  __aeabi_memcpy8               
00001cd7  __aeabi_memset                
00001cd7  __aeabi_memset4               
00001cd7  __aeabi_memset8               
00001dfd  __aeabi_uidiv                 
00001dfd  __aeabi_uidivmod              
ffffffff  __binit__                     
ffffffff  __c_args__                    
UNDEFED   __mpu_init                    
20000a10  __stack                       
20000000  __start___llvm_prf_cnts       
20000000  __stop___llvm_prf_cnts        
00001e3d  _c_int00_noargs               
UNDEFED   _system_post_cinit            
00001e97  _system_pre_init              
00001e9b  abort                         
ffffffff  binit                         
00001767  check_column                  
00001037  clr_LCD                       
20000a09  current_task                  
00001929  display_rtc_task              
00000000  g_pfnVectors                  
0000026d  get_condition                 
000002d3  get_event                     
000019e7  get_file                      
00001859  get_hour                      
00001757  get_keyboard                  
0000185f  get_min                       
0000028f  get_name                      
000005e5  get_queue                     
00001865  get_sec                       
000002f5  get_sem                       
000002b1  get_state                     
00000317  get_timer                     
00000db5  gfprintf                      
00000b21  gprint                        
00000ddf  gprintf                       
00000e09  gsprintf                      
00001041  home_LCD                      
20000a0a  hour                          
00000343  i_am_alive                    
00001a13  init_files                    
00001bcd  init_gpio                     
0000070d  init_rtcs                     
00001c63  init_systick                  
00001729  key_catch                     
000017a9  key_task                      
00001097  lcd_task                      
0000155d  lcrh_databits                 
000015a1  lcrh_parity                   
00001587  lcrh_stopbits                 
00001a8d  main                          
00001b31  memcpy                        
00001cdd  memset                        
20000a0b  min                           
00000e73  move_LCD                      
000004c5  open_queue                    
0000105b  out_LCD                       
00000fcb  out_LCD_high                  
00000f81  out_LCD_low                   
200009c0  pof                           
20000000  poq                           
20000840  pos                           
20000900  pot                           
0000049d  preset_sem                    
0000097f  putChars                      
000009a9  putDec                        
00000a9d  putHex                        
0000095f  putStr                        
000019c5  put_file                      
00000545  put_queue                     
0000092d  putc1                         
00000339  retrieve_id                   
000016dd  row                           
000018a7  rtc_task                      
00000795  schedule                      
20000a0c  sec                           
0000186b  set_hour                      
0000187f  set_min                       
00001893  set_sec                       
00000385  set_state                     
00000477  signal                        
00000685  start_task                    
00001c59  systick_handler               
20000c10  ticks                         
000015f5  uart0_fifos_disable           
000015e9  uart0_fifos_enable            
000014c3  uart0_get_q                   
000014dd  uart0_getc                    
00001601  uart0_init                    
000014ad  uart0_put_q                   
000014f1  uart0_putc                    
000014d3  uart0_rx_rdy                  
000014e5  uart0_tx_rdy                  
00001505  uart_rx_task                  
00001535  uart_tx_task                  
0000129f  ui_key_task                   
00001189  ui_task                       
000003a3  wait                          
000003d1  wait_sem                      
00000e41  wr_ch_LCD                     
00000fe1  wr_ctrl_LCD                   
00000f6b  wr_ctrl_LCD_high              
00000ea9  wr_ctrl_LCD_low               
00000e55  wr_str_LCD                    


GLOBAL SYMBOLS: SORTED BY Symbol Address 

address   name                          
-------   ----                          
00000000  __TI_static_base__            
00000000  g_pfnVectors                  
00000200  __STACK_SIZE                  
0000026d  get_condition                 
0000028f  get_name                      
000002b1  get_state                     
000002d3  get_event                     
000002f5  get_sem                       
00000317  get_timer                     
00000339  retrieve_id                   
00000343  i_am_alive                    
00000385  set_state                     
000003a3  wait                          
000003d1  wait_sem                      
00000477  signal                        
0000049d  preset_sem                    
000004c5  open_queue                    
00000545  put_queue                     
000005e5  get_queue                     
00000685  start_task                    
0000070d  init_rtcs                     
00000795  schedule                      
0000092d  putc1                         
0000095f  putStr                        
0000097f  putChars                      
000009a9  putDec                        
00000a9d  putHex                        
00000b21  gprint                        
00000db5  gfprintf                      
00000ddf  gprintf                       
00000e09  gsprintf                      
00000e41  wr_ch_LCD                     
00000e55  wr_str_LCD                    
00000e73  move_LCD                      
00000ea9  wr_ctrl_LCD_low               
00000f6b  wr_ctrl_LCD_high              
00000f81  out_LCD_low                   
00000fcb  out_LCD_high                  
00000fe1  wr_ctrl_LCD                   
00001037  clr_LCD                       
00001041  home_LCD                      
0000104b  Set_cursor                    
0000105b  out_LCD                       
00001097  lcd_task                      
00001189  ui_task                       
0000129f  ui_key_task                   
000014ad  uart0_put_q                   
000014c3  uart0_get_q                   
000014d3  uart0_rx_rdy                  
000014dd  uart0_getc                    
000014e5  uart0_tx_rdy                  
000014f1  uart0_putc                    
00001505  uart_rx_task                  
00001535  uart_tx_task                  
0000155d  lcrh_databits                 
00001587  lcrh_stopbits                 
000015a1  lcrh_parity                   
000015e9  uart0_fifos_enable            
000015f5  uart0_fifos_disable           
00001601  uart0_init                    
000016dd  row                           
00001729  key_catch                     
00001757  get_keyboard                  
00001767  check_column                  
000017a9  key_task                      
00001859  get_hour                      
0000185f  get_min                       
00001865  get_sec                       
0000186b  set_hour                      
0000187f  set_min                       
00001893  set_sec                       
000018a7  rtc_task                      
00001929  display_rtc_task              
000019c5  put_file                      
000019e7  get_file                      
00001a13  init_files                    
00001a8d  main                          
00001b31  __aeabi_memcpy                
00001b31  __aeabi_memcpy4               
00001b31  __aeabi_memcpy8               
00001b31  memcpy                        
00001bcd  init_gpio                     
00001c59  systick_handler               
00001c63  init_systick                  
00001cd5  __aeabi_memclr                
00001cd5  __aeabi_memclr4               
00001cd5  __aeabi_memclr8               
00001cd7  __aeabi_memset                
00001cd7  __aeabi_memset4               
00001cd7  __aeabi_memset8               
00001cdd  memset                        
00001d4f  __TI_decompress_lzss          
00001db7  __aeabi_idiv0                 
00001db7  __aeabi_ldiv0                 
00001db9  __TI_auto_init_nobinit_nopinit
00001dfd  __aeabi_uidiv                 
00001dfd  __aeabi_uidivmod              
00001e3d  _c_int00_noargs               
00001e71  __TI_decompress_none          
00001e7f  __TI_zero_init                
00001e8b  ResetISR                      
00001e97  _system_pre_init              
00001e9b  C$$EXIT                       
00001e9b  abort                         
00001eaa  LCD_init_sequense             
00001eb8  __TI_Handler_Table_Base       
00001ec4  __TI_Handler_Table_Limit      
00001ed8  __TI_CINIT_Base               
00001ee8  __TI_CINIT_Limit              
20000000  __start___llvm_prf_cnts       
20000000  __stop___llvm_prf_cnts        
20000000  poq                           
20000840  pos                           
20000900  pot                           
200009c0  pof                           
20000a08  LCD_init                      
20000a09  current_task                  
20000a0a  hour                          
20000a0b  min                           
20000a0c  sec                           
20000a10  __stack                       
20000c10  __STACK_END                   
20000c10  __STACK_TOP                   
20000c10  ticks                         
20000c14  LCD_state                     
ffffffff  __TI_pprof_out_hndl           
ffffffff  __TI_prof_data_size           
ffffffff  __TI_prof_data_start          
ffffffff  __binit__                     
ffffffff  __c_args__                    
ffffffff  binit                         
UNDEFED   __mpu_init                    
UNDEFED   _system_post_cinit            

[133 symbols]
